 ui_mp_x86

 Timestamp is 4f8e6d02 (Wed Apr 18 09:28:02 2012)

 Preferred load address is 40000000

 Start         Length     Name                   Class
 0001:00000000 0008ab6aH .text                   CODE
 0001:0008ab70 00000109H .text$x                 CODE
 0002:00000000 00000148H .idata$5                DATA
 0002:00000148 00000004H .CRT$XCA                DATA
 0002:0000014c 00000004H .CRT$XCZ                DATA
 0002:00000150 00000004H .CRT$XIA                DATA
 0002:00000154 00000014H .CRT$XIC                DATA
 0002:00000168 00000004H .CRT$XIZ                DATA
 0002:0000016c 00000004H .CRT$XPA                DATA
 0002:00000170 00000008H .CRT$XPX                DATA
 0002:00000178 00000004H .CRT$XPXA               DATA
 0002:0000017c 00000004H .CRT$XPZ                DATA
 0002:00000180 00000004H .CRT$XTA                DATA
 0002:00000184 00000004H .CRT$XTZ                DATA
 0002:00000190 000183d8H .rdata                  DATA
 0002:00018568 00000038H .rdata$debug            DATA
 0002:000185a0 000001c4H .rdata$r                DATA
 0002:00018770 0000002cH .rdata$sxdata           DATA
 0002:0001879c 00000004H .rtc$IAA                DATA
 0002:000187a0 00000038H .rtc$IMZ                DATA
 0002:000187d8 00000004H .rtc$IZZ                DATA
 0002:000187dc 00000004H .rtc$TAA                DATA
 0002:000187e0 00000038H .rtc$TMZ                DATA
 0002:00018818 00000004H .rtc$TZZ                DATA
 0002:00018820 00000ac8H .xdata$x                DATA
 0002:000192e8 00000014H .idata$2                DATA
 0002:000192fc 00000014H .idata$3                DATA
 0002:00019310 00000148H .idata$4                DATA
 0002:00019458 000005eaH .idata$6                DATA
 0002:00019a50 0000005aH .edata                  DATA
 0003:00000000 00008b34H .data                   DATA
 0003:00008b40 0065524cH .bss                    DATA

  Address         Publics by Value              Rva+Base       Lib:Object

 0000:00000000       __except_list              00000000     <absolute>
 0000:0000000b       ___safe_se_handler_count   0000000b     <absolute>
 0000:00000000       ___ImageBase               40000000     <linker-defined>
 0001:00000000       _BG_AnimParseError         40001000 f   bg_animation.obj
 0001:000000f0       _BG_AnimationForString     400010f0 f   bg_animation.obj
 0001:000001b0       _BG_IndexForString         400011b0 f   bg_animation.obj
 0001:00000280       _BG_CopyStringIntoBuffer   40001280 f   bg_animation.obj
 0001:00000320       _BG_InitWeaponStrings      40001320 f   bg_animation.obj
 0001:00000420       _BG_ParseConditionBits     40001420 f   bg_animation.obj
 0001:00000830       _BG_ParseConditions        40001830 f   bg_animation.obj
 0001:00000ac0       _BG_AnimParseAnimScript    40001ac0 f   bg_animation.obj
 0001:00001b20       _BG_EvaluateConditions     40002b20 f   bg_animation.obj
 0001:00001c60       _BG_FirstValidItem         40002c60 f   bg_animation.obj
 0001:00001cf0       _BG_ClearAnimTimer         40002cf0 f   bg_animation.obj
 0001:00001d60       _BG_PlayAnim               40002d60 f   bg_animation.obj
 0001:00001ef0       _BG_PlayAnimName           40002ef0 f   bg_animation.obj
 0001:00001f60       _BG_ExecuteCommand         40002f60 f   bg_animation.obj
 0001:00002120       _BG_AnimScriptAnimation    40003120 f   bg_animation.obj
 0001:000022a0       _BG_AnimScriptCannedAnimation 400032a0 f   bg_animation.obj
 0001:000023b0       _BG_AnimScriptEvent        400033b0 f   bg_animation.obj
 0001:000024a0       _BG_GetAnimString          400034a0 f   bg_animation.obj
 0001:00002500       _BG_UpdateConditionValue   40003500 f   bg_animation.obj
 0001:000025d0       _BG_GetConditionValue      400035d0 f   bg_animation.obj
 0001:000026b0       _BG_GetConditionBitFlag    400036b0 f   bg_animation.obj
 0001:00002740       _BG_SetConditionBitFlag    40003740 f   bg_animation.obj
 0001:000027a0       _BG_ClearConditionBitFlag  400037a0 f   bg_animation.obj
 0001:00002800       _BG_GetAnimScriptAnimation 40003800 f   bg_animation.obj
 0001:000028f0       _BG_GetAnimScriptEvent     400038f0 f   bg_animation.obj
 0001:000029e0       _BG_GetAnimationForIndex   400039e0 f   bg_animation.obj
 0001:00002a50       _BG_AnimUpdatePlayerStateConditions 40003a50 f   bg_animation.obj
 0001:00002d10       _BG_ClearAnimationPool     40003d10 f   bg_animgroup.obj
 0001:00002d60       _BG_R_RegisterAnimationGroup 40003d60 f   bg_animgroup.obj
 0001:00003630       _BG_LoadCampaignSave       40004630 f   bg_campaign.obj
 0001:00003860       _BG_ParseCharacterFile     40004860 f   bg_character.obj
 0001:00003e00       _BG_GetCharacter           40004e00 f   bg_character.obj
 0001:00003e60       _BG_GetCharacterForPlayerstate 40004e60 f   bg_character.obj
 0001:00003ed0       _BG_ClearCharacterPool     40004ed0 f   bg_character.obj
 0001:00003f30       _BG_FindFreeCharacter      40004f30 f   bg_character.obj
 0001:00004020       _BG_FindCharacter          40005020 f   bg_character.obj
 0001:000040b0       _BG_GetPlayerClassInfo     400050b0 f   bg_classes.obj
 0001:00004120       _BG_PlayerClassForPlayerState 40005120 f   bg_classes.obj
 0001:00004170       _BG_ClassHasWeapon         40005170 f   bg_classes.obj
 0001:000041e0       _BG_WeaponIsPrimaryForClassAndTeam 400051e0 f   bg_classes.obj
 0001:00004280       _BG_ShortClassnameForNumber 40005280 f   bg_classes.obj
 0001:00004300       _BG_ClassnameForNumber     40005300 f   bg_classes.obj
 0001:00004380       _BG_ClassnameForNumber_Filename 40005380 f   bg_classes.obj
 0001:00004400       _BG_ClassLetterForNumber   40005400 f   bg_classes.obj
 0001:00004480       _BG_ClassSkillForClass     40005480 f   bg_classes.obj
 0001:00004530       _BG_StringHashValue        40005530 f   bg_misc.obj
 0001:000045e0       _BG_StringHashValue_Lwr    400055e0 f   bg_misc.obj
 0001:00004660       _BG_GetFromTable           40005660 f   bg_misc.obj
 0001:00004700       _BG_FindItemForWeapon      40005700 f   bg_misc.obj
 0001:000047c0       _BG_FindClipForWeapon      400057c0 f   bg_misc.obj
 0001:00004830       _Init_FindClipForWeapon    40005830 f   bg_misc.obj
 0001:000048a0       _BG_FindAmmoForWeapon      400058a0 f   bg_misc.obj
 0001:00004910       _Init_FindAmmoForWeapon    40005910 f   bg_misc.obj
 0001:00004980       _BG_AkimboFireSequence     40005980 f   bg_misc.obj
 0001:000049f0       _BG_IsAkimboSideArm        400059f0 f   bg_misc.obj
 0001:00004a80       _BG_AkimboSidearm          40005a80 f   bg_misc.obj
 0001:00004b20       _BG_FindItemForAmmo        40005b20 f   bg_misc.obj
 0001:00004bc0       _BG_FindItem               40005bc0 f   bg_misc.obj
 0001:00004c30       _BG_FindItemForClassName   40005c30 f   bg_misc.obj
 0001:00004d50       _BG_PlayerTouchesItem      40005d50 f   bg_misc.obj
 0001:00004e80       _SkillForClass             40005e80 f   bg_misc.obj
 0001:00004f10       _BG_GrenadesForClass       40005f10 f   bg_misc.obj
 0001:00004fc0       _BG_GrenadeTypeForTeam     40005fc0 f   bg_misc.obj
 0001:00005020       _BG_AddMagicAmmo           40006020 f   bg_misc.obj
 0001:000057d0       _BG_CanItemBeGrabbed       400067d0 f   bg_misc.obj
 0001:00005bd0       _BG_CalculateSpline_r      40006bd0 f   bg_misc.obj
 0001:00005f30       _BG_TraverseSpline         40006f30 f   bg_misc.obj
 0001:00006070       _BG_RaySphereIntersection  40007070 f   bg_misc.obj
 0001:000061c0       _BG_LinearPathOrigin2      400071c0 f   bg_misc.obj
 0001:00006640       _BG_ComputeSegments        40007640 f   bg_misc.obj
 0001:00006930       _BG_EvaluateTrajectory     40007930 f   bg_misc.obj
 0001:00007a40       _BG_EvaluateTrajectoryDelta 40008a40 f   bg_misc.obj
 0001:00007e50       _BG_GetMarkDir             40008e50 f   bg_misc.obj
 0001:00008050       _BG_AddPredictableEventToPlayerstate 40009050 f   bg_misc.obj
 0001:00008160       _BG_GetPrimaryWeaponForPlayerState 40009160 f   bg_misc.obj
 0001:00008470       _BG_PlayerStateToEntityState 40009470 f   bg_misc.obj
 0001:00008a30       _BG_DuplicateWeapon        40009a30 f   bg_misc.obj
 0001:00008b00       _BG_ValidStatWeapon        40009b00 f   bg_misc.obj
 0001:00008be0       _BG_Find_PathCorner        40009be0 f   bg_misc.obj
 0001:00008c60       _BG_AddPathCorner          40009c60 f   bg_misc.obj
 0001:00008d20       _BG_Find_Spline            40009d20 f   bg_misc.obj
 0001:00008db0       _BG_AddSplinePath          40009db0 f   bg_misc.obj
 0001:00008eb0       _BG_AddSplineControl       40009eb0 f   bg_misc.obj
 0001:00008f40       _BG_SplineLength           40009f40 f   bg_misc.obj
 0001:000090d0       _BG_BuildSplinePaths       4000a0d0 f   bg_misc.obj
 0001:000092b0       _BG_GetSplineData          4000a2b0 f   bg_misc.obj
 0001:00009320       _BG_ExtraAmmoForWeapon     4000a320 f   bg_misc.obj
 0001:00009580       _BG_MaxAmmoForWeapon       4000a580 f   bg_misc.obj
 0001:00009690       _BG_CreateRotationMatrix   4000a690 f   bg_misc.obj
 0001:000096f0       _BG_RotatePoint            4000a6f0 f   bg_misc.obj
 0001:000097e0       _PC_SourceWarning          4000a7e0 f   bg_misc.obj
 0001:000098e0       _PC_SourceError            4000a8e0 f   bg_misc.obj
 0001:000099e0       _PC_Float_Parse            4000a9e0 f   bg_misc.obj
 0001:00009b00       _PC_Color_Parse            4000ab00 f   bg_misc.obj
 0001:00009ba0       _PC_Vec_Parse              4000aba0 f   bg_misc.obj
 0001:00009c40       _PC_Int_Parse              4000ac40 f   bg_misc.obj
 0001:00009d60       _PC_String_Parse           4000ad60 f   bg_misc.obj
 0001:00009e10       _PC_String_ParseNoAlloc    4000ae10 f   bg_misc.obj
 0001:00009ec0       _WeaponStatsName           4000aec0 f   bg_misc.obj
 0001:00009f30       _BG_simpleWeaponState      4000af30 f   bg_misc.obj
 0001:00009fb0       _BG_drawStrlen             4000afb0 f   bg_misc.obj
 0001:0000a030       _BG_cleanName              4000b030 f   bg_misc.obj
 0001:0000a110       _BG_setCrosshair           4000b110 f   bg_misc.obj
 0001:0000a730       _BG_isLightWeaponSupportingFastReload 4000b730 f   bg_misc.obj
 0001:0000a7e0       _BG_InitLocations          4000b7e0 f   bg_misc.obj
 0001:0000a930       _BG_GetLocationString      4000b930 f   bg_misc.obj
 0001:0000a9e0       _BG_ClipVelocity           4000b9e0 f   bg_misc.obj
 0001:0000aa90       _BG_BBoxCollision          4000ba90 f   bg_misc.obj
 0001:0000ab50       _BG_FootstepForSurface     4000bb50 f   bg_misc.obj
 0001:0000ac20       _BG_ChargeUsage            4000bc20 f   bg_misc.obj
 0001:0000ae20       _BG_CheckCharge            4000be20 f   bg_misc.obj
 0001:0000b3b0       _Q_vsnprintf               4000c3b0 f   bg_misc.obj
 0001:0000b420       _Q_rand                    4000c420 f   q_math.obj
 0001:0000b460       _Q_random                  4000c460 f   q_math.obj
 0001:0000b4d0       _Q_crandom                 4000c4d0 f   q_math.obj
 0001:0000b530       _ClampChar                 4000c530 f   q_math.obj
 0001:0000b570       _ClampShort                4000c570 f   q_math.obj
 0001:0000b5c0       _DirToByte                 4000c5c0 f   q_math.obj
 0001:0000b640       _ByteToDir                 4000c640 f   q_math.obj
 0001:0000b6e0       _DirToByte2                4000c6e0 f   q_math.obj
 0001:0000b7a0       _ByteToDir2                4000c7a0 f   q_math.obj
 0001:0000b830       _ColorBytes3               4000c830 f   q_math.obj
 0001:0000b910       _ColorBytes4               4000c910 f   q_math.obj
 0001:0000ba30       _NormalizeColor            4000ca30 f   q_math.obj
 0001:0000baf0       _PlaneFromPoints           4000caf0 f   q_math.obj
 0001:0000bc30       _RotatePointAroundVector   4000cc30 f   q_math.obj
 0001:0000c1a0       _RotatePointAroundVertex   4000d1a0 f   q_math.obj
 0001:0000c3b0       _RotateAroundDirection     4000d3b0 f   q_math.obj
 0001:0000c4a0       _vectoangles               4000d4a0 f   q_math.obj
 0001:0000c630       _AnglesToAxis              4000d630 f   q_math.obj
 0001:0000c700       _AxisClear                 4000d700 f   q_math.obj
 0001:0000c770       _AxisCopy                  4000d770 f   q_math.obj
 0001:0000c800       _ProjectPointOnPlane       4000d800 f   q_math.obj
 0001:0000c940       _MakeNormalVectors         4000d940 f   q_math.obj
 0001:0000ca30       _VectorRotate              4000da30 f   q_math.obj
 0001:0000cae0       _Q_rsqrt                   4000dae0 f   q_math.obj
 0001:0000cb50       _Q_fabs                    4000db50 f   q_math.obj
 0001:0000cb90       _myftol                    4000db90 f   q_math.obj
 0001:0000cbd0       _LerpAngle                 4000dbd0 f   q_math.obj
 0001:0000cc50       _LerpPosition              4000dc50 f   q_math.obj
 0001:0000cd30       _AngleSubtract             4000dd30 f   q_math.obj
 0001:0000cda0       _AnglesSubtract            4000dda0 f   q_math.obj
 0001:0000ce40       _AngleMod                  4000de40 f   q_math.obj
 0001:0000ceb0       _AngleNormalize2Pi         4000deb0 f   q_math.obj
 0001:0000cf30       _AngleNormalize360         4000df30 f   q_math.obj
 0001:0000cfa0       _AngleNormalizeInt         4000dfa0 f   q_math.obj
 0001:0000d000       _AngleNormalize180         4000e000 f   q_math.obj
 0001:0000d070       _AngleDelta                4000e070 f   q_math.obj
 0001:0000d0c0       _SetPlaneSignbits          4000e0c0 f   q_math.obj
 0001:0000d140       _BoxOnPlaneSide            4000e140 f   q_math.obj
 0001:0000d1e0       _BoxOnPlaneSide_fast       4000e1e0 f i q_math.obj
 0001:0000d420       _RadiusFromBounds          4000e420 f   q_math.obj
 0001:0000d520       _ClearBounds               4000e520 f   q_math.obj
 0001:0000d590       _AddPointToBounds          4000e590 f   q_math.obj
 0001:0000d680       _PointInBounds             4000e680 f   q_math.obj
 0001:0000d740       _VectorCompare             4000e740 f   q_math.obj
 0001:0000d7b0       _VectorNormalize           4000e7b0 f   q_math.obj
 0001:0000d860       _VectorNormalizeFast       4000e860 f   q_math.obj
 0001:0000d900       _VectorNormalize2          4000e900 f   q_math.obj
 0001:0000d9d0       __VectorMA                 4000e9d0 f   q_math.obj
 0001:0000da40       __DotProduct               4000ea40 f   q_math.obj
 0001:0000daa0       __VectorSubtract           4000eaa0 f   q_math.obj
 0001:0000db00       __VectorAdd                4000eb00 f   q_math.obj
 0001:0000db60       __VectorCopy               4000eb60 f   q_math.obj
 0001:0000dbb0       __VectorScale              4000ebb0 f   q_math.obj
 0001:0000dc00       __MatrixMultiply           4000ec00 f   q_math.obj
 0001:0000ddc0       _CrossProduct              4000edc0 f   q_math.obj
 0001:0000de40       _VectorLength              4000ee40 f   q_math.obj
 0001:0000dec0       _VectorLengthSquared       4000eec0 f   q_math.obj
 0001:0000df20       _Distance                  4000ef20 f   q_math.obj
 0001:0000dfd0       _DistanceSquared           4000efd0 f   q_math.obj
 0001:0000e080       _VectorInverse             4000f080 f   q_math.obj
 0001:0000e0d0       _Vector4Scale              4000f0d0 f   q_math.obj
 0001:0000e130       _Q_log2                    4000f130 f   q_math.obj
 0001:0000e180       _MatrixTranspose           4000f180 f   q_math.obj
 0001:0000e210       _AngleVectors              4000f210 f   q_math.obj
 0001:0000e3b0       _PerpendicularVector       4000f3b0 f   q_math.obj
 0001:0000e500       _GetPerpendicularViewVector 4000f500 f   q_math.obj
 0001:0000e620       _ProjectPointOntoVector    4000f620 f   q_math.obj
 0001:0000e760       _ProjectPointOntoVectorBounded 4000f760 f   q_math.obj
 0001:0000e9e0       _DistanceFromLineSquared   4000f9e0 f   q_math.obj
 0001:0000ec00       _DistanceFromVectorSquared 4000fc00 f   q_math.obj
 0001:0000ecd0       _vectoyaw                  4000fcd0 f   q_math.obj
 0001:0000edc0       _AxisToAngles              4000fdc0 f   q_math.obj
 0001:0000ef60       _VectorDistance            4000ff60 f   q_math.obj
 0001:0000f010       _VectorDistanceSquared     40010010 f   q_math.obj
 0001:0000f0c0       _rint                      400100c0 f   q_math.obj
 0001:0000f100       _Com_Clamp                 40010100 f   q_shared.obj
 0001:0000f150       _COM_FixPath               40010150 f   q_shared.obj
 0001:0000f1a0       _COM_SkipPath              400101a0 f   q_shared.obj
 0001:0000f200       _COM_StripExtensionSafe    40010200 f   q_shared.obj
 0001:0000f2a0       _COM_StripFilename         400102a0 f   q_shared.obj
 0001:0000f310       _COM_DefaultExtension      40010310 f   q_shared.obj
 0001:0000f400       _COM_BitCheck              40010400 f   q_shared.obj
 0001:0000f460       _COM_BitSet                40010460 f   q_shared.obj
 0001:0000f4c0       _COM_BitClear              400104c0 f   q_shared.obj
 0001:0000f520       _LittleShort               40010520 f   q_shared.obj
 0001:0000f570       _LittleLong                40010570 f   q_shared.obj
 0001:0000f5c0       _LittleLong64              400105c0 f   q_shared.obj
 0001:0000f610       _LittleFloat               40010610 f   q_shared.obj
 0001:0000f660       _BigShort                  40010660 f   q_shared.obj
 0001:0000f6b0       _BigLong                   400106b0 f   q_shared.obj
 0001:0000f700       _BigLong64                 40010700 f   q_shared.obj
 0001:0000f750       _BigFloat                  40010750 f   q_shared.obj
 0001:0000f7a0       _ShortSwap                 400107a0 f   q_shared.obj
 0001:0000f7f0       _ShortNoSwap               400107f0 f   q_shared.obj
 0001:0000f820       _LongSwap                  40010820 f   q_shared.obj
 0001:0000f8a0       _LongNoSwap                400108a0 f   q_shared.obj
 0001:0000f8d0       _Long64Swap                400108d0 f   q_shared.obj
 0001:0000f960       _Long64NoSwap              40010960 f   q_shared.obj
 0001:0000f990       _FloatSwap                 40010990 f   q_shared.obj
 0001:0000fa20       _FloatNoSwap               40010a20 f   q_shared.obj
 0001:0000fa50       _Swap_Init                 40010a50 f   q_shared.obj
 0001:0000fb60       _COM_BeginParseSession     40010b60 f   q_shared.obj
 0001:0000fbc0       _COM_BackupParseSession    40010bc0 f   q_shared.obj
 0001:0000fc00       _COM_RestoreParseSession   40010c00 f   q_shared.obj
 0001:0000fc40       _COM_SetCurrentParseLine   40010c40 f   q_shared.obj
 0001:0000fc70       _COM_GetCurrentParseLine   40010c70 f   q_shared.obj
 0001:0000fca0       _COM_Parse                 40010ca0 f   q_shared.obj
 0001:0000fce0       _COM_ParseError            40010ce0 f   q_shared.obj
 0001:0000fd60       _COM_ParseWarning          40010d60 f   q_shared.obj
 0001:0000fde0       _COM_Compress              40010de0 f   q_shared.obj
 0001:0000ff80       _COM_ParseExt              40010f80 f   q_shared.obj
 0001:00010370       _COM_MatchToken            40011370 f   q_shared.obj
 0001:000103e0       _SkipBracedSection_Depth   400113e0 f   q_shared.obj
 0001:00010470       _SkipBracedSection         40011470 f   q_shared.obj
 0001:00010500       _SkipRestOfLine            40011500 f   q_shared.obj
 0001:00010590       _Parse1DMatrix             40011590 f   q_shared.obj
 0001:00010630       _Parse2DMatrix             40011630 f   q_shared.obj
 0001:000106c0       _Parse3DMatrix             400116c0 f   q_shared.obj
 0001:00010760       _Com_ParseInfos            40011760 f   q_shared.obj
 0001:00010910       _Q_isprint                 40011910 f   q_shared.obj
 0001:00010950       _Q_islower                 40011950 f   q_shared.obj
 0001:00010990       _Q_isupper                 40011990 f   q_shared.obj
 0001:000109d0       _Q_isalpha                 400119d0 f   q_shared.obj
 0001:00010a20       _Q_isnumeric               40011a20 f   q_shared.obj
 0001:00010a60       _Q_isalphanumeric          40011a60 f   q_shared.obj
 0001:00010ac0       _Q_isforfilename           40011ac0 f   q_shared.obj
 0001:00010b20       _Q_strrchr                 40011b20 f   q_shared.obj
 0001:00010ba0       _Q_strncpyz                40011ba0 f   q_shared.obj
 0001:00010c20       _Q_stricmpn                40011c20 f   q_shared.obj
 0001:00010cf0       _Q_strncmp                 40011cf0 f   q_shared.obj
 0001:00010d80       _Q_stricmp                 40011d80 f   q_shared.obj
 0001:00010df0       _Q_strlwr                  40011df0 f   q_shared.obj
 0001:00010e60       _Q_strupr                  40011e60 f   q_shared.obj
 0001:00010ed0       _Q_strCapitalize           40011ed0 f   q_shared.obj
 0001:00010f30       _Q_strcat                  40011f30 f   q_shared.obj
 0001:00010fb0       _Q_PrintStrlen             40011fb0 f   q_shared.obj
 0001:00011040       _Q_CleanStr                40012040 f   q_shared.obj
 0001:000110f0       _Q_isBadDirChar            400120f0 f   q_shared.obj
 0001:000111f0       _Q_CleanDirName            400121f0 f   q_shared.obj
 0001:00011290       _Com_sprintf               40012290 f   q_shared.obj
 0001:00011310       _va                        40012310 f   q_shared.obj
 0001:000113f0       _tv                        400123f0 f   q_shared.obj
 0001:00011460       _Info_ValueForKey          40012460 f   q_shared.obj
 0001:00011650       _Info_NextPair             40012650 f   q_shared.obj
 0001:00011760       _Info_RemoveKey            40012760 f   q_shared.obj
 0001:00011960       _Info_RemoveKey_Big        40012960 f   q_shared.obj
 0001:00011b50       _Info_Validate             40012b50 f   q_shared.obj
 0001:00011bc0       _Info_SetValueForKey       40012bc0 f   q_shared.obj
 0001:00011da0       _Info_SetValueForKey_Big   40012da0 f   q_shared.obj
 0001:00011f80       _Q_StrReplace              40012f80 f   q_shared.obj
 0001:000121d0       _Com_DPrintf               400131d0 f   ui_atoms.obj
 0001:000122b0       _Com_Error                 400132b0 f   ui_atoms.obj
 0001:00012370       _Com_Printf                40013370 f   ui_atoms.obj
 0001:00012430       _UI_ClampCvar              40013430 f   ui_atoms.obj
 0001:00012480       _UI_Argv                   40013480 f   ui_atoms.obj
 0001:000124d0       _UI_Cvar_VariableString    400134d0 f   ui_atoms.obj
 0001:00012540       _UI_ConsoleCommand         40013540 f   ui_atoms.obj
 0001:000127f0       _UI_Shutdown               400137f0 f   ui_atoms.obj
 0001:00012820       _UI_AdjustFrom640          40013820 f   ui_atoms.obj
 0001:000128d0       _UI_DrawNamedPic           400138d0 f   ui_atoms.obj
 0001:00012970       _UI_DrawHandlePic          40013970 f   ui_atoms.obj
 0001:00012a60       _UI_DrawRotatedPic         40013a60 f   ui_atoms.obj
 0001:00012b00       _UI_FillRect               40013b00 f   ui_atoms.obj
 0001:00012bb0       _UI_DrawSides              40013bb0 f   ui_atoms.obj
 0001:00012ca0       _UI_DrawTopBottom          40013ca0 f   ui_atoms.obj
 0001:00012d90       _UI_DrawRect               40013d90 f   ui_atoms.obj
 0001:00012e20       _UI_SetColor               40013e20 f   ui_atoms.obj
 0001:00012e60       _UI_UpdateScreen           40013e60 f   ui_atoms.obj
 0001:00012ea0       _UI_DrawTextBox            40013ea0 f   ui_atoms.obj
 0001:00012fb0       _UI_CursorInRect           40013fb0 f   ui_atoms.obj
 0001:00013010       _UI_ParseInfos             40014010 f   ui_gameinfo.obj
 0001:00013250       _UI_SortArenas             40014250 f   ui_gameinfo.obj
 0001:00013380       _UI_LoadArenas             40014380 f   ui_gameinfo.obj
 0001:00013bf0       _UI_FindMapInfoByMapname   40014bf0 f   ui_gameinfo.obj
 0001:00013c80       _UI_DescriptionForCampaign 40014c80 f   ui_gameinfo.obj
 0001:00013da0       _UI_NameForCampaign        40014da0 f   ui_gameinfo.obj
 0001:00013ec0       _UI_FindCampaignInCampaignList 40014ec0 f   ui_gameinfo.obj
 0001:00013f50       _UI_SortCampaigns          40014f50 f   ui_gameinfo.obj
 0001:00014090       _UI_LoadCampaigns          40015090 f   ui_gameinfo.obj
 0001:00014ca0       _UI_DrawLoadPanel          40015ca0 f   ui_loadpanel.obj
 0001:00014dd0       _Downloading               40015dd0 f   ui_loadpanel.obj
 0001:00014eb0       _UI_LoadPanel_RenderDownloadingBarBg 40015eb0 f   ui_loadpanel.obj
 0001:00014f00       _UI_LoadPanel_DownloadingBarText 40015f00 f   ui_loadpanel.obj
 0001:00015080       _UI_LoadPanel_RenderDownloadingBar 40016080 f   ui_loadpanel.obj
 0001:00015210       _UI_LoadPanel_RenderPercentageMeter 40016210 f   ui_loadpanel.obj
 0001:00015360       _MiniAngleToAxis           40016360 f   ui_loadpanel.obj
 0001:000153f0       _SetupRotatedThing         400163f0 f   ui_loadpanel.obj
 0001:000155e0       _UI_LoadPanel_RenderHeaderText 400165e0 f   ui_loadpanel.obj
 0001:000156e0       _UI_DownloadInfo           400166e0 f   ui_loadpanel.obj
 0001:00015a60       _UI_LoadPanel_RenderLoadingText 40016a60 f   ui_loadpanel.obj
 0001:00015fd0       _vmMain                    40016fd0 f   ui_main.obj
 0001:00016150       _AssetCache                40017150 f   ui_main.obj
 0001:00016360       __UI_DrawSides             40017360 f   ui_main.obj
 0001:00016450       __UI_DrawTopBottom         40017450 f   ui_main.obj
 0001:00016540       __UI_DrawRect              40017540 f   ui_main.obj
 0001:000165e0       _Text_SetActiveFont        400175e0 f   ui_main.obj
 0001:00016610       _Text_Width_Ext            40017610 f   ui_main.obj
 0001:00016720       _Text_Width                40017720 f   ui_main.obj
 0001:00016780       _Multiline_Text_Width      40017780 f   ui_main.obj
 0001:00016930       _Text_Height_Ext           40017930 f   ui_main.obj
 0001:00016a50       _Text_Height               40017a50 f   ui_main.obj
 0001:00016ab0       _Multiline_Text_Height     40017ab0 f   ui_main.obj
 0001:00016c70       _Text_PaintCharExt         40017c70 f   ui_main.obj
 0001:00016d10       _Text_PaintChar            40017d10 f   ui_main.obj
 0001:00016db0       _Text_Paint_Ext            40017db0 f   ui_main.obj
 0001:00017140       _Text_Paint                40018140 f   ui_main.obj
 0001:000171d0       _Text_AutoWrap_Paint_Chunk 400181d0 f   ui_main.obj
 0001:00017600       _Count_Text_AutoWrap_Paint 40018600 f   ui_main.obj
 0001:000176b0       _Text_AutoWrap_Paint       400186b0 f   ui_main.obj
 0001:00017890       _Text_PaintWithCursor      40018890 f   ui_main.obj
 0001:00017cd0       _UI_ShowPostGame           40018cd0 f   ui_main.obj
 0001:00017d40       _UI_DrawCenteredPic        40018d40 f   ui_main.obj
 0001:00017dc0       __UI_Refresh               40018dc0 f   ui_main.obj
 0001:00018010       __UI_Shutdown              40019010 f   ui_main.obj
 0001:00018050       _GetMenuBuffer             40019050 f   ui_main.obj
 0001:00018160       _Asset_Parse               40019160 f   ui_main.obj
 0001:000186b0       _UI_Report                 400196b0 f   ui_main.obj
 0001:000186f0       _UI_ParseMenu              400196f0 f   ui_main.obj
 0001:00018850       _Load_Menu                 40019850 f   ui_main.obj
 0001:00018950       _UI_LoadMenus              40019950 f   ui_main.obj
 0001:00018b20       _UI_Load                   40019b20 f   ui_main.obj
 0001:00018c50       _UI_DrawMapPreview         40019c50 f   ui_main.obj
 0001:00019ad0       _UI_DrawNetMapPreview      4001aad0 f   ui_main.obj
 0001:00019b80       _UI_DrawCampaignDescription 4001ab80 f   ui_main.obj
 0001:0001a000       _UI_DrawGametypeDescription 4001b000 f   ui_main.obj
 0001:0001a450       _UI_OwnerDrawVisible       4001b450 f   ui_main.obj
 0001:0001a8f0       _UI_ServersSort            4001b8f0 f   ui_main.obj
 0001:0001a9c0       _UI_SortMods               4001b9c0 f   ui_main.obj
 0001:0001aa60       _WM_setItemPic             4001ba60 f   ui_main.obj
 0001:0001aae0       _WM_setVisibility          4001bae0 f   ui_main.obj
 0001:0001ab60       _UI_CheckExecKey           4001bb60 f   ui_main.obj
 0001:0001ac00       _WM_ActivateLimboChat      4001bc00 f   ui_main.obj
 0001:0001acc0       _UI_Update                 4001bcc0 f   ui_main.obj
 0001:0001b040       _UI_RunMenuScript          4001c040 f   ui_main.obj
 0001:00022750       _UI_FeederItemText         40023750 f   ui_main.obj
 0001:00023c50       _UI_FeederSelectionClick   40024c50 f   ui_main.obj
 0001:00024270       __UI_Init                  40025270 f   ui_main.obj
 0001:0002a0c0       __UI_KeyEvent              4002b0c0 f   ui_main.obj
 0001:0002a1b0       __UI_MouseEvent            4002b1b0 f   ui_main.obj
 0001:0002a270       _UI_LoadNonIngame          4002b270 f   ui_main.obj
 0001:0002a2f0       __UI_GetActiveMenu         4002b2f0 f   ui_main.obj
 0001:0002a320       __UI_SetActiveMenu         4002b320 f   ui_main.obj
 0001:0002a980       __UI_IsFullscreen          4002b980 f   ui_main.obj
 0001:0002a9c0       _UI_ReadableSize           4002b9c0 f   ui_main.obj
 0001:0002ab40       _UI_PrintTime              4002bb40 f   ui_main.obj
 0001:0002ac10       _Text_PaintCenter          4002bc10 f   ui_main.obj
 0001:0002acb0       _UI_DrawConnectScreen      4002bcb0 f   ui_main.obj
 0001:0002ae20       _UI_RegisterCvars          4002be20 f   ui_main.obj
 0001:0002af10       _UI_UpdateCvars            4002bf10 f   ui_main.obj
 0001:0002b420       _UI_Campaign_f             4002c420 f   ui_main.obj
 0001:0002b600       _UI_ListCampaigns_f        4002c600 f   ui_main.obj
 0001:0002b700       _RestoreYcoords            4002c700 f   ui_shared.obj
 0001:0002b810       _BackupYcoords             4002c810 f   ui_shared.obj
 0001:0002b920       _Cui_WideRect              4002c920 f   ui_shared.obj
 0001:0002ba00       _Cui_WideX                 4002ca00 f   ui_shared.obj
 0001:0002ba80       _Cui_WideXoffset           4002ca80 f   ui_shared.obj
 0001:0002bb10       _Tooltip_Initialize        4002cb10 f   ui_shared.obj
 0001:0002bc40       _Tooltip_ComputePosition   4002cc40 f   ui_shared.obj
 0001:0002be10       _UI_Alloc                  4002ce10 f   ui_shared.obj
 0001:0002beb0       _UI_InitMemory             4002ceb0 f   ui_shared.obj
 0001:0002bef0       _UI_OutOfMemory            4002cef0 f   ui_shared.obj
 0001:0002bf20       _String_Alloc              4002cf20 f   ui_shared.obj
 0001:0002c130       _String_Report             4002d130 f   ui_shared.obj
 0001:0002c200       _String_Init               4002d200 f   ui_shared.obj
 0001:0002c2b0       _LerpColor                 4002d2b0 f   ui_shared.obj
 0001:0002c360       _Float_Parse               4002d360 f   ui_shared.obj
 0001:0002c3d0       _Color_Parse               4002d3d0 f   ui_shared.obj
 0001:0002c480       _Int_Parse                 4002d480 f   ui_shared.obj
 0001:0002c4f0       _Rect_Parse                4002d4f0 f   ui_shared.obj
 0001:0002c590       _String_Parse              4002d590 f   ui_shared.obj
 0001:0002c600       _PC_Char_Parse             4002d600 f   ui_shared.obj
 0001:0002c6a0       _PC_Script_Parse           4002d6a0 f   ui_shared.obj
 0001:0002c850       _Init_Display              4002d850 f   ui_shared.obj
 0001:0002c880       _GradientBar_Paint         4002d880 f   ui_shared.obj
 0001:0002c930       _Window_Init               4002d930 f   ui_shared.obj
 0001:0002c9b0       _Fade                      4002d9b0 f   ui_shared.obj
 0001:0002ca90       _Window_Paint              4002da90 f   ui_shared.obj
 0001:0002d210       _Item_SetScreenCoords      4002e210 f   ui_shared.obj
 0001:0002d330       _Item_UpdatePosition       4002e330 f   ui_shared.obj
 0001:0002d3b0       _Menu_UpdatePosition       4002e3b0 f   ui_shared.obj
 0001:0002d6f0       _Menu_PostParse            4002e6f0 f   ui_shared.obj
 0001:0002d770       _Menu_ClearFocus           4002e770 f   ui_shared.obj
 0001:0002d8b0       _IsVisible                 4002e8b0 f   ui_shared.obj
 0001:0002d910       _Rect_ContainsPoint        4002e910 f   ui_shared.obj
 0001:0002d9c0       _Menu_ItemsMatchingGroup   4002e9c0 f   ui_shared.obj
 0001:0002db20       _Menu_GetMatchingItemByNumber 4002eb20 f   ui_shared.obj
 0001:0002dcb0       _Script_SetColor           4002ecb0 f   ui_shared.obj
 0001:0002de10       _Script_SetAsset           4002ee10 f   ui_shared.obj
 0001:0002de80       _Script_SetBackground      4002ee80 f   ui_shared.obj
 0001:0002df20       _Menu_FindItemByName       4002ef20 f   ui_shared.obj
 0001:0002dfc0       _Script_SetTeamColor       4002efc0 f   ui_shared.obj
 0001:0002e090       _Script_SetItemColor       4002f090 f   ui_shared.obj
 0001:0002e290       _Script_SetMenuItemColor   4002f290 f   ui_shared.obj
 0001:0002e4f0       _Menu_ShowItemByName       4002f4f0 f   ui_shared.obj
 0001:0002e600       _Menu_FadeItemByName       4002f600 f   ui_shared.obj
 0001:0002e6d0       _Menus_FindByName          4002f6d0 f   ui_shared.obj
 0001:0002e760       _Menus_ShowByName          4002f760 f   ui_shared.obj
 0001:0002e7c0       _Menus_OpenByName          4002f7c0 f   ui_shared.obj
 0001:0002e800       _Menus_CloseByName         4002f800 f   ui_shared.obj
 0001:0002e9f0       _Menus_CloseAll            4002f9f0 f   ui_shared.obj
 0001:0002ea80       _Script_Show               4002fa80 f   ui_shared.obj
 0001:0002eb20       _Script_Hide               4002fb20 f   ui_shared.obj
 0001:0002ebc0       _Script_FadeIn             4002fbc0 f   ui_shared.obj
 0001:0002ec60       _Script_FadeOut            4002fc60 f   ui_shared.obj
 0001:0002ed00       _Script_Open               4002fd00 f   ui_shared.obj
 0001:0002ed90       _Menu_FadeMenuByName       4002fd90 f   ui_shared.obj
 0001:0002ee50       _Script_FadeInMenu         4002fe50 f   ui_shared.obj
 0001:0002eee0       _Script_FadeOutMenu        4002fee0 f   ui_shared.obj
 0001:0002ef70       _Script_ConditionalOpen    4002ff70 f   ui_shared.obj
 0001:0002f150       _Script_ConditionalScript  40030150 f   ui_shared.obj
 0001:00030080       _Script_Close              40031080 f   ui_shared.obj
 0001:00030110       _Script_CloseAll           40031110 f   ui_shared.obj
 0001:00030150       _Script_CloseAllOtherMenus 40031150 f   ui_shared.obj
 0001:00030200       _Script_Clipboard          40031200 f   ui_shared.obj
 0001:00030230       _Script_NotebookShowpage   40031230 f   ui_shared.obj
 0001:00030260       _Menu_TransitionItemByName 40031260 f   ui_shared.obj
 0001:00030410       _Script_Transition         40031410 f   ui_shared.obj
 0001:000305b0       _Menu_OrbitItemByName      400315b0 f   ui_shared.obj
 0001:00030680       _Script_Orbit              40031680 f   ui_shared.obj
 0001:00030800       _Script_SetFocus           40031800 f   ui_shared.obj
 0001:00030940       _Script_ClearFocus         40031940 f   ui_shared.obj
 0001:00030990       _Script_SetPlayerModel     40031990 f   ui_shared.obj
 0001:00030a30       _Script_SetPlayerHead      40031a30 f   ui_shared.obj
 0001:00030ad0       _Script_ClearCvar          40031ad0 f   ui_shared.obj
 0001:00030b70       _Script_SetCvar            40031b70 f   ui_shared.obj
 0001:00030c40       _Script_ToggleCvarBit      40031c40 f   ui_shared.obj
 0001:00030d90       _Script_CopyCvar           40031d90 f   ui_shared.obj
 0001:00030eb0       _Script_Exec               40031eb0 f   ui_shared.obj
 0001:00030f60       _Script_ExecNOW            40031f60 f   ui_shared.obj
 0001:00031010       _Script_Play               40032010 f   ui_shared.obj
 0001:000310d0       _Script_playLooped         400320d0 f   ui_shared.obj
 0001:00031180       _Script_AddListItem        40032180 f   ui_shared.obj
 0001:000312d0       _Script_CheckAutoUpdate    400322d0 f   ui_shared.obj
 0001:00031320       _Script_GetAutoUpdate      40032320 f   ui_shared.obj
 0001:00031370       _Script_SetMenuFocus       40032370 f   ui_shared.obj
 0001:00031430       _FileExists                40032430 f   ui_shared.obj
 0001:000314d0       _Script_CheckProfile       400324d0 f   ui_shared.obj
 0001:00031620       _Script_WriteProfile       40032620 f   ui_shared.obj
 0001:00031770       _Script_ExecWolfConfig     40032770 f   ui_shared.obj
 0001:00031ae0       _Script_SetEditFocus       40032ae0 f   ui_shared.obj
 0001:00031c60       _Script_Abort              40032c60 f   ui_shared.obj
 0001:00031c90       _Item_RunScript            40032c90 f   ui_shared.obj
 0001:00031ee0       _Item_EnableShowViaCvar    40032ee0 f   ui_shared.obj
 0001:00032120       _Item_SettingShow          40033120 f   ui_shared.obj
 0001:00032270       _Item_SetFocus             40033270 f   ui_shared.obj
 0001:00032570       _Item_ListBox_MaxScroll    40033570 f   ui_shared.obj
 0001:00032630       _Item_ListBox_ThumbPosition 40033630 f   ui_shared.obj
 0001:00032760       _Item_ListBox_ThumbDrawPosition 40033760 f   ui_shared.obj
 0001:00032910       _Item_Slider_ThumbPosition 40033910 f   ui_shared.obj
 0001:00032a30       _Item_Slider_OverSlider    40033a30 f   ui_shared.obj
 0001:00032b00       _Item_ListBox_OverLB       40033b00 f   ui_shared.obj
 0001:00032ee0       _Item_ListBox_MouseEnter   40033ee0 f   ui_shared.obj
 0001:00033100       _Item_MouseEnter           40034100 f   ui_shared.obj
 0001:00033360       _Item_MouseLeave           40034360 f   ui_shared.obj
 0001:00033400       _Menu_HitTest              40034400 f   ui_shared.obj
 0001:00033490       _Item_SetMouseOver         40034490 f   ui_shared.obj
 0001:000334f0       _Item_OwnerDraw_HandleKey  400344f0 f   ui_shared.obj
 0001:00033570       _Item_ListBox_HandleKey    40034570 f   ui_shared.obj
 0001:00033ef0       _Item_CheckBox_HandleKey   40034ef0 f   ui_shared.obj
 0001:000340c0       _Item_YesNo_HandleKey      400350c0 f   ui_shared.obj
 0001:00034200       _Item_Multi_CountSettings  40035200 f   ui_shared.obj
 0001:00034250       _Item_Multi_FindCvarByValue 40035250 f   ui_shared.obj
 0001:000343e0       _Item_Multi_Setting        400353e0 f   ui_shared.obj
 0001:000345c0       _Item_Multi_HandleKey      400355c0 f   ui_shared.obj
 0001:000347d0       _Item_TextField_HandleKey  400357d0 f   ui_shared.obj
 0001:00034ef0       _Item_StartCapture         40035ef0 f   ui_shared.obj
 0001:00035620       _Item_StopCapture          40036620 f   ui_shared.obj
 0001:00035650       _Item_Slider_HandleKey     40036650 f   ui_shared.obj
 0001:00035880       _Item_HandleKey            40036880 f   ui_shared.obj
 0001:00035b00       _Item_Action               40036b00 f   ui_shared.obj
 0001:00035b50       _Menu_SetPrevCursorItem    40036b50 f   ui_shared.obj
 0001:00035d00       _Menu_SetNextCursorItem    40036d00 f   ui_shared.obj
 0001:00035eb0       _Menus_Activate            40036eb0 f   ui_shared.obj
 0001:000361c0       _Menus_CaptureFuncActive   400371c0 f   ui_shared.obj
 0001:00036200       _Display_VisibleMenuCount  40037200 f   ui_shared.obj
 0001:00036270       _Menus_HandleOOBClick      40037270 f   ui_shared.obj
 0001:00036400       _Menu_HandleKey            40037400 f   ui_shared.obj
 0001:00036ca0       _ToWindowCoords            40037ca0 f   ui_shared.obj
 0001:00036cf0       _Rect_ToWindowCoords       40037cf0 f   ui_shared.obj
 0001:00036d40       _Item_SetTextExtents       40037d40 f   ui_shared.obj
 0001:000370c0       _Item_TextColor            400380c0 f   ui_shared.obj
 0001:000373b0       _Item_Text_AutoWrapped_Paint 400383b0 f   ui_shared.obj
 0001:00037850       _Item_Text_Wrapped_Paint   40038850 f   ui_shared.obj
 0001:00037b20       _Item_Text_Paint           40038b20 f   ui_shared.obj
 0001:000380c0       _Item_TextField_Paint      400390c0 f   ui_shared.obj
 0001:000385b0       _Item_CheckBox_Paint       400395b0 f   ui_shared.obj
 0001:00038c00       _Item_YesNo_Paint          40039c00 f   ui_shared.obj
 0001:00038f30       _Item_Multi_Paint          40039f30 f   ui_shared.obj
 0001:000391b0       _Controls_GetConfig        4003a1b0 f   ui_shared.obj
 0001:00039250       _Controls_SetConfig        4003a250 f   ui_shared.obj
 0001:00039360       _Controls_SetDefaults      4003a360 f   ui_shared.obj
 0001:00039430       _BindingIDFromName         4003a430 f   ui_shared.obj
 0001:000394b0       _BindingFromName           4003a4b0 f   ui_shared.obj
 0001:00039620       _Item_Slider_Paint         4003a620 f   ui_shared.obj
 0001:00039900       _Item_Bind_Paint           4003a900 f   ui_shared.obj
 0001:00039cc0       _Display_KeyBindPending    4003acc0 f   ui_shared.obj
 0001:00039cf0       _Item_Bind_HandleKey       4003acf0 f   ui_shared.obj
 0001:0003a370       _AdjustFrom640             4003b370 f   ui_shared.obj
 0001:0003a440       _Item_Model_Paint          4003b440 f   ui_shared.obj
 0001:0003aa70       _Item_Image_Paint          4003ba70 f   ui_shared.obj
 0001:0003ab40       _Item_ListBox_Paint        4003bb40 f   ui_shared.obj
 0001:0003b920       _Item_OwnerDraw_Paint      4003c920 f   ui_shared.obj
 0001:0003bf20       _Item_Paint                4003cf20 f   ui_shared.obj
 0001:0003c730       _Menu_Init                 4003d730 f   ui_shared.obj
 0001:0003c7e0       _Menu_GetFocusedItem       4003d7e0 f   ui_shared.obj
 0001:0003c860       _Menu_GetFocused           4003d860 f   ui_shared.obj
 0001:0003c8e0       _Menu_ScrollFeeder         4003d8e0 f   ui_shared.obj
 0001:0003c990       _Menu_SetFeederSelection   4003d990 f   ui_shared.obj
 0001:0003cad0       _Menus_AnyFullScreenVisible 4003dad0 f   ui_shared.obj
 0001:0003cb50       _Menus_ActivateByName      4003db50 f   ui_shared.obj
 0001:0003cc70       _Item_Init                 4003dc70 f   ui_shared.obj
 0001:0003ccf0       _Menu_HandleMouseMove      4003dcf0 f   ui_shared.obj
 0001:0003d030       _Menu_Paint                4003e030 f   ui_shared.obj
 0001:0003d830       _Item_ValidateTypeData     4003e830 f   ui_shared.obj
 0001:0003d980       _Item_ValidateTooltipData  4003e980 f   ui_shared.obj
 0001:0003da20       _KeywordHash_Key           4003ea20 f   ui_shared.obj
 0001:0003dae0       _KeywordHash_Add           4003eae0 f   ui_shared.obj
 0001:0003db40       _KeywordHash_Find          4003eb40 f   ui_shared.obj
 0001:0003dbc0       _ItemParse_name            4003ebc0 f   ui_shared.obj
 0001:0003dc20       _ItemParse_focusSound      4003ec20 f   ui_shared.obj
 0001:0003dcd0       _ItemParse_text            4003ecd0 f   ui_shared.obj
 0001:0003dd30       _ItemParse_textfile        4003ed30 f   ui_shared.obj
 0001:0003de00       _ItemParse_group           4003ee00 f   ui_shared.obj
 0001:0003de60       _ItemParse_asset_model     4003ee60 f   ui_shared.obj
 0001:0003df30       _ItemParse_asset_shader    4003ef30 f   ui_shared.obj
 0001:0003dfe0       _ItemParse_model_origin    4003efe0 f   ui_shared.obj
 0001:0003e080       _ItemParse_model_fovx      4003f080 f   ui_shared.obj
 0001:0003e0f0       _ItemParse_model_fovy      4003f0f0 f   ui_shared.obj
 0001:0003e160       _ItemParse_model_rotation  4003f160 f   ui_shared.obj
 0001:0003e1d0       _ItemParse_model_angle     4003f1d0 f   ui_shared.obj
 0001:0003e240       _ItemParse_model_animplay  4003f240 f   ui_shared.obj
 0001:0003e340       _ItemParse_rect            4003f340 f   ui_shared.obj
 0001:0003e390       _ItemParse_origin          4003f390 f   ui_shared.obj
 0001:0003e460       _ItemParse_style           4003f460 f   ui_shared.obj
 0001:0003e4c0       _ItemParse_decoration      4003f4c0 f   ui_shared.obj
 0001:0003e500       _ItemParse_textasint       4003f500 f   ui_shared.obj
 0001:0003e540       _ItemParse_textasfloat     4003f540 f   ui_shared.obj
 0001:0003e580       _ItemParse_notselectable   4003f580 f   ui_shared.obj
 0001:0003e5f0       _ItemParse_wrapped         4003f5f0 f   ui_shared.obj
 0001:0003e630       _ItemParse_autowrapped     4003f630 f   ui_shared.obj
 0001:0003e670       _ItemParse_bitflag         4003f670 f   ui_shared.obj
 0001:0003e6d0       _ItemParse_horizontalscroll 4003f6d0 f   ui_shared.obj
 0001:0003e710       _ItemParse_type            4003f710 f   ui_shared.obj
 0001:0003e770       _ItemParse_elementwidth    4003f770 f   ui_shared.obj
 0001:0003e7e0       _ItemParse_elementheight   4003f7e0 f   ui_shared.obj
 0001:0003e850       _ItemParse_feeder          4003f850 f   ui_shared.obj
 0001:0003e8b0       _ItemParse_elementtype     4003f8b0 f   ui_shared.obj
 0001:0003e930       _ItemParse_columns         4003f930 f   ui_shared.obj
 0001:0003eae0       _ItemParse_border          4003fae0 f   ui_shared.obj
 0001:0003eb40       _ItemParse_bordersize      4003fb40 f   ui_shared.obj
 0001:0003eba0       _ItemParse_visible         4003fba0 f   ui_shared.obj
 0001:0003ec40       _ItemParse_ownerdraw       4003fc40 f   ui_shared.obj
 0001:0003eca0       _ItemParse_align           4003fca0 f   ui_shared.obj
 0001:0003ed00       _ItemParse_textalign       4003fd00 f   ui_shared.obj
 0001:0003ed60       _ItemParse_textalignx      4003fd60 f   ui_shared.obj
 0001:0003edc0       _ItemParse_textaligny      4003fdc0 f   ui_shared.obj
 0001:0003ee20       _ItemParse_textscale       4003fe20 f   ui_shared.obj
 0001:0003ee80       _ItemParse_textstyle       4003fe80 f   ui_shared.obj
 0001:0003eee0       _ItemParse_textfont        4003fee0 f   ui_shared.obj
 0001:0003ef40       _ItemParse_backcolor       4003ff40 f   ui_shared.obj
 0001:0003eff0       _ItemParse_forecolor       4003fff0 f   ui_shared.obj
 0001:0003f0b0       _ItemParse_bordercolor     400400b0 f   ui_shared.obj
 0001:0003f160       _ItemParse_outlinecolor    40040160 f   ui_shared.obj
 0001:0003f1c0       _ItemParse_background      400401c0 f   ui_shared.obj
 0001:0003f270       _ItemParse_cinematic       40040270 f   ui_shared.obj
 0001:0003f2d0       _ItemParse_doubleClick     400402d0 f   ui_shared.obj
 0001:0003f350       _ItemParse_onEsc           40040350 f   ui_shared.obj
 0001:0003f3b0       _ItemParse_onEnter         400403b0 f   ui_shared.obj
 0001:0003f410       _ItemParse_contextMenu     40040410 f   ui_shared.obj
 0001:0003f490       _ItemParse_onFocus         40040490 f   ui_shared.obj
 0001:0003f4f0       _ItemParse_leaveFocus      400404f0 f   ui_shared.obj
 0001:0003f550       _ItemParse_mouseEnter      40040550 f   ui_shared.obj
 0001:0003f5b0       _ItemParse_mouseExit       400405b0 f   ui_shared.obj
 0001:0003f610       _ItemParse_mouseEnterText  40040610 f   ui_shared.obj
 0001:0003f670       _ItemParse_mouseExitText   40040670 f   ui_shared.obj
 0001:0003f6d0       _ItemParse_action          400406d0 f   ui_shared.obj
 0001:0003f730       _ItemParse_accept          40040730 f   ui_shared.obj
 0001:0003f790       _ItemParse_special         40040790 f   ui_shared.obj
 0001:0003f7f0       _ItemParse_cvarTest        400407f0 f   ui_shared.obj
 0001:0003f850       _ItemParse_cvar            40040850 f   ui_shared.obj
 0001:0003f900       _ItemParse_maxChars        40040900 f   ui_shared.obj
 0001:0003f9c0       _ItemParse_maxPaintChars   400409c0 f   ui_shared.obj
 0001:0003fa80       _ItemParse_cvarFloat       40040a80 f   ui_shared.obj
 0001:0003fb40       _ItemParse_cvarStrList     40040b40 f   ui_shared.obj
 0001:0003fd50       _ItemParse_cvarFloatList   40040d50 f   ui_shared.obj
 0001:0003ff40       _ItemParse_cvarListUndefined 40040f40 f   ui_shared.obj
 0001:00040030       _ParseColorRange           40041030 f   ui_shared.obj
 0001:00040170       _ItemParse_addColorRangeRel 40041170 f   ui_shared.obj
 0001:000401c0       _ItemParse_addColorRange   400411c0 f   ui_shared.obj
 0001:00040210       _ItemParse_ownerdrawFlag   40041210 f   ui_shared.obj
 0001:000402a0       _ItemParse_enableCvar      400412a0 f   ui_shared.obj
 0001:00040310       _ItemParse_disableCvar     40041310 f   ui_shared.obj
 0001:00040380       _ItemParse_noToggle        40041380 f   ui_shared.obj
 0001:000403c0       _ItemParse_showCvar        400413c0 f   ui_shared.obj
 0001:00040430       _ItemParse_hideCvar        40041430 f   ui_shared.obj
 0001:000404a0       _ItemParse_execKey         400414a0 f   ui_shared.obj
 0001:00040550       _ItemParse_settingDisabled 40041550 f   ui_shared.obj
 0001:000405b0       _ItemParse_settingEnabled  400415b0 f   ui_shared.obj
 0001:00040610       _ItemParse_tooltip         40041610 f   ui_shared.obj
 0001:00040690       _ItemParse_tooltipalignx   40041690 f   ui_shared.obj
 0001:00040710       _ItemParse_tooltipaligny   40041710 f   ui_shared.obj
 0001:00040790       _ItemParse_voteFlag        40041790 f   ui_shared.obj
 0001:000407e0       _Item_SetupKeywordHash     400417e0 f   ui_shared.obj
 0001:00040870       _Item_Parse                40041870 f   ui_shared.obj
 0001:000409f0       _Item_InitControls         400419f0 f   ui_shared.obj
 0001:00040a90       _MenuParse_name            40041a90 f   ui_shared.obj
 0001:00040af0       _MenuParse_fullscreen      40041af0 f   ui_shared.obj
 0001:00040b50       _MenuParse_rect            40041b50 f   ui_shared.obj
 0001:00040ba0       _MenuParse_style           40041ba0 f   ui_shared.obj
 0001:00040c60       _MenuParse_visible         40041c60 f   ui_shared.obj
 0001:00040d00       _MenuParse_onOpen          40041d00 f   ui_shared.obj
 0001:00040d60       _MenuParse_onClose         40041d60 f   ui_shared.obj
 0001:00040dc0       _MenuParse_onESC           40041dc0 f   ui_shared.obj
 0001:00040e20       _MenuParse_onEnter         40041e20 f   ui_shared.obj
 0001:00040e80       _MenuParse_onTimeout       40041e80 f   ui_shared.obj
 0001:00040f00       _MenuParse_border          40041f00 f   ui_shared.obj
 0001:00040f60       _MenuParse_borderSize      40041f60 f   ui_shared.obj
 0001:00040fc0       _MenuParse_backcolor       40041fc0 f   ui_shared.obj
 0001:00041070       _MenuParse_forecolor       40042070 f   ui_shared.obj
 0001:00041130       _MenuParse_bordercolor     40042130 f   ui_shared.obj
 0001:000411e0       _MenuParse_focuscolor      400421e0 f   ui_shared.obj
 0001:000412a0       _MenuParse_disablecolor    400422a0 f   ui_shared.obj
 0001:00041350       _MenuParse_outlinecolor    40042350 f   ui_shared.obj
 0001:000413b0       _MenuParse_background      400423b0 f   ui_shared.obj
 0001:00041460       _MenuParse_cinematic       40042460 f   ui_shared.obj
 0001:000414c0       _MenuParse_ownerdrawFlag   400424c0 f   ui_shared.obj
 0001:00041560       _MenuParse_ownerdraw       40042560 f   ui_shared.obj
 0001:000415c0       _MenuParse_popup           400425c0 f   ui_shared.obj
 0001:00041610       _MenuParse_outOfBounds     40042610 f   ui_shared.obj
 0001:00041660       _MenuParse_soundLoop       40042660 f   ui_shared.obj
 0001:000416c0       _MenuParse_fadeClamp       400426c0 f   ui_shared.obj
 0001:00041720       _MenuParse_fadeAmount      40042720 f   ui_shared.obj
 0001:00041780       _MenuParse_fadeCycle       40042780 f   ui_shared.obj
 0001:000417e0       _MenuParse_itemDef         400427e0 f   ui_shared.obj
 0001:00041960       _MenuParse_execKey         40042960 f   ui_shared.obj
 0001:00041a20       _MenuParse_execKeyInt      40042a20 f   ui_shared.obj
 0001:00041ad0       _MenuParse_drawAlwaysOnTop 40042ad0 f   ui_shared.obj
 0001:00041b20       _MenuParse_itemHotkeyMode  40042b20 f   ui_shared.obj
 0001:00041b80       _MenuParse_modal           40042b80 f   ui_shared.obj
 0001:00041bd0       _Menu_SetupKeywordHash     40042bd0 f   ui_shared.obj
 0001:00041c60       _Menu_Parse                40042c60 f   ui_shared.obj
 0001:00041e00       _Menu_New                  40042e00 f   ui_shared.obj
 0001:00041e90       _Menu_Count                40042e90 f   ui_shared.obj
 0001:00041ec0       _Menu_Get                  40042ec0 f   ui_shared.obj
 0001:00041f10       _Menu_PaintAll             40042f10 f   ui_shared.obj
 0001:00042150       _Menu_Reset                40043150 f   ui_shared.obj
 0001:00042180       _Display_GetContext        40043180 f   ui_shared.obj
 0001:000421b0       _Display_CaptureItem       400431b0 f   ui_shared.obj
 0001:00042240       _Display_MouseMove         40043240 f   ui_shared.obj
 0001:00042340       _Display_CursorType        40043340 f   ui_shared.obj
 0001:00042440       _Display_HandleKey         40043440 f   ui_shared.obj
 0001:000424b0       _Display_CacheAll          400434b0 f   ui_shared.obj
 0001:00042840       _PC_String_Parse_Trans     40043840 f   ui_shared.obj
 0001:00042910       _PC_Rect_Parse             40043910 f   ui_shared.obj
 0001:000429b0       _BG_RectContainsPoint      400439b0 f   ui_shared.obj
 0001:00042a20       _BG_CursorInRect           40043a20 f   ui_shared.obj
 0001:00042aa0       _BG_PanelButton_RenderEdit 40043aa0 f   ui_shared.obj
 0001:00042e70       _BG_PanelButton_EditClick  40043e70 f   ui_shared.obj
 0001:000431b0       _BG_PanelButtonsKeyEvent   400441b0 f   ui_shared.obj
 0001:00043390       _BG_PanelButtonsSetup      40044390 f   ui_shared.obj
 0001:00043400       _C_PanelButtonsSetup       40044400 f   ui_shared.obj
 0001:00043470       _BG_PanelButtonsGetHighlightButton 40044470 f   ui_shared.obj
 0001:000434f0       _BG_PanelButtonsRender     400444f0 f   ui_shared.obj
 0001:00043560       _BG_PanelButtonsRender_TextExt 40044560 f   ui_shared.obj
 0001:00043810       _BG_PanelButtonsRender_Text 40044810 f   ui_shared.obj
 0001:00043860       _BG_PanelButtonsRender_Img 40044860 f   ui_shared.obj
 0001:000439e0       _BG_PanelButtons_GetFocusButton 400449e0 f   ui_shared.obj
 0001:00043a10       _BG_PanelButtons_SetFocusButton 40044a10 f   ui_shared.obj
 0001:00043a40       _BG_FitTextToWidth_Ext     40044a40 f   ui_shared.obj
 0001:00043ca0       _dllEntry                  40044ca0 f   ui_syscalls.obj
 0001:00043cd0       _PASSFLOAT                 40044cd0 f   ui_syscalls.obj
 0001:00043d00       _trap_Print                40044d00 f   ui_syscalls.obj
 0001:00043d50       _trap_Error                40044d50 f   ui_syscalls.obj
 0001:00043db0       _trap_Milliseconds         40044db0 f   ui_syscalls.obj
 0001:00043e00       _trap_Cvar_Register        40044e00 f   ui_syscalls.obj
 0001:00043e60       _trap_Cvar_Update          40044e60 f   ui_syscalls.obj
 0001:00043eb0       _trap_Cvar_Set             40044eb0 f   ui_syscalls.obj
 0001:00043f00       _trap_Cvar_VariableValue   40044f00 f   ui_syscalls.obj
 0001:00043f50       _trap_Cvar_VariableStringBuffer 40044f50 f   ui_syscalls.obj
 0001:00043fb0       _trap_Cvar_LatchedVariableStringBuffer 40044fb0 f   ui_syscalls.obj
 0001:00044010       _trap_Cvar_SetValue        40045010 f   ui_syscalls.obj
 0001:00044070       _trap_Cvar_Reset           40045070 f   ui_syscalls.obj
 0001:000440c0       _trap_Cvar_Create          400450c0 f   ui_syscalls.obj
 0001:00044120       _trap_Cvar_InfoStringBuffer 40045120 f   ui_syscalls.obj
 0001:00044180       _trap_Argc                 40045180 f   ui_syscalls.obj
 0001:000441d0       _trap_Argv                 400451d0 f   ui_syscalls.obj
 0001:00044230       _trap_Cmd_ExecuteText      40045230 f   ui_syscalls.obj
 0001:00044280       _trap_AddCommand           40045280 f   ui_syscalls.obj
 0001:000442d0       _trap_FS_FOpenFile         400452d0 f   ui_syscalls.obj
 0001:00044330       _trap_FS_Read              40045330 f   ui_syscalls.obj
 0001:00044390       _trap_FS_Write             40045390 f   ui_syscalls.obj
 0001:000443f0       _trap_FS_FCloseFile        400453f0 f   ui_syscalls.obj
 0001:00044440       _trap_FS_GetFileList       40045440 f   ui_syscalls.obj
 0001:000444a0       _trap_FS_Delete            400454a0 f   ui_syscalls.obj
 0001:000444f0       _trap_R_RegisterModel      400454f0 f   ui_syscalls.obj
 0001:00044540       _trap_R_RegisterSkin       40045540 f   ui_syscalls.obj
 0001:00044590       _trap_R_RegisterShaderNoMip 40045590 f   ui_syscalls.obj
 0001:000445e0       _trap_R_RegisterFont       400455e0 f   ui_syscalls.obj
 0001:00044640       _trap_R_ClearScene         40045640 f   ui_syscalls.obj
 0001:00044690       _trap_R_AddRefEntityToScene 40045690 f   ui_syscalls.obj
 0001:000446e0       _trap_R_AddPolyToScene     400456e0 f   ui_syscalls.obj
 0001:00044740       _trap_R_AddLightToScene    40045740 f   ui_syscalls.obj
 0001:000447f0       _trap_R_AddCoronaToScene   400457f0 f   ui_syscalls.obj
 0001:00044890       _trap_R_RenderScene        40045890 f   ui_syscalls.obj
 0001:000448e0       _trap_R_SetColor           400458e0 f   ui_syscalls.obj
 0001:00044930       _trap_R_Add2dPolys         40045930 f   ui_syscalls.obj
 0001:00044990       _trap_R_DrawStretchPic     40045990 f   ui_syscalls.obj
 0001:00044a60       _trap_R_DrawRotatedPic     40045a60 f   ui_syscalls.obj
 0001:00044b40       _trap_R_ModelBounds        40045b40 f   ui_syscalls.obj
 0001:00044ba0       _trap_UpdateScreen         40045ba0 f   ui_syscalls.obj
 0001:00044bf0       _trap_CM_LerpTag           40045bf0 f   ui_syscalls.obj
 0001:00044c50       _trap_S_StartLocalSound    40045c50 f   ui_syscalls.obj
 0001:00044ca0       _trap_S_RegisterSound      40045ca0 f   ui_syscalls.obj
 0001:00044d00       _trap_S_FadeBackgroundTrack 40045d00 f   ui_syscalls.obj
 0001:00044d60       _trap_S_FadeAllSound       40045d60 f   ui_syscalls.obj
 0001:00044dc0       _trap_Key_KeynumToStringBuf 40045dc0 f   ui_syscalls.obj
 0001:00044e20       _trap_Key_GetBindingBuf    40045e20 f   ui_syscalls.obj
 0001:00044e80       _trap_Key_KeysForBinding   40045e80 f   ui_syscalls.obj
 0001:00044ee0       _trap_Key_SetBinding       40045ee0 f   ui_syscalls.obj
 0001:00044f30       _trap_Key_IsDown           40045f30 f   ui_syscalls.obj
 0001:00044f80       _trap_Key_GetOverstrikeMode 40045f80 f   ui_syscalls.obj
 0001:00044fd0       _trap_Key_SetOverstrikeMode 40045fd0 f   ui_syscalls.obj
 0001:00045020       _trap_Key_ClearStates      40046020 f   ui_syscalls.obj
 0001:00045070       _trap_Key_GetCatcher       40046070 f   ui_syscalls.obj
 0001:000450c0       _trap_Key_SetCatcher       400460c0 f   ui_syscalls.obj
 0001:00045110       _trap_GetClipboardData     40046110 f   ui_syscalls.obj
 0001:00045160       _trap_GetClientState       40046160 f   ui_syscalls.obj
 0001:000451b0       _trap_GetGlconfig          400461b0 f   ui_syscalls.obj
 0001:00045200       _trap_GetConfigString      40046200 f   ui_syscalls.obj
 0001:00045260       _trap_LAN_GetLocalServerCount 40046260 f   ui_syscalls.obj
 0001:000452b0       _trap_LAN_GetLocalServerAddressString 400462b0 f   ui_syscalls.obj
 0001:00045310       _trap_LAN_GetGlobalServerCount 40046310 f   ui_syscalls.obj
 0001:00045360       _trap_LAN_GetGlobalServerAddressString 40046360 f   ui_syscalls.obj
 0001:000453c0       _trap_LAN_GetPingQueueCount 400463c0 f   ui_syscalls.obj
 0001:00045410       _trap_LAN_ClearPing        40046410 f   ui_syscalls.obj
 0001:00045460       _trap_LAN_GetPing          40046460 f   ui_syscalls.obj
 0001:000454c0       _trap_LAN_GetPingInfo      400464c0 f   ui_syscalls.obj
 0001:00045520       _trap_LAN_UpdateVisiblePings 40046520 f   ui_syscalls.obj
 0001:00045570       _trap_LAN_GetServerCount   40046570 f   ui_syscalls.obj
 0001:000455c0       _trap_LAN_CompareServers   400465c0 f   ui_syscalls.obj
 0001:00045620       _trap_LAN_GetServerAddressString 40046620 f   ui_syscalls.obj
 0001:00045680       _trap_LAN_GetServerInfo    40046680 f   ui_syscalls.obj
 0001:000456e0       _trap_LAN_AddServer        400466e0 f   ui_syscalls.obj
 0001:00045740       _trap_LAN_RemoveServer     40046740 f   ui_syscalls.obj
 0001:00045790       _trap_LAN_GetServerPing    40046790 f   ui_syscalls.obj
 0001:000457e0       _trap_LAN_ServerIsVisible  400467e0 f   ui_syscalls.obj
 0001:00045830       _trap_LAN_ServerStatus     40046830 f   ui_syscalls.obj
 0001:00045890       _trap_LAN_ServerIsInFavoriteList 40046890 f   ui_syscalls.obj
 0001:000458e0       _trap_LAN_SaveCachedServers 400468e0 f   ui_syscalls.obj
 0001:00045930       _trap_LAN_LoadCachedServers 40046930 f   ui_syscalls.obj
 0001:00045980       _trap_LAN_MarkServerVisible 40046980 f   ui_syscalls.obj
 0001:000459e0       _trap_SetPbClStatus        400469e0 f   ui_syscalls.obj
 0001:00045a30       _trap_SetPbSvStatus        40046a30 f   ui_syscalls.obj
 0001:00045a80       _trap_LAN_ResetPings       40046a80 f   ui_syscalls.obj
 0001:00045ad0       _trap_MemoryRemaining      40046ad0 f   ui_syscalls.obj
 0001:00045b20       _trap_GetCDKey             40046b20 f   ui_syscalls.obj
 0001:00045b70       _trap_SetCDKey             40046b70 f   ui_syscalls.obj
 0001:00045bc0       _trap_PC_AddGlobalDefine   40046bc0 f   ui_syscalls.obj
 0001:00045c10       _trap_PC_RemoveAllGlobalDefines 40046c10 f   ui_syscalls.obj
 0001:00045c60       _trap_PC_LoadSource        40046c60 f   ui_syscalls.obj
 0001:00045cb0       _trap_PC_FreeSource        40046cb0 f   ui_syscalls.obj
 0001:00045d00       _trap_PC_ReadToken         40046d00 f   ui_syscalls.obj
 0001:00045d50       _trap_PC_SourceFileAndLine 40046d50 f   ui_syscalls.obj
 0001:00045db0       _trap_PC_UnReadToken       40046db0 f   ui_syscalls.obj
 0001:00045e00       _trap_S_StopBackgroundTrack 40046e00 f   ui_syscalls.obj
 0001:00045e50       _trap_S_StartBackgroundTrack 40046e50 f   ui_syscalls.obj
 0001:00045eb0       _trap_RealTime             40046eb0 f   ui_syscalls.obj
 0001:00045f00       _trap_CIN_PlayCinematic    40046f00 f   ui_syscalls.obj
 0001:00045f60       _trap_CIN_StopCinematic    40046f60 f   ui_syscalls.obj
 0001:00045fb0       _trap_CIN_RunCinematic     40046fb0 f   ui_syscalls.obj
 0001:00046000       _trap_CIN_DrawCinematic    40047000 f   ui_syscalls.obj
 0001:00046050       _trap_CIN_SetExtents       40047050 f   ui_syscalls.obj
 0001:000460b0       _trap_R_RemapShader        400470b0 f   ui_syscalls.obj
 0001:00046110       _trap_VerifyCDKey          40047110 f   ui_syscalls.obj
 0001:00046160       _trap_GetLimboString       40047160 f   ui_syscalls.obj
 0001:000461b0       _trap_TranslateString      400471b0 f   ui_syscalls.obj
 0001:00046230       _trap_CheckAutoUpdate      40047230 f   ui_syscalls.obj
 0001:00046280       _trap_GetAutoUpdate        40047280 f   ui_syscalls.obj
 0001:000462d0       _trap_openURL              400472d0 f   ui_syscalls.obj
 0001:00046320       _trap_GetHunkData          40047320 f   ui_syscalls.obj
 0001:00046380       __RTC_CheckEsp             40047380 f   LIBCMTD:_stack_.obj
 0001:000463b0       @_RTC_CheckStackVars@8     400473b0 f   LIBCMTD:_stack_.obj
 0001:00046420       @_RTC_AllocaHelper@12      40047420 f   LIBCMTD:_stack_.obj
 0001:00046460       @_RTC_CheckStackVars2@12   40047460 f   LIBCMTD:_stack_.obj
 0001:00046540       @__security_check_cookie@4 40047540 f   LIBCMTD:secchk.obj
 0001:00046550       __RTC_InitBase             40047550 f   LIBCMTD:_init_.obj
 0001:00046580       __RTC_Shutdown             40047580 f   LIBCMTD:_init_.obj
 0001:000465a0       _strcpy                    400475a0 f   LIBCMTD:strcat.obj
 0001:000465b0       _strcat                    400475b0 f   LIBCMTD:strcat.obj
 0001:000466a0       _strlen                    400476a0 f   LIBCMTD:strlen.obj
 0001:00046730       _memset                    40047730 f   LIBCMTD:memset.obj
 0001:000467b0       _memcpy                    400477b0 f   LIBCMTD:memcpy.obj
 0001:00046b20       _strstr                    40047b20 f   LIBCMTD:strstr.obj
 0001:00046bb0       _atol                      40047bb0 f   LIBCMTD:atox.obj
 0001:00046bd0       __atol_l                   40047bd0 f   LIBCMTD:atox.obj
 0001:00046bf0       _atoi                      40047bf0 f   LIBCMTD:atox.obj
 0001:00046c10       __atoi_l                   40047c10 f   LIBCMTD:atox.obj
 0001:00046c30       __atoi64                   40047c30 f   LIBCMTD:atox.obj
 0001:00046c50       __atoi64_l                 40047c50 f   LIBCMTD:atox.obj
 0001:00046c70       _srand                     40047c70 f   LIBCMTD:rand.obj
 0001:00046c90       _rand                      40047c90 f   LIBCMTD:rand.obj
 0001:00046cd0       __fpmath                   40047cd0 f   LIBCMTD:_fpinit_.obj
 0001:00046cf0       __cfltcvt_init             40047cf0 f   LIBCMTD:_fpinit_.obj
 0001:00046d60       ___setfflag                40047d60 f   LIBCMTD:_fpinit_.obj
 0001:00046d80       __ftol2_sse                40047d80 f   LIBCMTD:ftol2.obj
 0001:00046d89       __ftol2_pentium4           40047d89 f   LIBCMTD:ftol2.obj
 0001:00046d9c       __ftol2_sse_excpt          40047d9c f   LIBCMTD:ftol2.obj
 0001:00046db6       __ftol2                    40047db6 f   LIBCMTD:ftol2.obj
 0001:00046e30       __tolower                  40047e30 f   LIBCMTD:tolower.obj
 0001:00046e40       __tolower_l                40047e40 f   LIBCMTD:tolower.obj
 0001:00047020       ??0_LocaleUpdate@@QAE@PAUlocaleinfo_struct@@@Z 40048020 f i LIBCMTD:tolower.obj
 0001:00047100       ??1_LocaleUpdate@@QAE@XZ   40048100 f i LIBCMTD:tolower.obj
 0001:00047130       ?GetLocaleT@_LocaleUpdate@@QAEPAUlocaleinfo_struct@@XZ 40048130 f i LIBCMTD:tolower.obj
 0001:00047140       _tolower                   40048140 f   LIBCMTD:tolower.obj
 0001:00047190       __CIsqrt                   40048190 f   LIBCMTD:_sqrt_.obj
 0001:000471a4       _sqrt                      400481a4     LIBCMTD:_sqrt_.obj
 0001:00047250       _floor                     40048250 f   LIBCMTD:_floor_pentium4_.obj
 0001:00047290       __floor_pentium4           40048290 f   LIBCMTD:_floor_pentium4_.obj
 0001:00047380       _sin                       40048380 f   LIBCMTD:_sin_.obj
 0001:000473c0       __CIsin                    400483c0 f   LIBCMTD:_sin_.obj
 0001:000473fb       __CIsin_default            400483fb f   LIBCMTD:_sin_.obj
 0001:0004740f       __sin_default              4004840f     LIBCMTD:_sin_.obj
 0001:000474b0       _cos                       400484b0 f   LIBCMTD:_cos_.obj
 0001:000474f0       __CIcos                    400484f0 f   LIBCMTD:_cos_.obj
 0001:0004752b       __CIcos_default            4004852b f   LIBCMTD:_cos_.obj
 0001:0004753f       __cos_default              4004853f     LIBCMTD:_cos_.obj
 0001:000475e0       __atof_l                   400485e0 f   LIBCMTD:atof.obj
 0001:00047720       _atof                      40048720 f   LIBCMTD:atof.obj
 0001:00047740       ___strgtold12              40048740 f   LIBCMTD:atof.obj
 0001:000477a0       ___STRINGTOLD              400487a0 f   LIBCMTD:atof.obj
 0001:000477f0       __vsnprintf_l              400487f0 f   LIBCMTD:vsnprint.obj
 0001:000479b0       __vsnprintf                400489b0 f   LIBCMTD:vsnprint.obj
 0001:000479e0       _atan                      400489e0 f   LIBCMTD:_atan_.obj
 0001:00047a20       __CIatan                   40048a20 f   LIBCMTD:_atan_.obj
 0001:00047a5b       __CIatan_default           40048a5b f   LIBCMTD:_atan_.obj
 0001:00047a6f       __atan_default             40048a6f     LIBCMTD:_atan_.obj
 0001:00047b00       _atan2                     40048b00 f   LIBCMTD:_87ctriga_.obj
 0001:00047b0a       __CIatan2                  40048b0a f   LIBCMTD:_87ctriga_.obj
 0001:00047b20       _strcmp                    40048b20 f   LIBCMTD:strcmp.obj
 0001:00047bb0       _strncpy                   40048bb0 f   LIBCMTD:strncpy.obj
 0001:00047ce0       __vsprintf_l               40048ce0 f   LIBCMTD:vsprintf.obj
 0001:00047e80       _vsprintf                  40048e80 f   LIBCMTD:vsprintf.obj
 0001:00047ea0       __vscprintf_helper         40048ea0 f   LIBCMTD:vsprintf.obj
 0001:00047f80       __vscprintf                40048f80 f   LIBCMTD:vsprintf.obj
 0001:00047fa0       __vscprintf_l              40048fa0 f   LIBCMTD:vsprintf.obj
 0001:00047fc0       __vscprintf_p              40048fc0 f   LIBCMTD:vsprintf.obj
 0001:00047fe0       __vscprintf_p_l            40048fe0 f   LIBCMTD:vsprintf.obj
 0001:00048000       __alloca_probe             40049000     LIBCMTD:chkstk.obj
 0001:00048000       __chkstk                   40049000 f   LIBCMTD:chkstk.obj
 0001:00048030       _memmove                   40049030 f   LIBCMTD:memmove.obj
 0001:000483b0       _strchr                    400493b0 f   LIBCMTD:strchr.obj
 0001:000483b6       ___from_strstr_to_strchr   400493b6     LIBCMTD:strchr.obj
 0001:00048470       _qsort                     40049470 f   LIBCMTD:qsort.obj
 0001:00048a20       __toupper                  40049a20 f   LIBCMTD:toupper.obj
 0001:00048a30       __toupper_l                40049a30 f   LIBCMTD:toupper.obj
 0001:00048c10       _toupper                   40049c10 f   LIBCMTD:toupper.obj
 0001:00048c60       _abs                       40049c60 f   LIBCMTD:abs.obj
 0001:00048c90       __abs64                    40049c90 f   LIBCMTD:abs.obj
 0001:00048ce0       ?_RTC_Failure@@YAXPAXH@Z   40049ce0 f   LIBCMTD:_error_.obj
 0001:00049090       ?_RTC_StackFailure@@YAXPAXPBD@Z 4004a090 f   LIBCMTD:_error_.obj
 0001:00049190       ?_RTC_AllocaFailure@@YAXPAXPAU_RTC_ALLOCA_NODE@@H@Z 4004a190 f   LIBCMTD:_error_.obj
 0001:00049340       __RTC_UninitUse            4004a340 f   LIBCMTD:_error_.obj
 0001:00049430       __cinit                    4004a430 f   LIBCMTD:crt0dat.obj
 0001:000494d0       _exit                      4004a4d0 f   LIBCMTD:crt0dat.obj
 0001:000494f0       __exit                     4004a4f0 f   LIBCMTD:crt0dat.obj
 0001:00049510       __cexit                    4004a510 f   LIBCMTD:crt0dat.obj
 0001:00049530       __c_exit                   4004a530 f   LIBCMTD:crt0dat.obj
 0001:00049550       __amsg_exit                4004a550 f   LIBCMTD:crt0dat.obj
 0001:00049580       ___freeCrtMemory           4004a580 f   LIBCMTD:crt0dat.obj
 0001:000498c0       ___crtCorExitProcess       4004a8c0 f   LIBCMTD:crt0dat.obj
 0001:00049900       ___crtExitProcess          4004a900 f   LIBCMTD:crt0dat.obj
 0001:00049920       __lockexit                 4004a920 f   LIBCMTD:crt0dat.obj
 0001:00049940       __unlockexit               4004a940 f   LIBCMTD:crt0dat.obj
 0001:00049960       __init_pointers            4004a960 f   LIBCMTD:crt0dat.obj
 0001:000499f0       __initterm_e               4004a9f0 f   LIBCMTD:crt0dat.obj
 0001:00049a30       __get_wpgmptr              4004aa30 f   LIBCMTD:crt0dat.obj
 0001:00049b20       __get_pgmptr               4004ab20 f   LIBCMTD:crt0dat.obj
 0001:00049c10       __CRT_INIT@12              4004ac10 f   LIBCMTD:dllcrt0.obj
 0001:00049e30       __DllMainCRTStartup@12     4004ae30 f   LIBCMTD:dllcrt0.obj
 0001:0004a020       ___report_gsfailure        4004b020 f   LIBCMTD:gs_report.obj
 0001:0004a130       __RTC_NumErrors            4004b130 f   LIBCMTD:_userapi_.obj
 0001:0004a140       __RTC_GetErrDesc           4004b140 f   LIBCMTD:_userapi_.obj
 0001:0004a160       __RTC_SetErrorType         4004b160 f   LIBCMTD:_userapi_.obj
 0001:0004a190       __RTC_SetErrorFunc         4004b190 f   LIBCMTD:_userapi_.obj
 0001:0004a1b0       __RTC_SetErrorFuncW        4004b1b0 f   LIBCMTD:_userapi_.obj
 0001:0004a1d0       ?_RTC_GetErrorFunc@@YAP6AHHPBDH00ZZPBX@Z 4004b1d0 f   LIBCMTD:_userapi_.obj
 0001:0004a1e0       ?_RTC_GetErrorFuncW@@YAP6AHHPB_WH00ZZPBX@Z 4004b1e0 f   LIBCMTD:_userapi_.obj
 0001:0004a1f0       __chkesp                   4004b1f0 f   LIBCMTD:chkesp.obj
 0001:0004a230       __CRT_RTC_INIT             4004b230 f   LIBCMTD:chkesp.obj
 0001:0004a240       __CRT_RTC_INITW            4004b240 f   LIBCMTD:chkesp.obj
 0001:0004a250       __VEC_memzero              4004b250 f   LIBCMTD:p4_memset.obj
 0001:0004a310       ___sse2_available_init     4004b310 f   LIBCMTD:cpu_disp.obj
 0001:0004a330       __VEC_memcpy               4004b330 f   LIBCMTD:p4_memcpy.obj
 0001:0004a440       _strtol                    4004b440 f   LIBCMTD:strtol.obj
 0001:0004a970       __strtol_l                 4004b970 f   LIBCMTD:strtol.obj
 0001:0004a9a0       _strtoul                   4004b9a0 f   LIBCMTD:strtol.obj
 0001:0004a9f0       __strtoul_l                4004b9f0 f   LIBCMTD:strtol.obj
 0001:0004aa20       __strtoi64                 4004ba20 f   LIBCMTD:strtoq.obj
 0001:0004af90       __strtoi64_l               4004bf90 f   LIBCMTD:strtoq.obj
 0001:0004afc0       __strtoui64                4004bfc0 f   LIBCMTD:strtoq.obj
 0001:0004b010       __strtoui64_l              4004c010 f   LIBCMTD:strtoq.obj
 0001:0004b040       __encoded_null             4004c040 f   LIBCMTD:tidtable.obj
 0001:0004b050       ___crtTlsAlloc@4           4004c050 f   LIBCMTD:tidtable.obj
 0001:0004b060       ___fls_getvalue@4          4004c060 f   LIBCMTD:tidtable.obj
 0001:0004b080       ___get_flsindex            4004c080 f   LIBCMTD:tidtable.obj
 0001:0004b090       ___set_flsgetvalue         4004c090 f   LIBCMTD:tidtable.obj
 0001:0004b0e0       ___fls_setvalue@8          4004c0e0 f   LIBCMTD:tidtable.obj
 0001:0004b100       __mtinit                   4004c100 f   LIBCMTD:tidtable.obj
 0001:0004b300       __mtterm                   4004c300 f   LIBCMTD:tidtable.obj
 0001:0004b360       __initptd                  4004c360 f   LIBCMTD:tidtable.obj
 0001:0004b490       __getptd_noexit            4004c490 f   LIBCMTD:tidtable.obj
 0001:0004b550       __getptd                   4004c550 f   LIBCMTD:tidtable.obj
 0001:0004b580       __freefls@4                4004c580 f   LIBCMTD:tidtable.obj
 0001:0004b790       __freeptd                  4004c790 f   LIBCMTD:tidtable.obj
 0001:0004b810       ___threadid                4004c810 f   LIBCMTD:tidtable.obj
 0001:0004b820       ___threadhandle            4004c820 f   LIBCMTD:tidtable.obj
 0001:0004b830       __setdefaultprecision      4004c830 f   LIBCMTD:fp8.obj
 0001:0004b870       __invoke_watson_if_error   4004c870 f i LIBCMTD:fp8.obj
 0001:0004b8a0       __forcdecpt                4004c8a0 f   LIBCMTD:cvt.obj
 0001:0004b8c0       __forcdecpt_l              4004c8c0 f   LIBCMTD:cvt.obj
 0001:0004b980       __cropzeros                4004c980 f   LIBCMTD:cvt.obj
 0001:0004b9a0       __cropzeros_l              4004c9a0 f   LIBCMTD:cvt.obj
 0001:0004bab0       __positive                 4004cab0 f   LIBCMTD:cvt.obj
 0001:0004bae0       __fassign_l                4004cae0 f   LIBCMTD:cvt.obj
 0001:0004bb40       __fassign                  4004cb40 f   LIBCMTD:cvt.obj
 0001:0004bb60       __cftoe_l                  4004cb60 f   LIBCMTD:cvt.obj
 0001:0004c0b0       __cftoe                    4004d0b0 f   LIBCMTD:cvt.obj
 0001:0004c0e0       __cftoa_l                  4004d0e0 f   LIBCMTD:cvt.obj
 0001:0004c8c0       ?strrchr@@YAPADPADH@Z      4004d8c0 f i LIBCMTD:cvt.obj
 0001:0004c8e0       __cftoa                    4004d8e0 f   LIBCMTD:cvt.obj
 0001:0004c910       __cftof_l                  4004d910 f   LIBCMTD:cvt.obj
 0001:0004cd20       __cftof                    4004dd20 f   LIBCMTD:cvt.obj
 0001:0004cd50       __cftog_l                  4004dd50 f   LIBCMTD:cvt.obj
 0001:0004cf80       __cftog                    4004df80 f   LIBCMTD:cvt.obj
 0001:0004cfb0       __cfltcvt_l                4004dfb0 f   LIBCMTD:cvt.obj
 0001:0004d070       __cfltcvt                  4004e070 f   LIBCMTD:cvt.obj
 0001:0004d0d0       __initp_misc_cfltcvt_tab   4004e0d0 f   LIBCMTD:cmiscdat.obj
 0001:0004d110       ___crtLCMapStringA         4004e110 f   LIBCMTD:a_map.obj
 0001:0004d400       __MarkAllocaS              4004e400 f i LIBCMTD:a_map.obj
 0001:0004d430       __freea                    4004e430 f i LIBCMTD:a_map.obj
 0001:0004d4f0       __dosmaperr                4004e4f0 f   LIBCMTD:dosmap.obj
 0001:0004d520       __get_errno_from_oserr     4004e520 f   LIBCMTD:dosmap.obj
 0001:0004d5a0       __set_errno                4004e5a0 f   LIBCMTD:dosmap.obj
 0001:0004d5d0       __get_errno                4004e5d0 f   LIBCMTD:dosmap.obj
 0001:0004d650       __set_doserrno             4004e650 f   LIBCMTD:dosmap.obj
 0001:0004d680       __get_doserrno             4004e680 f   LIBCMTD:dosmap.obj
 0001:0004d700       __errno                    4004e700 f   LIBCMTD:dosmap.obj
 0001:0004d730       ___doserrno                4004e730 f   LIBCMTD:dosmap.obj
 0001:0004d760       __isleadbyte_l             4004e760 f i LIBCMTD:_wctype.obj
 0001:0004d7b0       _isleadbyte                4004e7b0 f i LIBCMTD:_wctype.obj
 0001:0004d7d0       __iswalpha_l               4004e7d0 f i LIBCMTD:_wctype.obj
 0001:0004d7f0       _iswalpha                  4004e7f0 f i LIBCMTD:_wctype.obj
 0001:0004d810       __iswupper_l               4004e810 f i LIBCMTD:_wctype.obj
 0001:0004d830       _iswupper                  4004e830 f i LIBCMTD:_wctype.obj
 0001:0004d850       __iswlower_l               4004e850 f i LIBCMTD:_wctype.obj
 0001:0004d870       _iswlower                  4004e870 f i LIBCMTD:_wctype.obj
 0001:0004d890       __iswdigit_l               4004e890 f i LIBCMTD:_wctype.obj
 0001:0004d8b0       _iswdigit                  4004e8b0 f i LIBCMTD:_wctype.obj
 0001:0004d8d0       __iswxdigit_l              4004e8d0 f i LIBCMTD:_wctype.obj
 0001:0004d8f0       _iswxdigit                 4004e8f0 f i LIBCMTD:_wctype.obj
 0001:0004d910       __iswspace_l               4004e910 f i LIBCMTD:_wctype.obj
 0001:0004d930       _iswspace                  4004e930 f i LIBCMTD:_wctype.obj
 0001:0004d950       __iswpunct_l               4004e950 f i LIBCMTD:_wctype.obj
 0001:0004d970       _iswpunct                  4004e970 f i LIBCMTD:_wctype.obj
 0001:0004d990       __iswalnum_l               4004e990 f i LIBCMTD:_wctype.obj
 0001:0004d9b0       _iswalnum                  4004e9b0 f i LIBCMTD:_wctype.obj
 0001:0004d9d0       __iswprint_l               4004e9d0 f i LIBCMTD:_wctype.obj
 0001:0004d9f0       _iswprint                  4004e9f0 f i LIBCMTD:_wctype.obj
 0001:0004da10       __iswgraph_l               4004ea10 f i LIBCMTD:_wctype.obj
 0001:0004da30       _iswgraph                  4004ea30 f i LIBCMTD:_wctype.obj
 0001:0004da50       __iswcntrl_l               4004ea50 f i LIBCMTD:_wctype.obj
 0001:0004da70       _iswcntrl                  4004ea70 f i LIBCMTD:_wctype.obj
 0001:0004da90       _iswascii                  4004ea90 f i LIBCMTD:_wctype.obj
 0001:0004dab0       __iswcsym_l                4004eab0 f i LIBCMTD:_wctype.obj
 0001:0004daf0       ___iswcsym                 4004eaf0 f i LIBCMTD:_wctype.obj
 0001:0004db30       __iswcsymf_l               4004eb30 f i LIBCMTD:_wctype.obj
 0001:0004db70       ___iswcsymf                4004eb70 f i LIBCMTD:_wctype.obj
 0001:0004dbb0       __chvalidator              4004ebb0 f   LIBCMTD:isctype.obj
 0001:0004dc00       __chvalidator_l            4004ec00 f   LIBCMTD:isctype.obj
 0001:0004dcb0       __isctype_l                4004ecb0 f   LIBCMTD:isctype.obj
 0001:0004ddd0       __isctype                  4004edd0 f   LIBCMTD:isctype.obj
 0001:0004de10       ___updatetmbcinfo          4004ee10 f   LIBCMTD:mbctype.obj
 0001:0004df20       __setmbcp                  4004ef20 f   LIBCMTD:mbctype.obj
 0001:0004e2d0       __setmbcp_nolock           4004f2d0 f   LIBCMTD:mbctype.obj
 0001:0004eac0       __getmbcp                  4004fac0 f   LIBCMTD:mbctype.obj
 0001:0004eb30       ___initmbctable            4004fb30 f   LIBCMTD:mbctype.obj
 0001:0004eb60       ___addlocaleref            4004fb60 f   LIBCMTD:localref.obj
 0001:0004ec80       ___removelocaleref         4004fc80 f   LIBCMTD:localref.obj
 0001:0004edb0       ___freetlocinfo            4004fdb0 f   LIBCMTD:localref.obj
 0001:0004f090       __updatetlocinfoEx_nolock  40050090 f   LIBCMTD:localref.obj
 0001:0004f110       ___updatetlocinfo          40050110 f   LIBCMTD:localref.obj
 0001:0004f1e0       ____setlc_active_func      400501e0 f   LIBCMTD:setlocal.obj
 0001:0004f1f0       ____unguarded_readlc_active_add_func 400501f0 f   LIBCMTD:setlocal.obj
 0001:0004f200       __configthreadlocale       40050200 f   LIBCMTD:setlocal.obj
 0001:0004f310       __locterm                  40050310 f   LIBCMTD:setlocal.obj
 0001:0004f3b0       __free_locale              400503b0 f   LIBCMTD:setlocal.obj
 0001:0004f4f0       ___free_locale             400504f0 f   LIBCMTD:setlocal.obj
 0001:0004f510       __create_locale            40050510 f   LIBCMTD:setlocal.obj
 0001:0004f740       ___create_locale           40050740 f   LIBCMTD:setlocal.obj
 0001:0004f760       __get_current_locale       40050760 f   LIBCMTD:setlocal.obj
 0001:0004f880       ___get_current_locale      40050880 f   LIBCMTD:setlocal.obj
 0001:0004f890       _setlocale                 40050890 f   LIBCMTD:setlocal.obj
 0001:00050740       __expandlocale             40051740 f   LIBCMTD:setlocal.obj
 0001:000509f0       ___init_dummy              400519f0 f   LIBCMTD:setlocal.obj
 0001:00050a00       __strcats                  40051a00 f   LIBCMTD:setlocal.obj
 0001:00050a80       ___lc_strtolc              40051a80 f   LIBCMTD:setlocal.obj
[...]
 0001:00010300       _SkipWhitespace            40011300 f   q_shared.obj
 0001:000127b0       _UI_Cache_f                400137b0 f   ui_atoms.obj
 0001:00013500       _UI_LoadArenasFromFile     40014500 f   ui_gameinfo.obj
 0001:00014460       _UI_LoadCampaignsFromFile  40015460 f   ui_gameinfo.obj
 0001:0001a960       _UI_ServersQsortCompare    4001b960 f   ui_main.obj
 0001:0001fe10       _UI_SetCapFragLimits       40020e10 f   ui_main.obj
 0001:0001fe40       _UI_GameType_HandleKey     40020e40 f   ui_main.obj
 0001:0001ffa0       _UI_LoadMods               40020fa0 f   ui_main.obj
 0001:00020140       _UI_LoadProfiles           40021140 f   ui_main.obj
 0001:000204d0       _UI_DelSavegame            400214d0 f   ui_main.obj
 0001:00020590       _UI_LoadSavegames          40021590 f   ui_main.obj
 0001:000207a0       _UI_LoadMovies             400217a0 f   ui_main.obj
 0001:00020930       _UI_LoadDemos              40021930 f   ui_main.obj
 0001:00020b30       _UI_StartSkirmish          40021b30 f   ui_main.obj
 0001:00020b60       _UI_MapCountByGameType     40021b60 f   ui_main.obj
 0001:00020c70       _UI_BuildServerDisplayList 40021c70 f   ui_main.obj
 0001:00021480       _UI_RemoveServerFromDisplayList 40022480 f   ui_main.obj
 0001:00021520       _UI_BinaryServerInsertion  40022520 f   ui_main.obj
 0001:00021620       _UI_InsertServerIntoDisplayList 40022620 f   ui_main.obj
 0001:000216b0       _UI_BuildFindPlayerList    400226b0 f   ui_main.obj
 0001:00021ca0       _UI_GetServerStatusInfo    40022ca0 f   ui_main.obj
 0001:000222a0       _UI_SortServerStatusInfo   400232a0 f   ui_main.obj
 0001:00022430       _stristr                   40023430 f   ui_main.obj
 0001:000224f0       _UI_BuildServerStatus      400234f0 f   ui_main.obj
 0001:000226d0       _UI_GetIndexFromSelection  400236d0 f   ui_main.obj
 0001:00023290       _UI_SelectedMap            40024290 f   ui_main.obj
 0001:000233c0       _UI_SelectedCampaign       400243c0 f   ui_main.obj
 0001:00023450       _UI_FeederSelection        40024450 f   ui_main.obj
 0001:00023bd0       _UI_CampaignCount          40024bd0 f   ui_main.obj
 0001:00023f40       _UI_ParseGameInfo          40024f40 f   ui_main.obj
 0001:00024040       _GameType_Parse            40025040 f   ui_main.obj
 0001:000248c0       _UI_OwnerDrawWidth         400258c0 f   ui_main.obj
 0001:00024ca0       _UI_TeamIndexFromName      40025ca0 f   ui_main.obj
 0001:00024d30       _UI_ParseGLConfig          40025d30 f   ui_main.obj
 0001:00024e10       _UI_OwnerDraw              40025e10 f   ui_main.obj
 0001:00025530       _UI_DrawHandicap           40026530 f   ui_main.obj
 0001:000255f0       _UI_DrawClanName           400265f0 f   ui_main.obj
 0001:00025670       _UI_DrawGameType           40026670 f   ui_main.obj
 0001:000256f0       _UI_DrawSaveGameShot       400266f0 f   ui_main.obj
 0001:00025780       _UI_DrawClanLogo           40026780 f   ui_main.obj
 0001:000258d0       _UI_DrawClanCinematic      400268d0 f   ui_main.obj
 0001:00025a80       _UI_DrawPreviewCinematic   40026a80 f   ui_main.obj
 0001:00025b60       _UI_DrawTeamName           40026b60 f   ui_main.obj
 0001:00025c50       _UI_DrawTeamMember         40026c50 f   ui_main.obj
 0001:00025c80       _UI_DrawEffects            40026c80 f   ui_main.obj
 0001:00025d50       _UI_DrawMapCinematic       40026d50 f   ui_main.obj
 0001:00025fc0       _UI_DrawCampaignCinematic  40026fc0 f   ui_main.obj
 0001:00026180       _UI_DrawCampaignPreview    40027180 f   ui_main.obj
 0001:000262f0       _UI_DrawCampaignName       400272f0 f   ui_main.obj
 0001:00026400       _UI_DrawCampaignMapDescription 40027400 f   ui_main.obj
 0001:00026830       _UI_DrawCampaignMapPreview 40027830 f   ui_main.obj
 0001:00026b30       _UI_DrawMissionBriefingMap 40027b30 f   ui_main.obj
 0001:00026c60       _UI_DrawMissionBriefingTitle 40027c60 f   ui_main.obj
 0001:00026d50       _UI_DrawMissionBriefingObjectives 40027d50 f   ui_main.obj
 0001:000270f0       _UI_DrawNetFilter          400280f0 f   ui_main.obj
 0001:00027190       _UI_DrawPlayerLogo         40028190 f   ui_main.obj
 0001:000272c0       _UI_DrawPlayerLogoMetal    400282c0 f   ui_main.obj
 0001:000273f0       _UI_DrawPlayerLogoName     400283f0 f   ui_main.obj
 0001:00027520       _UI_DrawOpponentLogo       40028520 f   ui_main.obj
 0001:00027650       _UI_DrawOpponentLogoMetal  40028650 f   ui_main.obj
 0001:00027780       _UI_DrawOpponentLogoName   40028780 f   ui_main.obj
 0001:000278b0       _UI_DrawAllMapsSelection   400288b0 f   ui_main.obj
 0001:000278e0       _UI_DrawOpponentName       400288e0 f   ui_main.obj
 0001:00027960       _UI_DrawRedBlue            40028960 f   ui_main.obj
 0001:000279f0       _UI_DrawCrosshair          400289f0 f   ui_main.obj
 0001:00027bb0       _UI_DrawSelectedPlayer     40028bb0 f   ui_main.obj
 0001:00027c70       _UI_BuildPlayerList        40028c70 f   ui_main.obj
 0001:00028050       _UI_DrawServerRefreshDate  40029050 f   ui_main.obj
 0001:000282b0       _UI_DrawServerMOTD         400292b0 f   ui_main.obj
 0001:00028580       _Text_Paint_Limit          40029580 f   ui_main.obj
 0001:00028840       _UI_DrawKeyBindStatus      40029840 f   ui_main.obj
 0001:00028940       _UI_OwnerDrawHandleKey     40029940 f   ui_main.obj
 0001:00028ba0       _UI_Handicap_HandleKey     40029ba0 f   ui_main.obj
 0001:00028c90       _UI_Effects_HandleKey      40029c90 f   ui_main.obj
 0001:00028d60       _UI_ClanName_HandleKey     40029d60 f   ui_main.obj
 0001:00028e80       _UI_TeamName_HandleKey     40029e80 f   ui_main.obj
 0001:00028fa0       _UI_TeamMember_HandleKey   40029fa0 f   ui_main.obj
 0001:000290b0       _UI_NetFilter_HandleKey    4002a0b0 f   ui_main.obj
 0001:00029170       _UI_OpponentName_HandleKey 4002a170 f   ui_main.obj
 0001:000291f0       _UI_NextOpponent           4002a1f0 f   ui_main.obj
 0001:000292b0       _UI_PriorOpponent          4002a2b0 f   ui_main.obj
 0001:00029370       _UI_BotName_HandleKey      4002a370 f   ui_main.obj
 0001:00029420       _UI_RedBlue_HandleKey      4002a420 f   ui_main.obj
 0001:00029480       _UI_Crosshair_HandleKey    4002a480 f   ui_main.obj
 0001:00029550       _UI_SelectedPlayer_HandleKey 4002a550 f   ui_main.obj
 0001:00029670       _UI_GetValue               4002a670 f   ui_main.obj
 0001:000296a0       _UI_GetTeamColor           4002a6a0 f   ui_main.obj
 0001:000296d0       _UI_FeederCount            4002a6d0 f   ui_main.obj
 0001:000299a0       _UI_FeederAddItem          4002a9a0 f   ui_main.obj
 0001:000299d0       _UI_FileText               4002a9d0 f   ui_main.obj
 0001:00029a80       _UI_FeederItemImage        4002aa80 f   ui_main.obj
 0001:00029de0       _UI_Pause                  4002ade0 f   ui_main.obj
 0001:00029e60       _UI_PlayCinematic          4002ae60 f   ui_main.obj
 0001:00029ed0       _UI_StopCinematic          4002aed0 f   ui_main.obj
 0001:0002a010       _UI_DrawCinematic          4002b010 f   ui_main.obj
 0001:0002a080       _UI_RunCinematicFrame      4002b080 f   ui_main.obj
 0001:0002b020       _UI_StopServerRefresh      4002c020 f   ui_main.obj
 0001:0002b0c0       _UI_DoServerRefresh        4002c0c0 f   ui_main.obj
 0001:0002b1b0       _UI_StartServerRefresh     4002c1b0 f   ui_main.obj
 0001:0002b3c0       _UI_UpdatePendingPings     4002c3c0 f   ui_main.obj
 0001:0002c0a0       _hashForString             4002d0a0 f   ui_shared.obj
 0001:0002e930       _Menu_RunCloseScript       4002f930 f   ui_shared.obj
 0001:00035110       _Scroll_ListBox_AutoFunc   40036110 f   ui_shared.obj
 0001:000351d0       _Scroll_ListBox_ThumbFunc  400361d0 f   ui_shared.obj
 0001:000354d0       _Scroll_Slider_ThumbFunc   400364d0 f   ui_shared.obj
 0001:00036010       _Display_CloseCinematics   40037010 f   ui_shared.obj
 0001:00036080       _Menu_CloseCinematics      40037080 f   ui_shared.obj
 0001:00036150       _Window_CloseCinematic     40037150 f   ui_shared.obj
 0001:00036c00       _Item_CorrectedTextRect    40037c00 f   ui_shared.obj
 0001:00042520       _Menu_CacheContents        40043520 f   ui_shared.obj
 0001:000425f0       _Window_CacheContents      400435f0 f   ui_shared.obj
 0001:00042690       _Item_CacheContents        40043690 f   ui_shared.obj
 0001:000426e0       _Menu_OverActiveItem       400436e0 f   ui_shared.obj
 0001:00048960       _shortsort                 40049960 f   LIBCMTD:qsort.obj
 0001:000489d0       _swap                      400499d0 f   LIBCMTD:qsort.obj
 0001:00048d40       ?failwithmessage@@YAXPAXHHPBD@Z 40049d40 f   LIBCMTD:_error_.obj
 0001:00048f60       ?DebuggerProbe@@YAHK@Z     40049f60 f   LIBCMTD:_error_.obj
 0001:00048ff0       ?DebuggerRuntime@@YAHKHPAXPB_W@Z 40049ff0 f   LIBCMTD:_error_.obj
 0001:000492d0       ?_getMemBlockDataString@@YAXPAD00I@Z 4004a2d0 f   LIBCMTD:_error_.obj
 0001:000496d0       _doexit                    4004a6d0 f   LIBCMTD:crt0dat.obj
 0001:000499c0       __initterm                 4004a9c0 f   LIBCMTD:crt0dat.obj
 0001:00049e60       ___DllMainCRTStartup       4004ae60 f   LIBCMTD:dllcrt0.obj
 0001:0004a490       ?strtoxl@@YAKPAUlocaleinfo_struct@@PBDPAPBDHH@Z 4004b490 f   LIBCMTD:strtol.obj
 0001:0004aa70       ?strtoxq@@YA_KPAUlocaleinfo_struct@@PBDPAPBDHH@Z 4004ba70 f   LIBCMTD:strtoq.obj
 0001:0004bd20       __cftoe2_l                 4004cd20 f   LIBCMTD:cvt.obj
 0001:0004cac0       __cftof2_l                 4004dac0 f   LIBCMTD:cvt.obj
 0001:0004d0a0       __shift                    4004e0a0 f   LIBCMTD:cvt.obj
 0001:0004d170       ?__crtLCMapStringA_stat@@YAHPAUlocaleinfo_struct@@KKPBDHPADHHH@Z 4004e170 f   LIBCMTD:a_map.obj
 0001:0004d4a0       ?strncnt@@YAHPBDH@Z        4004e4a0 f   LIBCMTD:a_map.obj
 0001:0004e1c0       ?getSystemCP@@YAHH@Z       4004f1c0 f   LIBCMTD:mbctype.obj
 0001:0004e620       ?CPtoLCID@@YAHH@Z          4004f620 f   LIBCMTD:mbctype.obj
 0001:0004e6a0       ?setSBCS@@YAXPAUthreadmbcinfostruct@@@Z 4004f6a0 f   LIBCMTD:mbctype.obj
 0001:0004e780       ?setSBUpLow@@YAXPAUthreadmbcinfostruct@@@Z 4004f780 f   LIBCMTD:mbctype.obj
 0001:0004f6f0       __copytlocinfo_nolock      400506f0 f   LIBCMTD:setlocal.obj
 0001:0004faf0       _sync_legacy_variables_lk  40050af0 f   LIBCMTD:setlocal.obj
 0001:0004fb30       __setlocale_nolock         40050b30 f   LIBCMTD:setlocal.obj
 0001:0004ff20       __setlocale_set_cat        40050f20 f   LIBCMTD:setlocal.obj
 0001:00050450       __setlocale_get_all        40051450 f   LIBCMTD:setlocal.obj
 0001:000553b0       _write_char                400563b0 f   LIBCMTD:output.obj
 0001:00055460       _write_multi_char          40056460 f   LIBCMTD:output.obj
 0001:000554a0       _write_string              400564a0 f   LIBCMTD:output.obj
 0001:000598b0       _write_char                4005a8b0 f   LIBCMTD:outputp.obj
 0001:00059960       _write_multi_char          4005a960 f   LIBCMTD:outputp.obj
 0001:000599a0       _write_string              4005a9a0 f   LIBCMTD:outputp.obj
 0001:00059d30       ?GetPdbDll@@YAPAUHINSTANCE__@@XZ 4005ad30 f   LIBCMTD:_pdblkup_.obj
 0001:00059e20       ?GetPdbDllFromInstallPath@@YAPAUHINSTANCE__@@XZ 4005ae20 f   LIBCMTD:_pdblkup_.obj
 0001:00059fe0       ?GetPdbDllPathFromFilePath@@YAHPB_WPA_WI@Z 4005afe0 f   LIBCMTD:_pdblkup_.obj
 0001:0005a280       _ValidateLocalCookies      4005b280 f   LIBCMTD:chandler4.obj
 0001:0005a360       __onexit_nolock            4005b360 f   LIBCMTD:onexit.obj
 0001:0005ac20       __nh_malloc_dbg_impl       4005bc20 f   LIBCMTD:dbgheap.obj
 0001:0005acc0       __heap_alloc_dbg_impl      4005bcc0 f   LIBCMTD:dbgheap.obj
 0001:0005b290       _realloc_help              4005c290 f   LIBCMTD:dbgheap.obj
 0001:0005c350       _CheckBytes                4005d350 f   LIBCMTD:dbgheap.obj
 0001:0005d110       ?_CrtMemDumpAllObjectsSince_stat@@YAXPBU_CrtMemState@@PAUlocaleinfo_struct@@@Z 4005e110 f   LIBCMTD:dbgheap.obj
 0001:0005d420       __printMemBlockData        4005e420 f   LIBCMTD:dbgheap.obj
 0001:0005e900       _ctrlevent_capture@4       4005f900 f   LIBCMTD:winsig.obj
 0001:0005ed00       _siglookup                 4005fd00 f   LIBCMTD:winsig.obj
 0001:0005fb30       _parse_cmdline             40060b30 f   LIBCMTD:stdargv.obj
 0001:00060340       _xcptlookup                40061340 f   LIBCMTD:winxfltr.obj
 0001:00060db0       ?CatchGuardHandler@@YA?AW4_EXCEPTION_DISPOSITION@@PAUEHExceptionRecord@@PAUCatchGuardRN@@PAX2@Z 40061db0 f   LIBCMTD:_trnsctrl_.obj
 0001:00060ef0       ?TranslatorGuardHandler@@YA?AW4_EXCEPTION_DISPOSITION@@PAUEHExceptionRecord@@PAUTranslatorGuardRN@@PAX2@Z 40061ef0 f   LIBCMTD:_trnsctrl_.obj
 0001:00062b60       ?__crtGetStringTypeA_stat@@YAHPAUlocaleinfo_struct@@KPBDHPAGHHH@Z 40063b60 f   LIBCMTD:a_str.obj
 0001:00062d60       __get_lc_time              40063d60 f   LIBCMTD:inittime.obj
 0001:00064340       _fix_grouping              40065340 f   LIBCMTD:initnum.obj
 0001:000649e0       _fix_grouping              400659e0 f   LIBCMTD:initmon.obj
 0001:00065bb0       _cmpBYTE                   40066bb0 f   LIBCMTD:memcmp.obj
 0001:00065be0       _cmpResult                 40066be0 f   LIBCMTD:memcmp.obj
 0001:00065c00       _unaligned_memcmp          40066c00 f   LIBCMTD:memcmp.obj
 0001:00066310       _cmpWORD                   40067310 f   LIBCMTD:memcmp.obj
 0001:00066390       _cmpDWORD                  40067390 f   LIBCMTD:memcmp.obj
 0001:00066af0       _TranslateName             40067af0 f   LIBCMTD:getqloc.obj
 0001:00066b80       _GetLcidFromLangCountry    40067b80 f   LIBCMTD:getqloc.obj
 0001:00066c40       _LangCountryEnumProc@4     40067c40 f   LIBCMTD:getqloc.obj
 0001:00067080       _GetLcidFromLanguage       40068080 f   LIBCMTD:getqloc.obj
 0001:00067100       _LanguageEnumProc@4        40068100 f   LIBCMTD:getqloc.obj
 0001:000672a0       _GetLcidFromCountry        400682a0 f   LIBCMTD:getqloc.obj
 0001:000672f0       _CountryEnumProc@4         400682f0 f   LIBCMTD:getqloc.obj
 0001:000673f0       _GetLcidFromDefault        400683f0 f   LIBCMTD:getqloc.obj
 0001:00067430       _ProcessCodePage           40068430 f   LIBCMTD:getqloc.obj
 0001:000674e0       _TestDefaultCountry        400684e0 f   LIBCMTD:getqloc.obj
 0001:00067530       _TestDefaultLanguage       40068530 f   LIBCMTD:getqloc.obj
 0001:000675b0       _LcidFromHexString         400685b0 f   LIBCMTD:getqloc.obj
 0001:00067630       _GetPrimaryLen             40068630 f   LIBCMTD:getqloc.obj
 0001:000684e0       __get_fname                400694e0 f   LIBCMTD:_fpexcept_.obj
 0001:0006e390       _write_char                4006f390 f   LIBCMTD:outputs.obj
 0001:0006e440       _write_multi_char          4006f440 f   LIBCMTD:outputs.obj
 0001:0006e480       _write_string              4006f480 f   LIBCMTD:outputs.obj
 0001:0006efa0       __unwind_handler4          4006ffa0 f   LIBCMTD:exsup4.obj
 0001:0006fb40       __is_LFH_enabled           40070b40 f   LIBCMTD:expand.obj
 0001:00070190       ?__crtGetLocaleInfoA_stat@@YAHPAUlocaleinfo_struct@@KKPADH@Z 40071190 f   LIBCMTD:a_loc.obj
 0001:000705b0       ?x_ismbbtype_l@@YAHPAUlocaleinfo_struct@@IHH@Z 400715b0 f   LIBCMTD:ismbbyte.obj
 0001:00070a00       ?FindHandler@@YAXPAUEHExceptionRecord@@PAUEHRegistrationNode@@PAU_CONTEXT@@PAXPBU_s_FuncInfo@@EH1@Z 40071a00 f   LIBCMTD:frame.obj
 0001:00070f50       ?FindHandlerForForeignException@@YAXPAUEHExceptionRecord@@PAUEHRegistrationNode@@PAU_CONTEXT@@PAXPBU_s_FuncInfo@@HH1@Z 40071f50 f   LIBCMTD:frame.obj
 0001:00071390       ?CatchIt@@YAXPAUEHExceptionRecord@@PAUEHRegistrationNode@@PAU_CONTEXT@@PAXPBU_s_FuncInfo@@PBU_s_HandlerType@@PBU_s_CatchableType@@PBU_s_TryBlockMapEntry@@H1E@Z 40072390 f   LIBCMTD:frame.obj
 0001:00071450       ?CallCatchBlock@@YAPAXPAUEHExceptionRecord@@PAUEHRegistrationNode@@PAU_CONTEXT@@PBU_s_FuncInfo@@PAXHK@Z 40072450 f   LIBCMTD:frame.obj
 0001:000716e0       ?ExFilterRethrow@@YAHPAU_EXCEPTION_POINTERS@@@Z 400726e0 f   LIBCMTD:frame.obj
 0001:00072350       ?IsInExceptionSpec@@YAEPAUEHExceptionRecord@@PBU_s_ESTypeList@@@Z 40073350 f   LIBCMTD:frame.obj
 0001:00072410       ?CallUnexpected@@YAXPBU_s_ESTypeList@@@Z 40073410 f   LIBCMTD:frame.obj
 0001:0007245e       __catch$?CallUnexpected@@YAXPBU_s_ESTypeList@@@Z$0 4007345e f   LIBCMTD:frame.obj
 0001:000724a0       ?Is_bad_exception_allowed@@YAEPBU_s_ESTypeList@@@Z 400734a0 f   LIBCMTD:frame.obj
 0001:00072970       __abstract_cw              40073970 f   LIBCMTD:_ieee87_.obj
 0001:00072ac0       __hw_cw                    40073ac0 f   LIBCMTD:_ieee87_.obj
 0001:00072c20       __abstract_sw              40073c20 f   LIBCMTD:_ieee87_.obj
 0001:00072cb0       ___statusfp_sse2           40073cb0 f   LIBCMTD:_ieee87_.obj
 0001:00072cd0       ___clearfp_sse2            40073cd0 f   LIBCMTD:_ieee87_.obj
 0001:00072d00       ___control87_sse2          40073d00 f   LIBCMTD:_ieee87_.obj
 0001:00072d80       ___abstract_cw_sse2        40073d80 f   LIBCMTD:_ieee87_.obj
 0001:00072ed0       ___hw_cw_sse2              40073ed0 f   LIBCMTD:_ieee87_.obj
 0001:00073020       ___abstract_sw_sse2        40074020 f   LIBCMTD:_ieee87_.obj
 0001:000730b0       ___fpreset_sse2            400740b0 f   LIBCMTD:_ieee87_.obj
 0001:000736e0       _xtoa_s@20                 400746e0 f   LIBCMTD:xtoas.obj
 0001:00073b00       @x64toa_s@24               40074b00 f   LIBCMTD:xtoas.obj
 0001:00075bd0       ?wcsncnt@@YAIPB_WI@Z       40076bd0 f   LIBCMTD:wcstombs.obj
 0001:00076a50       _xtow_s@20                 40077a50 f   LIBCMTD:xtows.obj
 0001:00076e80       @x64tow_s@24               40077e80 f   LIBCMTD:xtows.obj
 0001:00078320       _write_char                40079320 f   LIBCMTD:woutput.obj
 0001:00078380       _write_multi_char          40079380 f   LIBCMTD:woutput.obj
 0001:000783c0       _write_string              400793c0 f   LIBCMTD:woutput.obj
 0001:00079770       _flsall                    4007a770 f   LIBCMTD:fflush.obj
 0001:00079d10       __unwind_handler           4007ad10 f   LIBCMTD:exsup.obj
 0001:0007b8a0       _write_char                4007c8a0 f   LIBCMTD:woutputs.obj
 0001:0007b900       _write_multi_char          4007c900 f   LIBCMTD:woutputs.obj
 0001:0007b940       _write_string              4007c940 f   LIBCMTD:woutputs.obj
 0001:0007f2a0       _write_char                400802a0 f   LIBCMTD:woutputp.obj
 0001:0007f300       _write_multi_char          40080300 f   LIBCMTD:woutputp.obj
 0001:0007f340       _write_string              40080340 f   LIBCMTD:woutputp.obj
 0001:00080340       ?wcstoxl@@YAKPB_WPAPB_WHH@Z 40081340 f   LIBCMTD:wcstol.obj
 0001:0008a4e0       ?und_strlen@@YAIPBD@Z      4008b4e0 f   LIBCMTD:undname.obj
 0001:0008a520       ?und_memcpy@@YAXPADPBDI@Z  4008b520 f   LIBCMTD:undname.obj
 0001:0008a560       ?und_strncmp@@YAIPBD0I@Z   4008b560 f   LIBCMTD:undname.obj
 0001:0008ab70       __unwindfunclet$?strtoxl@@YAKPAUlocaleinfo_struct@@PBDPAPBDHH@Z$0 4008bb70 f   LIBCMTD:strtol.obj
 0001:0008ab78       __ehhandler$?strtoxl@@YAKPAUlocaleinfo_struct@@PBDPAPBDHH@Z 4008bb78 f   LIBCMTD:strtol.obj
 0001:0008aba0       __unwindfunclet$?strtoxq@@YA_KPAUlocaleinfo_struct@@PBDPAPBDHH@Z$0 4008bba0 f   LIBCMTD:strtoq.obj
 0001:0008aba8       __ehhandler$?strtoxq@@YA_KPAUlocaleinfo_struct@@PBDPAPBDHH@Z 4008bba8 f   LIBCMTD:strtoq.obj
 0001:0008abd0       __unwindfunclet$?getSystemCP@@YAHH@Z$0 4008bbd0 f   LIBCMTD:mbctype.obj
 0001:0008abd8       __ehhandler$?getSystemCP@@YAHH@Z 4008bbd8 f   LIBCMTD:mbctype.obj
 0001:0008ac00       __unwindfunclet$?x_ismbbtype_l@@YAHPAUlocaleinfo_struct@@IHH@Z$0 4008bc00 f   LIBCMTD:ismbbyte.obj
 0001:0008ac08       __ehhandler$?x_ismbbtype_l@@YAHPAUlocaleinfo_struct@@IHH@Z 4008bc08 f   LIBCMTD:ismbbyte.obj
 0001:0008ac30       __ehhandler$?CallUnexpected@@YAXPBU_s_ESTypeList@@@Z 4008bc30 f   LIBCMTD:frame.obj
 0001:0008ac50       __unwindfunclet$?make@DNameStatusNode@@SAPAV1@W4DNameStatus@@@Z$0 4008bc50 f   LIBCMTD:undname.obj
 0001:0008ac5e       __ehhandler$?make@DNameStatusNode@@SAPAV1@W4DNameStatus@@@Z 4008bc5e f   LIBCMTD:undname.obj
