 cgame_mp_x86

 Timestamp is 4f8e6db6 (Wed Apr 18 09:31:02 2012)

 Preferred load address is 10000000

 Start         Length     Name                   Class
 0001:00000000 0009d76eH .text                   CODE
 0002:00000000 00000144H .idata$5                DATA
 0002:00000144 00000004H .CRT$XCA                DATA
 0002:00000148 00000004H .CRT$XCZ                DATA
 0002:0000014c 00000004H .CRT$XIA                DATA
 0002:00000150 00000014H .CRT$XIC                DATA
 0002:00000164 00000004H .CRT$XIZ                DATA
 0002:00000168 00000004H .CRT$XPA                DATA
 0002:0000016c 00000004H .CRT$XPX                DATA
 0002:00000170 00000004H .CRT$XPXA               DATA
 0002:00000174 00000004H .CRT$XPZ                DATA
 0002:00000178 00000004H .CRT$XTA                DATA
 0002:0000017c 00000004H .CRT$XTZ                DATA
 0002:00000180 00030ef0H .rdata                  DATA
 0002:00031070 0000000cH .rdata$sxdata           DATA
 0002:0003107c 00000004H .rtc$IAA                DATA
 0002:00031080 00000004H .rtc$IZZ                DATA
 0002:00031084 00000004H .rtc$TAA                DATA
 0002:00031088 00000004H .rtc$TZZ                DATA
 0002:00031090 0000041cH .xdata$x                DATA
 0002:000314ac 0000003cH .idata$2                DATA
 0002:000314e8 00000014H .idata$3                DATA
 0002:000314fc 00000144H .idata$4                DATA
 0002:00031640 000005a4H .idata$6                DATA
 0002:00031bf0 0000005dH .edata                  DATA
 0003:00000000 0001bda0H .data                   DATA
 0003:0001bda0 03e35084H .bss                    DATA

  Address         Publics by Value              Rva+Base       Lib:Object

 0000:00000000       __except_list              00000000     <absolute>
 0000:00000003       ___safe_se_handler_count   00000003     <absolute>
 0000:00000000       ___ImageBase               10000000     <linker-defined>
 0001:00000000       _BG_AnimParseError         10001000 f   bg_animation.obj
 0001:000000f0       _BG_IndexForString         100010f0 f   bg_animation.obj
 0001:00000170       _BG_CopyStringIntoBuffer   10001170 f   bg_animation.obj
 0001:000001e0       _BG_InitWeaponStrings      100011e0 f   bg_animation.obj
 0001:00000270       _BG_ParseConditionBits     10001270 f   bg_animation.obj
 0001:00000530       _BG_ParseConditions        10001530 f   bg_animation.obj
 0001:000009c0       _BG_AnimParseAnimScript    100019c0 f   bg_animation.obj
 0001:00001090       _BG_EvaluateConditions     10002090 f   bg_animation.obj
 0001:00001130       _BG_FirstValidItem         10002130 f   bg_animation.obj
 0001:00001170       _BG_PlayAnim               10002170 f   bg_animation.obj
 0001:00001270       _BG_ExecuteCommand         10002270 f   bg_animation.obj
 0001:00001360       _BG_AnimScriptEvent        10002360 f   bg_animation.obj
 0001:00001410       _BG_GetAnimString          10002410 f   bg_animation.obj
 0001:00001440       _BG_UpdateConditionValue   10002440 f   bg_animation.obj
 0001:000014b0       _BG_GetConditionValue      100024b0 f   bg_animation.obj
 0001:00001540       _BG_GetConditionBitFlag    10002540 f   bg_animation.obj
 0001:00001590       _BG_SetConditionBitFlag    10002590 f   bg_animation.obj
 0001:000015c0       _BG_ClearConditionBitFlag  100025c0 f   bg_animation.obj
 0001:000015f0       _BG_GetAnimScriptAnimation 100025f0 f   bg_animation.obj
 0001:00001680       _BG_GetAnimationForIndex   10002680 f   bg_animation.obj
 0001:000016c0       _BG_AnimUpdatePlayerStateConditions 100026c0 f   bg_animation.obj
 0001:00001870       _BG_AnimScriptAnimation    10002870 f   bg_animation.obj
 0001:00001960       _BG_ClearAnimationPool     10002960 f   bg_animgroup.obj
 0001:00001da0       _BG_R_RegisterAnimationGroup 10002da0 f   bg_animgroup.obj
 0001:00001f90       _BG_ParseCharacterFile     10002f90 f   bg_character.obj
 0001:00002320       _BG_GetCharacter           10003320 f   bg_character.obj
 0001:00002350       _BG_ClearCharacterPool     10003350 f   bg_character.obj
 0001:00002380       _BG_FindFreeCharacter      10003380 f   bg_character.obj
 0001:00002410       _BG_FindCharacter          10003410 f   bg_character.obj
 0001:00002460       _BG_GetPlayerClassInfo     10003460 f   bg_classes.obj
 0001:00002490       _BG_ShortClassnameForNumber 10003490 f   bg_classes.obj
 0001:000024e0       _BG_ClassnameForNumber     100034e0 f   bg_classes.obj
 0001:00002530       _BG_ClassnameForNumber_Filename 10003530 f   bg_classes.obj
 0001:00002580       _BG_ClassSkillForClass     10003580 f   bg_classes.obj
 0001:000025c0       _BG_StringHashValue        100035c0 f   bg_misc.obj
 0001:00002610       _BG_GetFromTable           10003610 f   bg_misc.obj
 0001:00002790       _BG_FindItemForWeapon      10003790 f   bg_misc.obj
 0001:00002800       _BG_FindClipForWeapon      10003800 f   bg_misc.obj
 0001:00002840       _Init_FindClipForWeapon    10003840 f   bg_misc.obj
 0001:00002870       _BG_FindAmmoForWeapon      10003870 f   bg_misc.obj
 0001:000028b0       _Init_FindAmmoForWeapon    100038b0 f   bg_misc.obj
 0001:000028e0       _BG_AkimboFireSequence     100038e0 f   bg_misc.obj
 0001:00002920       _BG_AkimboSidearm          10003920 f   bg_misc.obj
 0001:00002970       _BG_CalculateSpline_r      10003970 f   bg_misc.obj
 0001:00002d30       _BG_TraverseSpline         10003d30 f   bg_misc.obj
 0001:00002e00       _BG_RaySphereIntersection  10003e00 f   bg_misc.obj
 0001:00002ed0       _BG_LinearPathOrigin2      10003ed0 f   bg_misc.obj
 0001:00003190       _BG_ComputeSegments        10004190 f   bg_misc.obj
 0001:000032f0       _BG_EvaluateTrajectoryDelta 100042f0 f   bg_misc.obj
 0001:00003540       _BG_AddPredictableEventToPlayerstate 10004540 f   bg_misc.obj
 0001:00003570       _BG_PlayerStateToEntityState 10004570 f   bg_misc.obj
 0001:00003910       _BG_DuplicateWeapon        10004910 f   bg_misc.obj
 0001:000039a0       _BG_ValidStatWeapon        100049a0 f   bg_misc.obj
 0001:00003a20       _BG_Find_PathCorner        10004a20 f   bg_misc.obj
 0001:00003a70       _BG_AddPathCorner          10004a70 f   bg_misc.obj
 0001:00003ae0       _BG_Find_Spline            10004ae0 f   bg_misc.obj
 0001:00003b30       _BG_AddSplinePath          10004b30 f   bg_misc.obj
 0001:00003bd0       _BG_AddSplineControl       10004bd0 f   bg_misc.obj
 0001:00003c20       _BG_SplineLength           10004c20 f   bg_misc.obj
 0001:00003d40       _BG_BuildSplinePaths       10004d40 f   bg_misc.obj
 0001:00003e50       _BG_GetSplineData          10004e50 f   bg_misc.obj
 0001:00003e90       _BG_CreateRotationMatrix   10004e90 f   bg_misc.obj
 0001:00003ec0       _BG_RotatePoint            10004ec0 f   bg_misc.obj
 0001:00003f40       _PC_String_Parse           10004f40 f   bg_misc.obj
 0001:00003f90       _PC_String_ParseNoAlloc    10004f90 f   bg_misc.obj
 0001:00003fe0       _WeaponStatsName           10004fe0 f   bg_misc.obj
 0001:00004020       _BG_simpleWeaponState      10005020 f   bg_misc.obj
 0001:00004070       _BG_cleanName              10005070 f   bg_misc.obj
 0001:000040e0       _BG_setCrosshair           100050e0 f   bg_misc.obj
 0001:000043d0       _BG_isLightWeaponSupportingFastReload 100053d0 f   bg_misc.obj
 0001:00004440       _BG_InitLocations          10005440 f   bg_misc.obj
 0001:00004550       _BG_GetLocationString      10005550 f   bg_misc.obj
 0001:000045c0       _BG_BBoxCollision          100055c0 f   bg_misc.obj
 0001:00004630       _BG_FootstepForSurface     10005630 f   bg_misc.obj
 0001:000046c0       _BG_ChargeUsage            100056c0 f   bg_misc.obj
 0001:00004850       _BG_CheckCharge            10005850 f   bg_misc.obj
 0001:00004bc0       _Q_vsnprintf               10005bc0 f   bg_misc.obj
 0001:00004c00       _BG_EvaluateTrajectory     10005c00 f   bg_misc.obj
 0001:00005590       _PC_SourceError            10006590 f   bg_misc.obj
 0001:00005600       _PC_Float_Parse            10006600 f   bg_misc.obj
 0001:000056b0       _PC_Color_Parse            100066b0 f   bg_misc.obj
 0001:00005700       _PC_Vec_Parse              10006700 f   bg_misc.obj
 0001:00005750       _PC_Int_Parse              10006750 f   bg_misc.obj
 0001:000057e0       _CheckSilent               100067e0 f   bg_pmove.obj
 0001:00005820       _PM_AddEvent               10006820 f   bg_pmove.obj
 0001:00005840       _PM_AddEventExt            10006840 f   bg_pmove.obj
 0001:00005860       _PM_IdleAnimForWeapon      10006860 f   bg_pmove.obj
 0001:000058b0       _PM_AltSwitchFromForWeapon 100068b0 f   bg_pmove.obj
 0001:000058c0       _PM_AltSwitchToForWeapon   100068c0 f   bg_pmove.obj
 0001:00005920       _PM_AttackAnimForWeapon    10006920 f   bg_pmove.obj
 0001:00005970       _PM_LastAttackAnimForWeapon 10006970 f   bg_pmove.obj
 0001:000059d0       _PM_ReloadAnimForWeapon    100069d0 f   bg_pmove.obj
 0001:00005a50       _PM_RaiseAnimForWeapon     10006a50 f   bg_pmove.obj
 0001:00005ae0       _PM_DropAnimForWeapon      10006ae0 f   bg_pmove.obj
 0001:00005b40       _PM_AddTouchEnt            10006b40 f   bg_pmove.obj
 0001:00005bd0       _PM_ContinueWeaponAnim     10006bd0 f   bg_pmove.obj
 0001:00005c10       _PM_ClipVelocity           10006c10 f   bg_pmove.obj
 0001:00005c90       _PM_TraceLegs              10006c90 f   bg_pmove.obj
 0001:00005ec0       _PM_TraceHead              10006ec0 f   bg_pmove.obj
 0001:00005fd0       _PM_TraceAllParts          10006fd0 f   bg_pmove.obj
 0001:00006140       _PM_TraceAll               10007140 f   bg_pmove.obj
 0001:00009260       _PM_WeaponUseAmmo          1000a260 f   bg_pmove.obj
 0001:00009340       _PM_WeaponAmmoAvailable    1000a340 f   bg_pmove.obj
 0001:000093e0       _PM_WeaponClipEmpty        1000a3e0 f   bg_pmove.obj
 0001:00009410       _PM_CoolWeapons            1000a410 f   bg_pmove.obj
 0001:00009570       _PM_AdjustAimSpreadScale   1000a570 f   bg_pmove.obj
 0001:00009b10       _PM_AltFire                1000ab10 f   bg_pmove.obj
 0001:00009b50       _PM_AltFiring              1000ab50 f   bg_pmove.obj
 0001:0000a2e0       _PM_UpdateLean             1000b2e0 f   bg_pmove.obj
 0001:0000a5e0       _PM_UpdateViewAngles       1000b5e0 f   bg_pmove.obj
 0001:0000b0b0       _PM_CheckLadderMove        1000c0b0 f   bg_pmove.obj
 0001:0000b3a0       _PM_LadderMove             1000c3a0 f   bg_pmove.obj
 0001:0000b650       _PM_Sprint                 1000c650 f   bg_pmove.obj
 0001:0000b870       _PM_CheckAttack            1000c870 f   bg_pmove.obj
 0001:0000b8e0       _PM_BeginWeaponChange      1000c8e0 f   bg_pmove.obj
 0001:0000bd10       _PM_CheckForReload         1000cd10 f   bg_pmove.obj
 0001:0000e180       _PmoveSingle               1000f180 f   bg_pmove.obj
 0001:0000e900       _Pmove                     1000f900 f   bg_pmove.obj
 0001:0000ea00       _PM_SlideMove              1000fa00 f   bg_slidemove.obj
 0001:0000f1b0       _PM_StepSlideMove          100101b0 f   bg_slidemove.obj
 0001:0000f770       _BG_ClearScriptSpeakerPool 10010770 f   bg_sscript.obj
 0001:0000f780       _BG_NumScriptSpeakers      10010780 f   bg_sscript.obj
 0001:0000f790       _BG_GetIndexForSpeaker     10010790 f   bg_sscript.obj
 0001:0000f7b0       _BG_GetScriptSpeaker       100107b0 f   bg_sscript.obj
 0001:0000f7e0       _BG_SS_DeleteSpeaker       100107e0 f   bg_sscript.obj
 0001:0000f840       _BG_SS_StoreSpeaker        10010840 f   bg_sscript.obj
 0001:0000fdf0       _BG_LoadSpeakerScript      10010df0 f   bg_sscript.obj
 0001:0000ff30       _BG_WeapStatForWeapon      10010f30 f   bg_stats.obj
 0001:0000ff50       _BG_GetStatDeaths          10010f50 f   bg_stats.obj
 0001:0000ff70       _BG_GetStatBestSpree       10010f70 f   bg_stats.obj
 0001:0000ff90       _BG_GetStatBounty          10010f90 f   bg_stats.obj
 0001:0000ffb0       _BG_GetKillSpree           10010fb0 f   bg_stats.obj
 0001:0000ffe0       _CG_GenerateTracemap       10010fe0 f   bg_tracemap.obj
 0001:00010ce0       _BG_LoadTraceMap           10011ce0 f   bg_tracemap.obj
 0001:00011330       _etpro_FinalizeTracemapClamp 10012330 f   bg_tracemap.obj
 0001:00011380       _BG_GetSkyHeightAtPoint    10012380 f   bg_tracemap.obj
 0001:00011410       _BG_GetSkyGroundHeightAtPoint 10012410 f   bg_tracemap.obj
 0001:000114a0       _BG_InitWeaponInfo         100124a0 f   bg_weapons.obj
 0001:00013810       _BG_RegisterWeapon         10014810 f   bg_weapons.obj
 0001:00013d60       _CG_AtmosphericKludge      10014d60 f   cg_atmospheric.obj
 0001:00014e30       _CG_EffectParse            10015e30 f   cg_atmospheric.obj
 0001:00015320       _CG_AddAtmosphericEffects  10016320 f   cg_atmospheric.obj
 0001:00015a90       _CG_RegisterCharacter      10016a90 f   cg_character.obj
 0001:00015de0       _CG_CharacterForClientinfo 10016de0 f   cg_character.obj
 0001:00015e90       _CG_CharacterForPlayerstate 10016e90 f   cg_character.obj
 0001:00015f10       _CG_RegisterPlayerClasses  10016f10 f   cg_character.obj
 0001:00016020       _C_StorePlayerPath         10017020 f   cg_commandmap.obj
 0001:000160b0       _C_InterpolatePlayerPath   100170b0 f   cg_commandmap.obj
 0001:00016250       _C_ResetPlayerPath         10017250 f   cg_commandmap.obj
 0001:00016290       _CG_TransformToCommandMapCoord 10017290 f   cg_commandmap.obj
 0001:000162e0       _CG_CurLayerForZ           100172e0 f   cg_commandmap.obj
 0001:00016520       _CG_TransformAutomapEntity 10017520 f   cg_commandmap.obj
 0001:00016640       _CG_AdjustAutomapZoom      10017640 f   cg_commandmap.obj
 0001:000166d0       _CG_ParseMapEntity         100176d0 f   cg_commandmap.obj
 0001:00016880       _CG_ParseMapEntity2        10017880 f   cg_commandmap.obj
 0001:00016990       _CG_ParseMapEntityInfo     10017990 f   cg_commandmap.obj
 0001:000169f0       _CG_ParseMapEntityInfo2    100179f0 f   cg_commandmap.obj
 0001:000173e0       _CG_DisguiseMapCheck       100183e0 f   cg_commandmap.obj
 0001:00017460       _CG_DrawMortarMarker       10018460 f   cg_commandmap.obj
 0001:00017880       _CG_CommandCentreSpawnPointClick 10018880 f   cg_commandmap.obj
 0001:000179d0       _CG_CommandMap_SetHighlightText 100189d0 f   cg_commandmap.obj
 0001:00017a10       _CG_CommandMap_DrawHighlightText 10018a10 f   cg_commandmap.obj
 0001:00017a60       _CG_DrawMapEntity          10018a60 f   cg_commandmap.obj
 0001:000188d0       _CG_DrawSpawnPointInfo     100198d0 f   cg_commandmap.obj
 0001:00018e10       _CG_DrawMap                10019e10 f   cg_commandmap.obj
 0001:000194c0       _CG_DrawExpandedAutoMap    1001a4c0 f   cg_commandmap.obj
 0001:00019980       _CG_DrawAutoMap            1001a980 f   cg_commandmap.obj
 0001:00019be0       _CG_ClassMenu_f            1001abe0 f   cg_consolecmds.obj
 0001:00019c20       _CG_Class_f                1001ac20 f   cg_consolecmds.obj
 0001:00019e50       _CG_LimboMenu_f            1001ae50 f   cg_consolecmds.obj
 0001:00019fb0       _CG_topshotsDown_f         1001afb0 f   cg_consolecmds.obj
 0001:0001a040       _CG_topshotsUp_f           1001b040 f   cg_consolecmds.obj
 0001:0001a0a0       _CG_ScoresDown_f           1001b0a0 f   cg_consolecmds.obj
 0001:0001a110       _CG_ScoresUp_f             1001b110 f   cg_consolecmds.obj
 0001:0001a2c0       _CG_QuickMessage_f         1001b2c0 f   cg_consolecmds.obj
 0001:0001a2f0       _CG_QuickFireteamMessage_f 1001b2f0 f   cg_consolecmds.obj
 0001:0001a330       _CG_QuickFireteamAdmin_f   1001b330 f   cg_consolecmds.obj
 0001:0001b1d0       _CG_currentTime_f          1001c1d0 f   cg_consolecmds.obj
 0001:0001b220       _CG_autoRecord_f           1001c220 f   cg_consolecmds.obj
 0001:0001b240       _CG_autoScreenShot_f       1001c240 f   cg_consolecmds.obj
 0001:0001b270       _CG_vstrDown_f             1001c270 f   cg_consolecmds.obj
 0001:0001b2b0       _CG_vstrUp_f               1001c2b0 f   cg_consolecmds.obj
 0001:0001b2f0       _CG_keyOn_f                1001c2f0 f   cg_consolecmds.obj
 0001:0001b330       _CG_keyOff_f               1001c330 f   cg_consolecmds.obj
 0001:0001b350       _CG_dumpStats_f            1001c350 f   cg_consolecmds.obj
 0001:0001b500       _CG_ForceTapOut_f          1001c500 f   cg_consolecmds.obj
 0001:0001b540       _CG_TimerSet_f             1001c540 f   cg_consolecmds.obj
 0001:0001b660       _CG_ResetTimer_f           1001c660 f   cg_consolecmds.obj
 0001:0001b8c0       _CG_ConsoleCommand         1001c8c0 f   cg_consolecmds.obj
 0001:0001b920       _CG_InitConsoleCommands    1001c920 f   cg_consolecmds.obj
 0001:0001bc20       _Crash_Printf              1001cc20 f   cg_crash.obj
 0001:0001bc80       _EnumModules@12            1001cc80 f   cg_crash.obj
 0001:0001bcb0       _ExceptionName             1001ccb0 f   cg_crash.obj
 0001:0001bef0       _win32_exceptioninfo       1001cef0 f   cg_crash.obj
 0001:0001bf30       _win32_dllinfo             1001cf30 f   cg_crash.obj
 0001:0001bf60       _win32_backtrace           1001cf60 f   cg_crash.obj
 0001:0001c0b0       _win32_exception_handler@4 1001d0b0 f   cg_crash.obj
 0001:0001c200       _win32_initialize_handler  1001d200 f   cg_crash.obj
 0001:0001c310       _win32_deinitialize_handler 1001d310 f   cg_crash.obj
 0001:0001c360       _EnableStackTrace          1001d360 f   cg_crash.obj
 0001:0001c370       _DisableStackTrace         1001d370 f   cg_crash.obj
 0001:0001c380       _CG_MapVoteList_KeyDown    1001d380 f   cg_debriefing.obj
 0001:0001c3e0       _CG_MapVote_VoteButton_KeyDown 1001d3e0 f   cg_debriefing.obj
 0001:0001c440       _CG_MapVoteList_Draw       1001d440 f   cg_debriefing.obj
 0001:0001c7d0       _CG_MapVote_MultiVoteButton_KeyDown 1001d7d0 f   cg_debriefing.obj
 0001:0001c860       _CG_Debriefing_ChatEdit_Draw 1001d860 f   cg_debriefing.obj
 0001:0001c9d0       _CG_Debriefing_ChatBox_Draw 1001d9d0 f   cg_debriefing.obj
 0001:0001cc50       _CG_ChatPanel_Setup        1001dc50 f   cg_debriefing.obj
 0001:0001ccf0       _CG_Debriefing_Startup     1001dcf0 f   cg_debriefing.obj
 0001:0001cdc0       _CG_Debriefing_Shutdown    1001ddc0 f   cg_debriefing.obj
 0001:0001cdd0       _CG_Debriefing_InfoRequests 1001ddd0 f   cg_debriefing.obj
 0001:0001cea0       _CG_Debriefing_GetNextWeaponStat 1001dea0 f   cg_debriefing.obj
 0001:0001cee0       _CG_DebriefingPlayerWeaponStats_Draw 1001dee0 f   cg_debriefing.obj
 0001:0001d0f0       _WM_TimeToString           1001e0f0 f   cg_scoreboard.obj
 0001:0001d0f0       _CG_Debriefing_TimeToString 1001e0f0 f   cg_debriefing.obj
 0001:0001d150       _CG_DebriefingTitle_Draw   1001e150 f   cg_debriefing.obj
 0001:0001d360       _CG_DebriefingXPHeader_Draw 1001e360 f   cg_debriefing.obj
 0001:0001d3a0       _CG_SortPlayersByXP        1001e3a0 f   cg_debriefing.obj
 0001:0001d400       _CG_Debriefing_FullRankNameForClientInfo 1001e400 f   cg_debriefing.obj
 0001:0001d440       _CG_Debriefing_RankNameForClientInfo 1001e440 f   cg_debriefing.obj
 0001:0001d480       _CG_Debriefing_ParseWeaponAccuracies 1001e480 f   cg_debriefing.obj
 0001:0001d4d0       _CG_Debriefing_ParsePlayerKillsDeaths 1001e4d0 f   cg_debriefing.obj
 0001:0001d540       _CG_Debriefing_ParseWeaponStats 1001e540 f   cg_debriefing.obj
 0001:0001d5f0       _CG_Debriefing_ScrollGetMax 1001e5f0 f   cg_debriefing.obj
 0001:0001d640       _CG_Debriefing_ScrollGetOffset 1001e640 f   cg_debriefing.obj
 0001:0001d690       _CG_Debriefing_ScrollSetOffset 1001e690 f   cg_debriefing.obj
 0001:0001d6f0       _CG_Debriefing_Scrollbar_KeyUp 1001e6f0 f   cg_debriefing.obj
 0001:0001d720       _CG_Debriefing_KeyEvent    1001e720 f   cg_debriefing.obj
 0001:0001d7b0       _CG_Debriefing_PlayerHitRegions_Draw 1001e7b0 f   cg_debriefing.obj
 0001:0001de40       _CG_Debriefing_PlayerTime_Draw 1001ee40 f   cg_debriefing.obj
 0001:0001df50       _CG_Debrieing_SetSelectedClient 1001ef50 f   cg_debriefing.obj
 0001:0001df80       _CG_Debriefing_ChatButton_KeyDown 1001ef80 f   cg_debriefing.obj
 0001:0001e000       _CG_Debriefing_ReadyButton_KeyDown 1001f000 f   cg_debriefing.obj
 0001:0001e040       _CG_Debriefing_QCButton_KeyDown 1001f040 f   cg_debriefing.obj
 0001:0001e060       _CG_Debriefing_NextButton_KeyDown 1001f060 f   cg_debriefing.obj
 0001:0001e0b0       _CG_Debriefing_ChatEditFinish 1001f0b0 f   cg_debriefing.obj
 0001:0001e140       _CG_TeamDebriefingMapList_KeyDown 1001f140 f   cg_debriefing.obj
 0001:0001e190       _CG_TeamDebriefingOutcome_Draw 1001f190 f   cg_debriefing.obj
 0001:0001e300       _CG_TeamDebriefingMapList_Draw 1001f300 f   cg_debriefing.obj
 0001:0001e450       _CG_TeamDebriefing_CalcXP  1001f450 f   cg_debriefing.obj
 0001:0001e510       _CG_TeamDebriefingTeamSkillXP_Draw 1001f510 f   cg_debriefing.obj
 0001:0001e5a0       _CG_TeamDebriefingMapShot_Draw 1001f5a0 f   cg_debriefing.obj
 0001:0001e650       _CG_RunMenuScript          1001f650 f   cg_newDraw.obj
 0001:0001e650       _CG_TeamDebriefingMapWinner_Draw 1001f650 f   cg_debriefing.obj
 0001:0001e650       _Script_NotebookShowpage   1001f650 f   ui_shared.obj
 0001:0001e650       _CG_OwnerDraw              1001f650 f   cg_newDraw.obj
 0001:0001e650       _Script_Clipboard          1001f650 f   ui_shared.obj
 0001:0001e660       _CG_PanelButtonsRender_Button_Ext 1001f660 f   cg_debriefing.obj
 0001:0001e7f0       _CG_PanelButtonsRender_Button 1001f7f0 f   cg_debriefing.obj
 0001:0001e810       _CG_PanelButtonsRender_Window_Ext 1001f810 f   cg_debriefing.obj
 0001:0001e9b0       _CG_PanelButtonsRender_Window 1001f9b0 f   cg_debriefing.obj
 0001:0001e9e0       _CG_Debreifing2_WinStringForTeam 1001f9e0 f   cg_debriefing.obj
 0001:0001ea10       _CG_Debreifing2_Awards_Parse 1001fa10 f   cg_debriefing.obj
 0001:0001ebd0       _CG_Debreifing2_Awards_Draw 1001fbd0 f   cg_debriefing.obj
 0001:0001ed60       _CG_Debriefing_FindWinningTeamForMap 1001fd60 f   cg_debriefing.obj
 0001:0001eda0       _CG_Debriefing_FindWinningTeamForPos 1001fda0 f   cg_debriefing.obj
 0001:0001eee0       _CG_Debriefing_FindOveralWinningTeam 1001fee0 f   cg_debriefing.obj
 0001:0001eef0       _CG_Debriefing_FindWinningTeam 1001fef0 f   cg_debriefing.obj
 0001:0001ef10       _CG_Debriefing2_Maps_KeyDown 1001ff10 f   cg_debriefing.obj
 0001:0001ef70       _CG_Debriefing2TeamSkillHeaders_Draw 1001ff70 f   cg_debriefing.obj
 0001:0001f090       _CG_Debriefing2TeamSkillXP_Draw 10020090 f   cg_debriefing.obj
 0001:0001f230       _CG_parseMapVoteListInfo   10020230 f   cg_debriefing.obj
 0001:0001f380       _CG_parseMapVoteTally      10020380 f   cg_debriefing.obj
 0001:0001f3c0       _CG_MapVote_MultiVoteButton_Draw 100203c0 f   cg_debriefing.obj
 0001:0001f4a0       _CG_MapVote_VoteButton_Draw 100204a0 f   cg_debriefing.obj
 0001:0001f560       _CG_Debriefing_Draw        10020560 f   cg_debriefing.obj
 0001:0001f6b0       _CG_DebriefingPlayerList_KeyDown 100206b0 f   cg_debriefing.obj
 0001:0001f720       _CG_DebriefingPlayerList_Draw 10020720 f   cg_debriefing.obj
 0001:0001fb80       _CG_Debriefing_ScrollGetCount 10020b80 f   cg_debriefing.obj
 0001:0001fc80       _CG_Debriefing_ScrollGetBarRect 10020c80 f   cg_debriefing.obj
 0001:0001fd20       _CG_Debriefing_ScrollCheckOffset 10020d20 f   cg_debriefing.obj
 0001:0001fd80       _CG_Debriefing_Scrollbar_Draw 10020d80 f   cg_debriefing.obj
 0001:0001feb0       _CG_Debriefing_Scrollbar_KeyDown 10020eb0 f   cg_debriefing.obj
 0001:0001ff10       _CG_Debriefing_GetSelectedClientInfo 10020f10 f   cg_debriefing.obj
 0001:0001ff60       _CG_Debriefing_HTMLButton_Draw 10020f60 f   cg_debriefing.obj
 0001:0001ff80       _CG_Debriefing_ReadyButton_Draw 10020f80 f   cg_debriefing.obj
 0001:0001ffb0       _CG_Debriefing_ChatButton_Draw 10020fb0 f   cg_debriefing.obj
 0001:00020010       _CG_Debriefing_NextButton_Draw 10021010 f   cg_debriefing.obj
 0001:00020020       _CG_Debreifing2_MissionTitle_Draw 10021020 f   cg_debriefing.obj
 0001:000202a0       _CG_Debreifing2_Maps_Draw  100212a0 f   cg_debriefing.obj
 0001:00020540       _CG_Debreifing2_Mission_Draw 10021540 f   cg_debriefing.obj
 0001:000210c0       _CG_Debriefing_MouseEvent  100220c0 f   cg_debriefing.obj
 0001:00021200       _CG_Debriefing_PlayerSkills_Draw 10022200 f   cg_debriefing.obj
 0001:00021480       _CG_Debriefing_PlayerACC_Draw 10022480 f   cg_debriefing.obj
 0001:00021560       _CG_Debriefing_PlayerXP_Draw 10022560 f   cg_debriefing.obj
 0001:00021640       _CG_Debriefing_PlayerMedals_Draw 10022640 f   cg_debriefing.obj
 0001:00021740       _CG_Debriefing_PlayerRank_Draw 10022740 f   cg_debriefing.obj
 0001:00021810       _CG_Debriefing_PlayerName_Draw 10022810 f   cg_debriefing.obj
 0001:00021860       _CG_Text_SetActiveFont     10022860 f   cg_draw.obj
 0001:00021870       _CG_Text_Width_Ext         10022870 f   cg_draw.obj
 0001:00021910       _CG_Text_Width             10022910 f   cg_draw.obj
 0001:00021940       _CG_Text_Height_Ext        10022940 f   cg_draw.obj
 0001:000219f0       _CG_Text_Height            100229f0 f   cg_draw.obj
 0001:00021a20       _CG_Text_PaintChar_Ext     10022a20 f   cg_draw.obj
 0001:00021aa0       _CG_Text_Paint_Ext         10022aa0 f   cg_draw.obj
 0001:00021d60       _CG_Text_Paint             10022d60 f   cg_draw.obj
 0001:00022a30       _CG_DrawTime               10023a30 f   cg_draw.obj
 0001:00023030       _CG_PickupItemText         10024030 f   cg_draw.obj
 0001:00023190       _CG_AddLagometerFrameInfo  10024190 f   cg_draw.obj
 0001:000231c0       _CG_AddLagometerSnapshotInfo 100241c0 f   cg_draw.obj
 0001:00023830       _CG_CenterPrint            10024830 f   cg_draw.obj
 0001:00023920       _CG_PrintAnnouncement      10024920 f   cg_draw.obj
 0001:00023a10       _CG_PriorityCenterPrint    10024a10 f   cg_draw.obj
 0001:000256b0       _CG_ScanForCrosshairMine   100266b0 f   cg_draw.obj
 0001:00025780       _CG_ScanForCrosshairDynamite 10026780 f   cg_draw.obj
 0001:000259e0       _CG_CheckForCursorHints    100269e0 f   cg_draw.obj
 0001:00025d70       _CG_CrosshairClientMaxHealth 10026d70 f   cg_draw.obj
 0001:00027810       _CG_CalculateReinfTime_Float 10028810 f   cg_draw.obj
 0001:000278a0       _CG_CalculateReinfTime     100288a0 f   cg_draw.obj
 0001:00028510       _CG_ObjectivePrint         10029510 f   cg_draw.obj
 0001:000289c0       _CG_DrawObjectiveIcons     100299c0 f   cg_draw.obj
 0001:00028c60       _CG_DrawTimedMenus         10029c60 f   cg_draw.obj
 0001:00028ca0       _CG_Fade                   10029ca0 f   cg_draw.obj
 0001:00028e60       _CG_DrawCompassIcon        10029e60 f   cg_draw.obj
 0001:0002a230       _CG_CheckDisguise          1002b230 f   cg_draw.obj
 0001:0002aa10       _CG_ClassSkillForPosition  1002ba10 f   cg_draw.obj
 0001:0002aad0       _CG_DrawSkillLevels        1002bad0 f   cg_draw.obj
 0001:0002b0a0       _CG_DrawActivePowerups     1002c0a0 f   cg_draw.obj
 0001:0002b610       _CG_AltHudPowerups         1002c610 f   cg_draw.obj
 0001:0002ba00       _CG_InitStatsDebug         1002ca00 f   cg_draw.obj
 0001:0002ba40       _CG_StatsDebugAddText      1002ca40 f   cg_draw.obj
 0001:0002bd20       _CG_DrawDemoRecording      1002cd20 f   cg_draw.obj
 0001:0002be60       _CG_DrawOnScreenNames      1002ce60 f   cg_draw.obj
 0001:0002c010       _CG_StartShakeCamera       1002d010 f   cg_draw.obj
 0001:0002c080       _CG_ShakeCamera            1002d080 f   cg_draw.obj
 0001:0002c290       _CG_Coronas                1002d290 f   cg_draw.obj
 0001:0002c3f0       _CG_DrawMiscGamemodels     1002d3f0 f   cg_draw.obj
 0001:0002c580       _C_CSMethodData            1002d580 f   cg_draw.obj
 0001:0002c7b0       _CG_DrawMissileCamera      1002d7b0 f   cg_draw.obj
 0001:0002ca90       _CG_DrawKillerCamera       1002da90 f   cg_draw.obj
 0001:0002cd80       _CG_DrawAnnouncer          1002dd80 f   cg_draw.obj
 0001:0002d060       _CG_AddAnnouncer           1002e060 f   cg_draw.obj
 0001:0002d150       _CG_Text_Paint_Centred_Ext 1002e150 f   cg_draw.obj
 0001:0002e6c0       _CG_DrawActive             1002f6c0 f   cg_draw.obj
 0001:0002e850       _CG_AdjustFrom640          1002f850 f   cg_drawtools.obj
 0001:0002e8c0       _Ccg_Is43Screen            1002f8c0 f   cg_drawtools.obj
 0001:0002e8e0       _Ccg_WideX                 1002f8e0 f   cg_drawtools.obj
 0001:0002e920       _Ccg_WideXoffset           1002f920 f   cg_drawtools.obj
 0001:0002e970       _CG_FillRect               1002f970 f   cg_drawtools.obj
 0001:0002e9e0       _CG_FilledBar              1002f9e0 f   cg_drawtools.obj
 0001:0002ec60       _CG_DrawSides              1002fc60 f   cg_drawtools.obj
 0001:0002ed20       _CG_DrawTopBottom          1002fd20 f   cg_drawtools.obj
 0001:0002ede0       _CG_DrawSides_NoScale      1002fde0 f   cg_drawtools.obj
 0001:0002ee90       _CG_DrawTopBottom_NoScale  1002fe90 f   cg_drawtools.obj
 0001:0002ef40       _CG_DrawRect               1002ff40 f   cg_drawtools.obj
 0001:0002efb0       _CG_DrawRect_FixedBorder   1002ffb0 f   cg_drawtools.obj
 0001:0002f020       _CG_DrawPicST              10030020 f   cg_drawtools.obj
 0001:0002f090       _CG_DrawPic                10030090 f   cg_drawtools.obj
 0001:0002f160       _CG_DrawRotatedPic         10030160 f   cg_drawtools.obj
 0001:0002f1d0       _CG_DrawChar               100301d0 f   cg_drawtools.obj
 0001:0002f2c0       _CG_DrawChar2              100302c0 f   cg_drawtools.obj
 0001:0002f3b0       _CG_DrawStringExt          100303b0 f   cg_drawtools.obj
 0001:0002f560       _CG_DrawStringExt_Shadow   10030560 f   cg_drawtools.obj
 0001:0002f700       _CG_DrawStringExt2         10030700 f   cg_drawtools.obj
 0001:0002f740       _CG_DrawBigString          10030740 f   cg_drawtools.obj
 0001:0002f790       _CG_DrawSmallString        10030790 f   cg_drawtools.obj
 0001:0002f7e0       _CG_DrawSmallStringColor   100307e0 f   cg_drawtools.obj
 0001:0002f810       _CG_DrawTinyStringColor    10030810 f   cg_drawtools.obj
 0001:0002f840       _CG_DrawMicroStringColor   10030840 f   cg_drawtools.obj
 0001:0002f870       _CG_DrawStrlen             10030870 f   cg_drawtools.obj
 0001:0002f950       _CG_TileClear              10030950 f   cg_drawtools.obj
 0001:0002fa00       _CG_FadeColor              10030a00 f   cg_drawtools.obj
 0001:0002fa70       _CG_ColorForHealth         10030a70 f   cg_drawtools.obj
 0001:0002fb20       _CG_TranslateString        10030b20 f   cg_drawtools.obj
 0001:0002fb60       _CG_BubbleTrail            10030b60 f   cg_effects.obj
 0001:0002fe00       _CG_SmokePuff              10030e00 f   cg_effects.obj
 0001:0002ffd0       _CG_AddBloodTrails         10030fd0 f   cg_effects.obj
 0001:000301c0       _CG_Bleed                  100311c0 f   cg_effects.obj
 0001:00030310       _CG_LaunchGib              10031310 f   cg_effects.obj
 0001:00030600       _CG_GetOriginForTag        10031600 f   cg_effects.obj
 0001:000307c0       _CG_RumbleEfx              100317c0 f   cg_effects.obj
 0001:000309d0       _InitSmokeSprites          100319d0 f   cg_effects.obj
 0001:00030b90       _CG_SpawnSmokeSprite       10031b90 f   cg_effects.obj
 0001:00030c80       _CG_RenderSmokeGrenadeSmoke 10031c80 f   cg_effects.obj
 0001:00030f30       _CG_AddSmokeSprites        10031f30 f   cg_effects.obj
 0001:000312f0       _CG_LoseACC                100322f0 f   cg_effects.obj
 0001:000315f0       _CG_GibPlayer              100325f0 f   cg_effects.obj
 0001:00031c50       _CG_PositionEntityOnTag    10032c50 f   cg_ents.obj
 0001:00031e00       _CG_PositionRotatedEntityOnTag 10032e00 f   cg_ents.obj
 0001:000320e0       _CG_SetEntitySoundPosition 100330e0 f   cg_ents.obj
 0001:00032160       _CG_AddLightstyle          10033160 f   cg_ents.obj
 0001:00032eb0       _CG_PlayerSeesItem         10033eb0 f   cg_ents.obj
 0001:00034aa0       _CG_Beam_2                 10035aa0 f   cg_ents.obj
 0001:00034c10       _CG_Beam                   10035c10 f   cg_ents.obj
 0001:00035100       _CG_Cabinet                10036100 f   cg_ents.obj
 0001:000352d0       _CG_SetupCabinets          100362d0 f   cg_ents.obj
 0001:00035600       _CG_AddLinkedEntity        10036600 f   cg_ents.obj
 0001:00035b40       _CGRefEntityToTag          10036b40 f   cg_ents.obj
 0001:00035ba0       _CGTagToRefEntity          10036ba0 f   cg_ents.obj
 0001:00035c00       _CG_AdjustPositionForMover 10036c00 f   cg_ents.obj
 0001:00035ec0       _CG_CalcEntityLerpPositions 10036ec0 f   cg_ents.obj
 0001:00035fb0       _CG_AddCEntity             10036fb0 f   cg_ents.obj
 0001:00035ff0       _CG_AddEntityToTag         10036ff0 f   cg_ents.obj
 0001:00036280       _CG_AddCEntity_Filter      10037280 f   cg_ents.obj
 0001:000362e0       _CG_AttachBitsToTank       100372e0 f   cg_ents.obj
 0001:00036660       _CG_Mover_PostProcess      10037660 f   cg_ents.obj
 0001:000368f0       _CG_AddPacketEntities      100378f0 f   cg_ents.obj
 0001:00036b70       _Init_Obituaries           10037b70 f   cg_event.obj
 0001:00037600       _CG_PainEvent              10038600 f   cg_event.obj
 0001:00037630       _CG_PrecacheFXSounds       10038630 f   cg_event.obj
 0001:00037670       _CG_RubbleFx               10038670 f   cg_event.obj
 0001:00037e00       _CG_Explodef               10038e00 f   cg_event.obj
 0001:00038590       _CG_Shard                  10039590 f   cg_event.obj
 0001:00038940       _CG_ShardJunk              10039940 f   cg_event.obj
 0001:00038b30       _CG_Debris                 10039b30 f   cg_event.obj
 0001:00038ca0       _CG_MortarImpact           10039ca0 f   cg_event.obj
 0001:00038dd0       _CG_MortarMiss             10039dd0 f   cg_event.obj
 0001:00038e40       _SoundWithinDistance       10039e40 f   cg_event.obj
 0001:00038eb0       _CG_StartFallDamageSound   10039eb0 f   cg_event.obj
 0001:00038f30       _C_HandleAnnounce          10039f30 f   cg_event.obj
 0001:00039110       _CG_Explode                1003a110 f   cg_event.obj
 0001:00039230       _CG_Rubble                 1003a230 f   cg_event.obj
 0001:00039380       _CG_Effect                 1003a380 f   cg_event.obj
 0001:00039700       _CG_EntityEvent            1003a700 f   cg_event.obj
 0001:0003cbd0       _CG_CheckEvents            1003dbd0 f   cg_event.obj
 0001:0003ccd0       _CG_IsOnFireteam           1003dcd0 f   cg_fireteamoverlay.obj
 0001:0003cd00       _CG_IsFireTeamLeader       1003dd00 f   cg_fireteamoverlay.obj
 0001:0003cd30       _CG_SortedFireTeamPlayerForPosition 1003dd30 f   cg_fireteamoverlay.obj
 0001:0003cda0       _SkillNumForClass          1003dda0 f   cg_fireteamoverlay.obj
 0001:0003cdf0       _weaponIconScale           1003ddf0 f   cg_fireteamoverlay.obj
 0001:0003ce70       _CG_DrawFireTeamOverlay    1003de70 f   cg_fireteamoverlay.obj
 0001:0003d5f0       _CG_FireteamHasClass       1003e5f0 f   cg_fireteamoverlay.obj
 0001:0003d670       _CG_BuildSelectedFirteamString 1003e670 f   cg_fireteamoverlay.obj
 0001:0003d730       _CG_IsOnSameFireteam       1003e730 f   cg_fireteamoverlay.obj
 0001:0003d760       _CG_FireteamOverlayHeight  1003e760 f   cg_fireteamoverlay.obj
 0001:0003d7f0       _CG_SortFireTeam           1003e7f0 f   cg_fireteamoverlay.obj
 0001:0003d890       _CG_SortClientFireteam     1003e890 f   cg_fireteamoverlay.obj
 0001:0003d8d0       _CG_ParseFireteams         1003e8d0 f   cg_fireteamoverlay.obj
 0001:0003da40       _CG_Fireteams_MenuTitleText_Draw 1003ea40 f   cg_fireteams.obj
 0001:0003dc50       _CG_CountFireteamsByTeam   1003ec50 f   cg_fireteams.obj
 0001:0003dd30       _CG_DrawFireteamsByTeam    1003ed30 f   cg_fireteams.obj
 0001:0003de20       _CG_CountPlayersSF         1003ee20 f   cg_fireteams.obj
 0001:0003dea0       _CG_CountPlayersNF         1003eea0 f   cg_fireteams.obj
 0001:0003df00       _CG_PlayerSFFromPos        1003ef00 f   cg_fireteams.obj
 0001:0003dfe0       _CG_PlayerNFFromPos        1003efe0 f   cg_fireteams.obj
 0001:0003e0b0       _CG_DrawPlayerSF           1003f0b0 f   cg_fireteams.obj
 0001:0003e250       _CG_DrawPlayerNF           1003f250 f   cg_fireteams.obj
 0001:0003e3f0       _CG_Fireteams_MenuText_Draw 1003f3f0 f   cg_fireteams.obj
 0001:0003e940       _CG_Fireteams_Setup        1003f940 f   cg_fireteams.obj
 0001:0003e950       _CG_Fireteams_Draw         1003f950 f   cg_fireteams.obj
 0001:0003e960       _CG_FireteamCheckExecKey   1003f960 f   cg_fireteams.obj
 0001:0003f140       _CG_Fireteams_KeyHandling  10040140 f   cg_fireteams.obj
 0001:0003f160       _CG_FlameLerpVec           10040160 f   cg_flamethrower.obj
 0001:0003f1b0       _CG_FlameAdjustSpeed       100401b0 f   cg_flamethrower.obj
 0001:0003f210       _CG_ClearFlameChunks       10040210 f   cg_flamethrower.obj
 0001:0003f2a0       _CG_SpawnFlameChunk        100402a0 f   cg_flamethrower.obj
 0001:0003f350       _CG_FreeFlameChunk         10040350 f   cg_flamethrower.obj
 0001:0003f3f0       _CG_MergeFlameChunks       100403f0 f   cg_flamethrower.obj
 0001:0003f480       _CG_FlameCalcOrg           10040480 f   cg_flamethrower.obj
 0001:0003f4d0       _CG_MoveFlameChunk         100404d0 f   cg_flamethrower.obj
 0001:0003f810       _CG_AddFlameSpriteToScene  10040810 f   cg_flamethrower.obj
 0001:0003fdb0       _CG_AddFlameToScene        10040db0 f   cg_flamethrower.obj
 0001:00040590       _CG_InitFlameChunks        10041590 f   cg_flamethrower.obj
 0001:00040610       _CG_AddFlameChunks         10041610 f   cg_flamethrower.obj
 0001:00040760       _CG_UpdateFlamethrowerSounds 10041760 f   cg_flamethrower.obj
 0001:00040870       _CG_FireFlameChunks        10041870 f   cg_flamethrower.obj
 0001:00040f90       _CG_LoadingString          10041f90 f   cg_info.obj
 0001:00040fe0       _CG_DrawInformation        10041fe0 f   cg_info.obj
 0001:00041100       _CG_ShowHelp_On            10042100 f   cg_info.obj
 0001:00041160       _CG_ShowHelp_Off           10042160 f   cg_info.obj
 0001:000411c0       _CG_DemoClick              100421c0 f   cg_info.obj
 0001:000417f0       _CG_GameStatsDraw          100427f0 f   cg_info.obj
 0001:000421e0       _CG_TopShotsDraw           100431e0 f   cg_info.obj
 0001:00042750       _CG_DemoHelpDraw           10043750 f   cg_info.obj
 0001:00042b30       _CG_getBindKeyName         10043b30 f   cg_info.obj
 0001:00042bb0       _CG_DrawOverlays           10043bb0 f   cg_info.obj
 0001:00042bd0       _CG_LimboPanel_BriefingButton_KeyDown 10043bd0 f   cg_limbopanel.obj
 0001:00042c60       _CG_LimboPanel_BriefingButton_Draw 10043c60 f   cg_limbopanel.obj
 0001:00042ce0       _CG_LimboPanel_NameEditFinish 10043ce0 f   cg_limbopanel.obj
 0001:00042d20       _CG_LimboPanel_CancelButton_KeyDown 10043d20 f   cg_limbopanel.obj
 0001:00042d80       _CG_LimboPanel_PlusButton_KeyDown 10043d80 f   cg_limbopanel.obj
 0001:00042de0       _CG_LimboPanel_MinusButton_KeyDown 10043de0 f   cg_limbopanel.obj
 0001:00042e40       _CG_LimboPanel_RenderObjectiveBack 10043e40 f   cg_limbopanel.obj
 0001:00042e80       _CG_LimboPanel_RenderCommandMap 10043e80 f   cg_limbopanel.obj
 0001:00042ed0       _CG_DrawLimboPlayerHead    10043ed0 f   cg_limbopanel.obj
 0001:00043250       _CG_LimboPanel_Filter_KeyDown 10044250 f   cg_limbopanel.obj
 0001:00043290       _CG_LimboPanel_Filter_Draw 10044290 f   cg_limbopanel.obj
 0001:00043340       _CG_DrawBorder             10044340 f   cg_limbopanel.obj
 0001:00043630       _CG_LimboPanel_Border_Draw 10044630 f   cg_limbopanel.obj
 0001:00043670       _CG_LimboPanel_RenderCounterNumber 10044670 f   cg_limbopanel.obj
 0001:00043740       _CG_LimboPanel_RenderCounter_MaxChangeForButton 10044740 f   cg_limbopanel.obj
 0001:00043760       _CG_LimboPanel_RenderCounter_NumRollers 10044760 f   cg_limbopanel.obj
 0001:000437e0       _CG_LimboPanel_RenderCounter_CountsDown 100447e0 f   cg_limbopanel.obj
 0001:00043800       _CG_LimboPanel_RenderCounter_CountsUp 10044800 f   cg_limbopanel.obj
 0001:00043820       _CG_LimboPanel_RenderCounter_StartSet 10044820 f   cg_limbopanel.obj
 0001:00043840       _CG_LimboPanel_RenderMedal 10044840 f   cg_limbopanel.obj
 0001:000438e0       _CG_LimboPanel_RenderCounter_IsReversed 100448e0 f   cg_limbopanel.obj
 0001:00043900       _CG_LimboPanel_RenderCounter_GetShaders 10044900 f   cg_limbopanel.obj
 0001:00043950       _CG_LimboPanelRenderText_NoLMS 10044950 f   cg_limbopanel.obj
 0001:00043950       _CG_LimboPanelRenderText_SkillsText 10044950 f   cg_limbopanel.obj
 0001:00043970       _CG_LimboPanel_Init        10044970 f   cg_limbopanel.obj
 0001:000439a0       _CG_LimboPanel_KeyHandling 100449a0 f   cg_limbopanel.obj
 0001:00043a20       _CG_LimboPanel_GetWeaponCardIconData 10044a20 f   cg_limbopanel.obj
 0001:00043cf0       _CG_LimboPanel_GetTeam     10044cf0 f   cg_limbopanel.obj
 0001:00043d00       _CG_LimboPanel_GetRealTeam 10044d00 f   cg_limbopanel.obj
 0001:00043d20       _CG_LimboPanel_GetClass    10044d20 f   cg_limbopanel.obj
 0001:00043d30       _CG_LimboPanel_GetCharacter 10044d30 f   cg_limbopanel.obj
 0001:00043d50       _CG_LimboPanel_GetPlayerClass 10044d50 f   cg_limbopanel.obj
 0001:00043d70       _CG_LimboPanel_WeaponCount_ForSlot 10044d70 f   cg_limbopanel.obj
 0001:00043e40       _CG_LimboPanel_SetSelectedWeaponNumForSlot 10044e40 f   cg_limbopanel.obj
 0001:00043eb0       _CG_LimboPanel_ClassCount  10044eb0 f   cg_limbopanel.obj
 0001:00043f20       _CG_LimboPanel_TeamCount   10044f20 f   cg_limbopanel.obj
 0001:00043fa0       _CG_LimboPanel_TeamCount2  10044fa0 f   cg_limbopanel.obj
 0001:00043ff0       _CG_LimboPanel_ClassIsDisabled 10044ff0 f   cg_limbopanel.obj
 0001:00044070       _CG_LimboPanel_RealWeaponIsDisabled 10045070 f   cg_limbopanel.obj
 0001:00044130       _CG_LimboPanel_RenderTeamButton 10045130 f   cg_limbopanel.obj
 0001:000442d0       _CG_LimboPanel_ClassBar_Draw 100452d0 f   cg_limbopanel.obj
 0001:000444c0       _CG_LimboPanel_RenderClassButton 100454c0 f   cg_limbopanel.obj
 0001:000447b0       _CG_LimboPanel_GetMaxObjectives 100457b0 f   cg_limbopanel.obj
 0001:000447e0       _CG_LimboPanel_RenderObjectiveText 100457e0 f   cg_limbopanel.obj
 0001:00044b80       _CG_LimboPanel_RenderLight_GetValue 10045b80 f   cg_limbopanel.obj
 0001:00044bc0       _CG_LimboPanel_RenderLight 10045bc0 f   cg_limbopanel.obj
 0001:00044ca0       _CG_LimboPanel_RenderHead  10045ca0 f   cg_limbopanel.obj
 0001:00045050       _CG_LimboPanel_RenderSkillIcon 10046050 f   cg_limbopanel.obj
 0001:000450b0       _CG_LimboPanel_WeaponLights 100460b0 f   cg_limbopanel.obj
 0001:00045110       _CG_LimboPanel_WeaponPanel_KeyDown 10046110 f   cg_limbopanel.obj
 0001:00045160       _CG_LimboPanel_WeaponPanel_DrawWeapon 10046160 f   cg_limbopanel.obj
 0001:00045520       _CG_LimboPanel_RenderCounter_ValueForButton 10046520 f   cg_limbopanel.obj
 0001:00045760       _CG_LimboPanel_RenderCounter_RollTimeForButton 10046760 f   cg_limbopanel.obj
 0001:00045810       _CG_LimboPanel_RenderCounter 10046810 f   cg_limbopanel.obj
 0001:00045da0       _CG_LimboPanel_WeaponCount 10046da0 f   cg_limbopanel.obj
 0001:00045db0       _CG_LimboPanel_RequestObjective 10046db0 f   cg_limbopanel.obj
 0001:00045e20       _CG_LimboPanel_WeaponIsDisabled 10046e20 f   cg_limbopanel.obj
 0001:00045e40       _CG_LimboPanel_ObjectiveText_KeyDown 10046e40 f   cg_limbopanel.obj
 0001:00045eb0       _CG_LimboPanel_Draw        10046eb0 f   cg_limbopanel.obj
 0001:00045fd0       _CG_LimboPanel_GetWeaponForNumber 10046fd0 f   cg_limbopanel.obj
 0001:00046130       _CG_LimboPanel_GetSelectedWeaponForSlot 10047130 f   cg_limbopanel.obj
 0001:00046160       _CG_LimboPanel_GetSelectedWeaponNum 10047160 f   cg_limbopanel.obj
 0001:000461a0       _CG_LimboPanel_SendSetupMsg 100471a0 f   cg_limbopanel.obj
 0001:000462e0       _CG_LimboPanel_OkButton_KeyDown 100472e0 f   cg_limbopanel.obj
 0001:00046310       _CG_LimboPanel_GetSelectedWeapon 10047310 f   cg_limbopanel.obj
 0001:00046330       _CG_LimboPanel_GetSelectedWeaponStat 10047330 f   cg_limbopanel.obj
 0001:00046340       _CG_LimboPanel_WeaponPanel 10047340 f   cg_limbopanel.obj
 0001:00046720       _CG_LimboPanel_RequestWeaponStats 10047720 f   cg_limbopanel.obj
 0001:00046740       _CG_LimboPanel_SetSelectedWeaponNum 10047740 f   cg_limbopanel.obj
 0001:00046780       _CG_LimboPanel_TeamButton_KeyDown 10047780 f   cg_limbopanel.obj
 0001:00046800       _CG_LimboPanel_ClassButton_KeyDown 10047800 f   cg_limbopanel.obj
 0001:00046870       _CG_LimboPanel_WeaponLights_KeyDown 10047870 f   cg_limbopanel.obj
 0001:000468c0       _CG_LimboPanel_WeaponPanel_KeyUp 100478c0 f   cg_limbopanel.obj
 0001:00046990       _CG_LimboPanel_Setup       10047990 f   cg_limbopanel.obj
 0001:00046b80       _CG_LoadPanel_GameTypeName 10047b80 f   cg_loadpanel.obj
 0001:00046be0       _CG_DrawConnectScreen      10047be0 f   cg_loadpanel.obj
 0001:000472a0       _CG_LoadPanel_LoadingBarText 100482a0 f   cg_loadpanel.obj
 0001:000472f0       _CG_LoadPanel_RenderLoadingBar 100482f0 f   cg_loadpanel.obj
 0001:00047390       _CG_LoadPanel_RenderCampaignTypeText 10048390 f   cg_loadpanel.obj
 0001:00047400       _CG_LoadPanel_RenderCampaignNameText 10048400 f   cg_loadpanel.obj
 0001:00047550       _CG_LoadPanel_RenderMissionDescriptionText 10048550 f   cg_loadpanel.obj
 0001:000476c0       _CG_LoadPanel_KeyHandling  100486c0 f   cg_loadpanel.obj
 0001:000476e0       _CG_LoadPanel_DrawPin      100486e0 f   cg_loadpanel.obj
 0001:00047970       _CG_LoadPanel_RenderCampaignPins 10048970 f   cg_loadpanel.obj
 0001:00047b10       _CG_GetLocation            10048b10 f   cg_localents.obj
 0001:00047c50       _CG_GetLocationMsg         10048c50 f   cg_localents.obj
 0001:00047cb0       _CG_BuildLocationString    10048cb0 f   cg_localents.obj
 0001:00047e10       _CG_LoadLocations          10048e10 f   cg_localents.obj
 0001:00048190       _CG_InitLocalEntities      10049190 f   cg_localents.obj
 0001:000481f0       _CG_FreeLocalEntity        100491f0 f   cg_localents.obj
 0001:00048230       _CG_FindLocalEntity        10049230 f   cg_localents.obj
 0001:00048280       _CG_AllocLocalEntity       10049280 f   cg_localents.obj
 0001:000482e0       _CG_BloodTrail             100492e0 f   cg_localents.obj
 0001:000483e0       _CG_FragmentBounceMark     100493e0 f   cg_localents.obj
 0001:000484c0       _CG_FragmentBounceSound    100494c0 f   cg_localents.obj
 0001:00048660       _CG_ReflectVelocity        10049660 f   cg_localents.obj
 0001:00048890       _CG_AddEmitter             10049890 f   cg_localents.obj
 0001:00048900       _CG_AddFragment            10049900 f   cg_localents.obj
 0001:000493f0       _CG_AddMovingTracer        1004a3f0 f   cg_localents.obj
 0001:00049460       _CG_AddSparkElements       1004a460 f   cg_localents.obj
 0001:00049600       _CG_AddFuseSparkElements   1004a600 f   cg_localents.obj
 0001:00049710       _CG_AddBloodElements       1004a710 f   cg_localents.obj
 0001:000498a0       _CG_AddDebrisElements      1004a8a0 f   cg_localents.obj
 0001:00049a60       _CG_AddFadeRGB             1004aa60 f   cg_localents.obj
 0001:00049b40       _CG_AddConstRGB            1004ab40 f   cg_localents.obj
 0001:0004a120       _CG_AddLocalEntities       1004b120 f   cg_localents.obj
 0001:0004aa30       _MD5InitSeed               1004ba30 f   md5.obj
 0001:0004ab90       _CalculateGUID             1004bb90 f   md5.obj
 0001:0004af60       _CG_InitNQGUID             1004bf60 f   cg_uid.obj
 0001:0004af70       _CG_RestoreProfile         1004bf70 f   cg_main.obj
 0001:0004afc0       _CG_setClientFlags         1004bfc0 f   cg_main.obj
 0001:0004b060       _CG_CrosshairPlayer        1004c060 f   cg_main.obj
 0001:0004b080       _CG_LastAttacker           1004c080 f   cg_main.obj
 0001:0004b0a0       _CG_Printf                 1004c0a0 f   cg_main.obj
 0001:0004b170       _CG_Error                  1004c170 f   cg_main.obj
 0001:0004b1b0       _Com_Error                 1004c1b0 f   cg_main.obj
 0001:0004b1f0       _Com_Printf                1004c1f0 f   cg_main.obj
 0001:0004b230       _CG_Argv                   1004c230 f   cg_main.obj
 0001:0004b250       _CG_printConsoleString     1004c250 f   cg_main.obj
 0001:0004b270       _CG_LoadObjectiveData      1004c270 f   cg_main.obj
 0001:0004b5a0       _CG_ConfigString           1004c5a0 f   cg_main.obj
 0001:0004b5d0       _CG_ConfigStringCopy       1004c5d0 f   cg_main.obj
 0001:0004b610       _CG_StartMusic             1004c610 f   cg_main.obj
 0001:0004b690       _CG_QueueMusic             1004c690 f   cg_main.obj
 0001:0004b910       _CG_Cvar_Get               1004c910 f   cg_main.obj
 0001:0004b960       _CG_Text_PaintWithCursor   1004c960 f   cg_main.obj
 0001:0004b9a0       _CG_LoadHudMenu            1004c9a0 f   cg_main.obj
 0001:0004bc00       _CG_AssetCache             1004cc00 f   cg_main.obj
 0001:0004bd10       _CG_execFile               1004cd10 f   cg_main.obj
 0001:0004bd60       _checkExecutable           1004cd60 f   cg_main.obj
 0001:0004bf30       _CG_Shutdown               1004cf30 f   cg_main.obj
 0001:0004bf80       _CG_CheckExecKey           1004cf80 f   cg_main.obj
 0001:0004bfa0       _jP_SetHUDColors           1004cfa0 f   cg_main.obj
 0001:0004c470       _CG_GetGameModel           1004d470 f   cg_main.obj
 0001:0004c490       _CG_GetGameSound           1004d490 f   cg_main.obj
 0001:0004c4b0       _CG_GetRealTime            1004d4b0 f   cg_main.obj
 0001:0004c510       _CG_WriteToLog             1004d510 f   cg_main.obj
 0001:0004c5b0       _CG_ReceiveTeamInfo        1004d5b0 f   cg_main.obj
 0001:0004c670       _CG_RegisterCvars          1004d670 f   cg_main.obj
 0001:0004c770       _CG_UpdateCvars            1004d770 f   cg_main.obj
 0001:0004c9e0       _CG_generateFilename       1004d9e0 f   cg_main.obj
 0001:0004ca40       _CG_SetupDlightstyles      1004da40 f   cg_main.obj
 0001:0004f100       _CG_Init                   10050100 f   cg_main.obj
 0001:0004f640       _vmMain                    10050640 f   cg_main.obj
 0001:0004f7f0       _CG_InitMarkPolys          100507f0 f   cg_marks.obj
 0001:0004f840       _CG_FreeMarkPoly           10050840 f   cg_marks.obj
 0001:0004f880       _CG_ImpactMark             10050880 f   cg_marks.obj
 0001:0004f9f0       _CG_AddMarks               100509f0 f   cg_marks.obj
 0001:0004fb70       _CG_DescriptionForCampaign 10050b70 f   cg_missionbriefing.obj
 0001:0004fb80       _CG_NameForCampaign        10050b80 f   cg_missionbriefing.obj
 0001:0004fb90       _CG_FindCampaignInFile     10050b90 f   cg_missionbriefing.obj
 0001:0004ff80       _CG_FindArenaInfo          10050f80 f   cg_missionbriefing.obj
 0001:000503e0       _CG_LocateCampaign         100513e0 f   cg_missionbriefing.obj
 0001:000504e0       _CG_LocateArena            100514e0 f   cg_missionbriefing.obj
 0001:00050530       _CG_InitMM                 10051530 f   cg_missionmessages.obj
 0001:00050560       _CG_TimeForPopupMM         10051560 f   cg_missionmessages.obj
 0001:00050560       _CG_TimeForPopup           10051560 f   cg_popupmessages.obj
 0001:00050580       _CG_AddToListFront         10051580 f   cg_popupmessages.obj
 0001:00050580       _CG_AddToListFrontMM       10051580 f   cg_missionmessages.obj
 0001:000505a0       _CG_UpdateMMLists          100515a0 f   cg_missionmessages.obj
 0001:000506c0       _CG_FindFreeMMItem         100516c0 f   cg_missionmessages.obj
 0001:000507b0       _CG_AddMMItem              100517b0 f   cg_missionmessages.obj
 0001:000509a0       _CG_MMPosY                 100519a0 f   cg_missionmessages.obj
 0001:000509e0       _CG_MMHeight               100519e0 f   cg_missionmessages.obj
 0001:00050a10       _CG_DrawMMItems            10051a10 f   cg_missionmessages.obj
 0001:00051030       _CG_GetMMItemText          10052030 f   cg_missionmessages.obj
 0001:00051500       _CG_PlayMMItemSound        10052500 f   cg_missionmessages.obj
 0001:00051760       _CG_GetMMItemIcon          10052760 f   cg_missionmessages.obj
 0001:00051760       _CG_GetPMItemIcon          10052760 f   cg_popupmessages.obj
 0001:000517b0       _CG_FitTextToWidth_Ext     100527b0 f   cg_newDraw.obj
 0001:00051900       _CG_DrawPlayerWeaponIcon   10052900 f   cg_newDraw.obj
 0001:00051c30       _CG_DrawCursorhint         10052c30 f   cg_newDraw.obj
 0001:000520e0       _CG_GetValue               100530e0 f   cg_newDraw.obj
 0001:000520f0       _CG_OwnerDrawVisible       100530f0 f   cg_newDraw.obj
 0001:00052100       _CG_DrawWeapStability      10053100 f   cg_newDraw.obj
 0001:000521b0       _CG_DrawWeapHeat           100531b0 f   cg_newDraw.obj
 0001:00052230       _CG_MouseEvent             10053230 f   cg_newDraw.obj
 0001:00052380       _CG_EventHandling          10053380 f   cg_newDraw.obj
 0001:00052530       _CG_KeyEvent               10053530 f   cg_newDraw.obj
 0001:000525c0       _CG_GetTeamColor           100535c0 f   cg_newDraw.obj
 0001:00052650       _CG_ClearParticles         10053650 f   cg_particles.obj
 0001:00052770       _CG_AddParticleToScene     10053770 f   cg_particles.obj
 0001:00054430       _CG_AddParticles           10055430 f   cg_particles.obj
 0001:00054710       _CG_ParticleSnowFlurry     10055710 f   cg_particles.obj
 0001:00054910       _CG_ParticleSmoke          10055910 f   cg_particles.obj
 0001:00054df0       _CG_ParticleBulletDebris   10055df0 f   cg_particles.obj
 0001:00054ef0       _CG_ParticleDirtBulletDebris_Core 10055ef0 f   cg_particles.obj
 0001:00054fe0       _CG_ParticleExplosion      10055fe0 f   cg_particles.obj
 0001:00055180       _CG_ParticleExplosionTrail 10056180 f   cg_particles.obj
 0001:00055320       _CG_ParticleImpactSmokePuffExtended 10056320 f   cg_particles.obj
 0001:00055490       _CG_ParticleImpactSmokePuff 10056490 f   cg_particles.obj
 0001:000554d0       _CG_Particle_OilParticle   100564d0 f   cg_particles.obj
 0001:00055620       _CG_Particle_OilSlick      10056620 f   cg_particles.obj
 0001:000557e0       _CG_OilSlickRemove         100567e0 f   cg_particles.obj
 0001:00055850       _CG_ParticleBloodCloud     10056850 f   cg_particles.obj
 0001:00055a50       _CG_ParticleSparks         10056a50 f   cg_particles.obj
 0001:00055c70       _CG_ParticleDust           10056c70 f   cg_particles.obj
 0001:00056020       _CG_EntOnFire              10057020 f   cg_players.obj
 0001:00056080       _CG_IsCrouchingAnim        10057080 f   cg_players.obj
 0001:000560b0       _CG_CustomSound            100570b0 f   cg_players.obj
 0001:000560d0       _CG_ParseTeamXPs           100570d0 f   cg_players.obj
 0001:00056140       _CG_SortValidClients       10057140 f   cg_players.obj
 0001:00056180       _CG_PlayerClassForClientinfo 10057180 f   cg_players.obj
 0001:00056280       _CG_RunLerpFrame           10057280 f   cg_players.obj
 0001:00056420       _CG_SetLerpFrameAnimationRate 10057420 f   cg_players.obj
 0001:000565d0       _CG_RunLerpFrameRate       100575d0 f   cg_players.obj
 0001:00056b10       _CG_ClearLerpFrameRate     10057b10 f   cg_players.obj
 0001:00056b60       _CG_SetLerpFrameAnimationRateCorpse 10057b60 f   cg_players.obj
 0001:00056c70       _CG_RunLerpFrameRateCorpse 10057c70 f   cg_players.obj
 0001:00057240       _CG_PredictLean            10058240 f   cg_players.obj
 0001:00057c30       _CG_WorldCoordToScreenCoordFloat 10058c30 f   cg_players.obj
 0001:00057db0       _CG_AddOnScreenText        10058db0 f   cg_players.obj
 0001:00058a90       _CG_AddRefEntityWithPowerups 10059a90 f   cg_players.obj
 0001:00058cf0       _CG_AnimPlayerConditions   10059cf0 f   cg_players.obj
 0001:00058e70       _CG_ResetPlayerEntity      10059e70 f   cg_players.obj
 0001:00059000       _CG_GetTag                 1005a000 f   cg_players.obj
 0001:000592a0       _CG_GetWeaponTag           1005a2a0 f   cg_players.obj
 0001:00059540       _CG_SetHudHeadLerpFrameAnimation 1005a540 f   cg_players.obj
 0001:00059590       _CG_ClearHudHeadLerpFrame  1005a590 f   cg_players.obj
 0001:000595e0       _CG_RunHudHeadLerpFrame    1005a5e0 f   cg_players.obj
 0001:00059710       _CG_HudHeadAnimation       1005a710 f   cg_players.obj
 0001:00059780       _CG_NewClientInfo          1005a780 f   cg_players.obj
 0001:00059ea0       _CG_Player                 1005aea0 f   cg_players.obj
 0001:0005b180       _CG_DamageFeedback         1005c180 f   cg_playerstate.obj
 0001:0005b500       _CG_TeamnameForNumber      1005c500 f   cg_playerstate.obj
 0001:0005b550       _CG_Respawn                1005c550 f   cg_playerstate.obj
 0001:0005b760       _CG_CheckPlayerstateEvents 1005c760 f   cg_playerstate.obj
 0001:0005b830       _CG_CheckLocalSounds       1005c830 f   cg_playerstate.obj
 0001:0005bb40       _CG_TransitionPlayerState  1005cb40 f   cg_playerstate.obj
 0001:0005bd70       _CG_PB_FindFreePolyBuffer  1005cd70 f   cg_polybus.obj
 0001:0005be30       _CG_PB_ClearPolyBuffers    1005ce30 f   cg_polybus.obj
 0001:0005be50       _CG_PB_RenderPolyBuffers   1005ce50 f   cg_polybus.obj
 0001:0005be90       _CG_InitPMGraphics         1005ce90 f   cg_popupmessages.obj
 0001:0005bfa0       _CG_InitPM                 1005cfa0 f   cg_popupmessages.obj
 0001:0005bff0       _CG_TimeForBigPopup        1005cff0 f   cg_popupmessages.obj
 0001:0005c010       _CG_FindFreePMItem2        1005d010 f   cg_popupmessages.obj
 0001:0005c040       _CG_FindFreePMItem         1005d040 f   cg_popupmessages.obj
 0001:0005c140       _CG_AddPMItem              1005d140 f   cg_popupmessages.obj
 0001:0005c2f0       _CG_AddPMItem2             1005d2f0 f   cg_popupmessages.obj
 0001:0005c4e0       _CG_PMItemBigSound         1005d4e0 f   cg_popupmessages.obj
 0001:0005c520       _CG_AddPMItemBig           1005d520 f   cg_popupmessages.obj
 0001:0005c600       _CG_DrawPMItems            1005d600 f   cg_popupmessages.obj
 0001:0005cc40       _CG_DrawPMItemsBig         1005dc40 f   cg_popupmessages.obj
 0001:0005ce10       _CG_GetPMItemText          1005de10 f   cg_popupmessages.obj
 0001:0005d340       _CG_PlayPMItemSound        1005e340 f   cg_popupmessages.obj
 0001:0005d5a0       _CG_UpdatePMLists          1005e5a0 f   cg_popupmessages.obj
 0001:0005d750       _CG_BuildSolidList         1005e750 f   cg_predict.obj
 0001:0005d850       _CG_ClientHitboxMaxZ       1005e850 f   cg_predict.obj
 0001:0005dab0       _CG_Trace                  1005eab0 f   cg_predict.obj
 0001:0005db30       _CG_TraceCapsule           1005eb30 f   cg_predict.obj
 0001:0005dbb0       _CG_TraceCapsule_World     1005ebb0 f   cg_predict.obj
 0001:0005dc10       _CG_PointContents          1005ec10 f   cg_predict.obj
 0001:0005e0e0       _CG_PredictionOk           1005f0e0 f   cg_predict.obj
 0001:0005e530       _CG_PredictPlayerState     1005f530 f   cg_predict.obj
 0001:0005f160       _cf_draw                   10060160 f   cg_scoreboard.obj
 0001:0005f2b0       _WM_DrawObjectives         100602b0 f   cg_scoreboard.obj
 0001:00061090       _CG_DrawScoreboard         10062090 f   cg_scoreboard.obj
 0001:00061460       _CG_ParseServerinfo        10062460 f   cg_servercmds.obj
 0001:00061650       _InitSkillLevelStructure   10062650 f   cg_servercmds.obj
 0001:00061820       _CG_UpdateSkills           10062820 f   cg_servercmds.obj
 0001:00061950       _CG_UpdateForceCvars       10062950 f   cg_servercmds.obj
 0001:00061a30       _CG_UpdateSvCvars          10062a30 f   cg_servercmds.obj
 0001:00061b60       _CG_ParseNQinfo            10062b60 f   cg_servercmds.obj
 0001:00061d50       _C_ResetWeaponRestrictions 10062d50 f   cg_servercmds.obj
 0001:00061d90       _C_WeaponRestrictions      10062d90 f   cg_servercmds.obj
 0001:00061f40       _C_ParseCSMethodInfo       10062f40 f   cg_servercmds.obj
 0001:00061fa0       _CG_ParseOIDInfo           10062fa0 f   cg_servercmds.obj
 0001:00062150       _CG_ParseOIDInfos          10063150 f   cg_servercmds.obj
 0001:00062170       _CG_ParseSpawns            10063170 f   cg_servercmds.obj
 0001:00062640       _CG_ParseReinforcementTimes 10063640 f   cg_servercmds.obj
 0001:000626f0       _CG_SetConfigValues        100636f0 f   cg_servercmds.obj
 0001:000627c0       _CG_ShaderStateChanged     100637c0 f   cg_servercmds.obj
 0001:000628d0       _CG_ChargeTimesChanged     100638d0 f   cg_servercmds.obj
 0001:00062c00       _CG_AddToNotify            10063c00 f   cg_servercmds.obj
 0001:00062d90       _CG_ParseVoiceChats        10063d90 f   cg_servercmds.obj
 0001:00063150       _CG_LoadVoiceChats         10064150 f   cg_servercmds.obj
 0001:00063210       _CG_GetVoiceChat           10064210 f   cg_servercmds.obj
 0001:000632a0       _CG_VoiceChatListForClient 100642a0 f   cg_servercmds.obj
 0001:000632e0       _CG_PlayVoiceChat          100642e0 f   cg_servercmds.obj
 0001:00063450       _CG_PlayBufferedVoiceChats 10064450 f   cg_servercmds.obj
 0001:000634c0       _CG_AddBufferedVoiceChat   100644c0 f   cg_servercmds.obj
 0001:000634f0       _CG_VoiceChatLocal         100644f0 f   cg_servercmds.obj
 0001:00063750       _CG_VoiceChat              10064750 f   cg_servercmds.obj
 0001:00063870       _CG_LocalizeServerCommand  10064870 f   cg_servercmds.obj
 0001:00063a20       _CG_topshotsParse_cmd      10064a20 f   cg_servercmds.obj
 0001:00063b60       _CG_ParseWeaponStats       10064b60 f   cg_servercmds.obj
 0001:00063b90       _CG_ParsePortalPos         10064b90 f   cg_servercmds.obj
 0001:00063c20       _CG_parseWeaponStatsGS_cmd 10064c20 f   cg_servercmds.obj
 0001:000641a0       _CG_parseWeaponStats_cmd   100651a0 f   cg_servercmds.obj
 0001:000646e0       _CG_parseBestShotsStats_cmd 100656e0 f   cg_servercmds.obj
 0001:000648d0       _CG_parseTopShotsStats_cmd 100658d0 f   cg_servercmds.obj
 0001:00064a80       _CG_scores_cmd             10065a80 f   cg_servercmds.obj
 0001:00064ba0       _CG_printFile              10065ba0 f   cg_servercmds.obj
 0001:00064c10       _CG_dumpStats              10065c10 f   cg_servercmds.obj
 0001:00064d10       _C_CSMethodDone            10065d10 f   cg_servercmds.obj
 0001:00064d30       _C_CSMethodRequest         10065d30 f   cg_servercmds.obj
 0001:00064d60       _C_BindSearch              10065d60 f   cg_servercmds.obj
 0001:00064f10       _CG_ParseWolfinfo          10065f10 f   cg_servercmds.obj
 0001:00065720       _CG_wstatsParse_cmd        10066720 f   cg_servercmds.obj
 0001:000657a0       _CG_ServerCommand_gs       100667a0 f   cg_servercmds.obj
 0001:00066a80       _CG_ExecuteNewServerCommands 10067a80 f   cg_servercmds.obj
 0001:00066ac0       _C_CSMethodCheck           10067ac0 f   cg_servercmds.obj
 0001:00066e80       _CG_SetInitialSnapshot     10067e80 f   cg_snapshot.obj
 0001:000674f0       _CG_ProcessSnapshots       100684f0 f   cg_snapshot.obj
 0001:00067660       _CG_SoundScriptPrecache    10068660 f   cg_sound.obj
 0001:000676f0       _CG_SoundPickOldestRandomSound 100686f0 f   cg_sound.obj
 0001:000677e0       _CG_AddBufferedSoundScript 100687e0 f   cg_sound.obj
 0001:00067830       _CG_UpdateBufferedSoundScripts 10068830 f   cg_sound.obj
 0001:00067930       _CG_SoundPlaySoundScript   10068930 f   cg_sound.obj
 0001:000679c0       _CG_SoundPlayIndexedScript 100689c0 f   cg_sound.obj
 0001:00067fc0       _CG_SoundInit              10068fc0 f   cg_sound.obj
 0001:00068020       _CG_SaveSpeakersToScript   10069020 f   cg_sound.obj
 0001:00068320       _CG_AddLineToScene         10069320 f   cg_sound.obj
 0001:00068440       _CG_SetViewanglesForSpeakerEditor 10069440 f   cg_sound.obj
 0001:000688a0       _CG_SpeakerInfo_Text       100698a0 f   cg_sound.obj
 0001:00068ef0       _CG_SpeakerEditor_RenderEdit 10069ef0 f   cg_sound.obj
 0001:00068fd0       _CG_SpeakerEditor_RenderButton 10069fd0 f   cg_sound.obj
 0001:00069180       _CG_GetStrFromStrArray     1006a180 f   cg_sound.obj
 0001:000691b0       _CG_SpeakerEditor_RenderDropdown 1006a1b0 f   cg_sound.obj
 0001:00069720       _CG_SpeakerEditor_Back     1006a720 f   cg_sound.obj
 0001:00069840       _CG_SpeakerEditor_LocInfo  1006a840 f   cg_sound.obj
 0001:000698c0       _CG_SpeakerEditor_NoiseEdit_KeyDown 1006a8c0 f   cg_sound.obj
 0001:00069b40       _CG_SpeakerEditor_NoiseEditFinish 1006ab40 f   cg_sound.obj
 0001:00069b90       _CG_SpeakerEditor_TargetnameEditFinish 1006ab90 f   cg_sound.obj
 0001:00069bb0       _CG_SpeakerEditor_Delete_KeyDown 1006abb0 f   cg_sound.obj
 0001:00069bb0       _CG_SpeakerEditor_Cancel_KeyDown 1006abb0 f   cg_sound.obj
 0001:00069bb0       _CG_SpeakerEditor_Ok_KeyDown 1006abb0 f   cg_sound.obj
 0001:00069bb0       _CG_SpeakerEditor_Dropdown_KeyDown 1006abb0 f   cg_sound.obj
 0001:00069be0       _CG_SpeakerEditor_Looped_KeyUp 1006abe0 f   cg_sound.obj
 0001:00069c80       _CG_SpeakerEditor_Broadcast_KeyUp 1006ac80 f   cg_sound.obj
 0001:00069d20       _CG_SpeakerEditor_WaitEditFinish 1006ad20 f   cg_sound.obj
 0001:00069d90       _CG_SpeakerEditor_RandomEditFinish 1006ad90 f   cg_sound.obj
 0001:00069e10       _CG_SpeakerEditor_VolumeEditFinish 1006ae10 f   cg_sound.obj
 0001:00069ea0       _CG_SpeakerEditor_RangeEditFinish 1006aea0 f   cg_sound.obj
 0001:00069f20       _CG_SpeakerEditor_Ok_KeyUp 1006af20 f   cg_sound.obj
 0001:00069f80       _CG_SpeakerEditor_Cancel_KeyUp 1006af80 f   cg_sound.obj
 0001:0006a000       _CG_SpeakerEditor_Delete_KeyUp 1006b000 f   cg_sound.obj
 0001:0006a080       _CG_SpeakerEditorDraw      1006b080 f   cg_sound.obj
 0001:0006a580       _CG_SpeakerEditor_KeyHandling 1006b580 f   cg_sound.obj
 0001:0006a7e0       _CG_SpeakerEditorMouseMove_Handling 1006b7e0 f   cg_sound.obj
 0001:0006a8e0       _CG_ActivateEditSoundMode  1006b8e0 f   cg_sound.obj
 0001:0006a960       _CG_DeActivateEditSoundMode 1006b960 f   cg_sound.obj
 0001:0006a9c0       _CG_ModifyEditSpeaker      1006b9c0 f   cg_sound.obj
 0001:0006ab10       _CG_UndoEditSpeaker        1006bb10 f   cg_sound.obj
 0001:0006abf0       _CG_ToggleActiveOnScriptSpeaker 1006bbf0 f   cg_sound.obj
 0001:0006ac20       _CG_UnsetActiveOnScriptSpeaker 1006bc20 f   cg_sound.obj
 0001:0006ac40       _CG_SetActiveOnScriptSpeaker 1006bc40 f   cg_sound.obj
 0001:0006acf0       _CG_AddScriptSpeakers      1006bcf0 f   cg_sound.obj
 0001:0006ae00       _CG_PlayItemPickupSound    1006be00 f   cg_sound.obj
 0001:0006afd0       _CG_SpawnString            1006bfd0 f   cg_spawn.obj
 0001:0006b070       _CG_SpawnFloat             1006c070 f   cg_spawn.obj
 0001:0006b0a0       _CG_SpawnInt               1006c0a0 f   cg_spawn.obj
 0001:0006b0d0       _CG_SpawnVector            1006c0d0 f   cg_spawn.obj
 0001:0006b110       _CG_SpawnVector2D          1006c110 f   cg_spawn.obj
 0001:0006b150       _vtos                      1006c150 f   cg_spawn.obj
 0001:0006b1a0       _SP_path_corner_2          1006c1a0 f   cg_spawn.obj
 0001:0006b220       _SP_info_train_spline_main 1006c220 f   cg_spawn.obj
 0001:0006b350       _SP_misc_gamemodel         1006c350 f   cg_spawn.obj
 0001:0006b5b0       _SP_corona                 1006c5b0 f   cg_spawn.obj
 0001:0006b710       _SP_trigger_objective_info 1006c710 f   cg_spawn.obj
 0001:0006b790       _CG_ParseEntityFromSpawnVars 1006c790 f   cg_spawn.obj
 0001:0006b810       _CG_AddSpawnVarToken       1006c810 f   cg_spawn.obj
 0001:0006b880       _CG_ParseSpawnVars         1006c880 f   cg_spawn.obj
 0001:0006b9a0       _SP_worldspawn             1006c9a0 f   cg_spawn.obj
 0001:0006bd90       _CG_ParseEntitiesFromString 1006cd90 f   cg_spawn.obj
 0001:0006bdf0       _CG_LoadRankIcons          1006cdf0 f   cg_statsranksmedals.obj
 0001:0006be40       _dllEntry                  1006ce40 f   cg_syscalls.obj
 0001:0006be50       _trap_Print                1006ce50 f   cg_syscalls.obj
 0001:0006be70       _trap_Error                1006ce70 f   cg_syscalls.obj
 0001:0006be90       _trap_Milliseconds         1006ce90 f   cg_syscalls.obj
 0001:0006bea0       _trap_Cvar_Register        1006cea0 f   cg_syscalls.obj
 0001:0006bec0       _trap_Cvar_Update          1006cec0 f   cg_syscalls.obj
 0001:0006bee0       _trap_Cvar_Set             1006cee0 f   cg_syscalls.obj
 0001:0006bf00       _trap_Cvar_VariableStringBuffer 1006cf00 f   cg_syscalls.obj
 0001:0006bf20       _trap_Argc                 1006cf20 f   cg_syscalls.obj
 0001:0006bf30       _trap_Argv                 1006cf30 f   cg_syscalls.obj
 0001:0006bf50       _trap_Args                 1006cf50 f   cg_syscalls.obj
 0001:0006bf70       _trap_FS_FOpenFile         1006cf70 f   cg_syscalls.obj
 0001:0006bf90       _trap_FS_Read              1006cf90 f   cg_syscalls.obj
 0001:0006bfb0       _trap_FS_Write             1006cfb0 f   cg_syscalls.obj
 0001:0006bfd0       _trap_FS_FCloseFile        1006cfd0 f   cg_syscalls.obj
 0001:0006bff0       _trap_FS_GetFileList       1006cff0 f   cg_syscalls.obj
 0001:0006c010       _trap_FS_Delete            1006d010 f   cg_syscalls.obj
 0001:0006c030       _trap_SendConsoleCommand   1006d030 f   cg_syscalls.obj
 0001:0006c050       _trap_AddCommand           1006d050 f   cg_syscalls.obj
 0001:0006c070       _trap_RemoveCommand        1006d070 f   cg_syscalls.obj
 0001:0006c090       _trap_SendClientCommand    1006d090 f   cg_syscalls.obj
 0001:0006c0b0       _trap_UpdateScreen         1006d0b0 f   cg_syscalls.obj
 0001:0006c0c0       _trap_CM_NumInlineModels   1006d0c0 f   cg_syscalls.obj
 0001:0006c0d0       _trap_CM_InlineModel       1006d0d0 f   cg_syscalls.obj
 0001:0006c0f0       _trap_CM_TempBoxModel      1006d0f0 f   cg_syscalls.obj
 0001:0006c110       _trap_CM_PointContents     1006d110 f   cg_syscalls.obj
 0001:0006c130       _trap_CM_TransformedPointContents 1006d130 f   cg_syscalls.obj
 0001:0006c150       _trap_CM_BoxTrace          1006d150 f   cg_syscalls.obj
 0001:0006c180       _trap_CM_TransformedBoxTrace 1006d180 f   cg_syscalls.obj
 0001:0006c1c0       _trap_CM_CapsuleTrace      1006d1c0 f   cg_syscalls.obj
 0001:0006c1f0       _trap_CM_TransformedCapsuleTrace 1006d1f0 f   cg_syscalls.obj
 0001:0006c230       _trap_R_ProjectDecal       1006d230 f   cg_syscalls.obj
 0001:0006c260       _trap_R_ClearDecals        1006d260 f   cg_syscalls.obj
 0001:0006c270       _trap_S_StartSound         1006d270 f   cg_syscalls.obj
 0001:0006c2a0       _trap_S_StartSoundVControl 1006d2a0 f   cg_syscalls.obj
 0001:0006c2d0       _trap_S_StartSoundEx       1006d2d0 f   cg_syscalls.obj
 0001:0006c300       _trap_S_StartLocalSound    1006d300 f   cg_syscalls.obj
 0001:0006c320       _trap_S_ClearLoopingSounds 1006d320 f   cg_syscalls.obj
 0001:0006c330       _trap_S_ClearSounds        1006d330 f   cg_syscalls.obj
 0001:0006c350       _trap_S_AddLoopingSound    1006d350 f   cg_syscalls.obj
 0001:0006c380       _trap_S_AddRealLoopingSound 1006d380 f   cg_syscalls.obj
 0001:0006c3b0       _trap_S_StopStreamingSound 1006d3b0 f   cg_syscalls.obj
 0001:0006c3d0       _trap_S_UpdateEntityPosition 1006d3d0 f   cg_syscalls.obj
 0001:0006c3f0       _trap_S_Respatialize       1006d3f0 f   cg_syscalls.obj
 0001:0006c410       _trap_S_GetSoundLength     1006d410 f   cg_syscalls.obj
 0001:0006c430       _trap_S_GetCurrentSoundTime 1006d430 f   cg_syscalls.obj
 0001:0006c440       _trap_S_StartBackgroundTrack 1006d440 f   cg_syscalls.obj
 0001:0006c460       _trap_S_FadeBackgroundTrack 1006d460 f   cg_syscalls.obj
 0001:0006c480       _trap_S_FadeAllSound       1006d480 f   cg_syscalls.obj
 0001:0006c4a0       _trap_S_StartStreamingSound 1006d4a0 f   cg_syscalls.obj
 0001:0006c4d0       _trap_R_GetSkinModel       1006d4d0 f   cg_syscalls.obj
 0001:0006c4f0       _trap_R_GetShaderFromModel 1006d4f0 f   cg_syscalls.obj
 0001:0006c510       _trap_R_ClearScene         1006d510 f   cg_syscalls.obj
 0001:0006c520       _trap_R_AddRefEntityToScene 1006d520 f   cg_syscalls.obj
 0001:0006c540       _trap_R_AddPolyToScene     1006d540 f   cg_syscalls.obj
 0001:0006c560       _trap_R_AddPolyBufferToScene 1006d560 f   cg_syscalls.obj
 0001:0006c580       _trap_R_AddPolysToScene    1006d580 f   cg_syscalls.obj
 0001:0006c5a0       _trap_R_AddLightToScene    1006d5a0 f   cg_syscalls.obj
 0001:0006c5d0       _trap_R_AddCoronaToScene   1006d5d0 f   cg_syscalls.obj
 0001:0006c600       _trap_R_SetFog             1006d600 f   cg_syscalls.obj
 0001:0006c630       _trap_R_SetGlobalFog       1006d630 f   cg_syscalls.obj
 0001:0006c660       _trap_R_RenderScene        1006d660 f   cg_syscalls.obj
 0001:0006c680       _trap_R_SaveViewParms      1006d680 f   cg_syscalls.obj
 0001:0006c690       _trap_R_RestoreViewParms   1006d690 f   cg_syscalls.obj
 0001:0006c6a0       _trap_R_SetColor           1006d6a0 f   cg_syscalls.obj
 0001:0006c6c0       _trap_R_DrawStretchPic     1006d6c0 f   cg_syscalls.obj
 0001:0006c700       _trap_R_DrawRotatedPic     1006d700 f   cg_syscalls.obj
 0001:0006c740       _trap_R_Add2dPolys         1006d740 f   cg_syscalls.obj
 0001:0006c760       _trap_R_ModelBounds        1006d760 f   cg_syscalls.obj
 0001:0006c780       _trap_R_LerpTag            1006d780 f   cg_syscalls.obj
 0001:0006c7a0       _trap_R_RemapShader        1006d7a0 f   cg_syscalls.obj
 0001:0006c7c0       _trap_GetGlconfig          1006d7c0 f   cg_syscalls.obj
 0001:0006c7e0       _trap_GetGameState         1006d7e0 f   cg_syscalls.obj
 0001:0006c800       _trap_GetCurrentSnapshotNumber 1006d800 f   cg_syscalls.obj
 0001:0006c820       _trap_GetSnapshot          1006d820 f   cg_syscalls.obj
 0001:0006c840       _trap_GetServerCommand     1006d840 f   cg_syscalls.obj
 0001:0006c860       _trap_GetCurrentCmdNumber  1006d860 f   cg_syscalls.obj
 0001:0006c870       _trap_GetUserCmd           1006d870 f   cg_syscalls.obj
 0001:0006c890       _trap_SetUserCmdValue      1006d890 f   cg_syscalls.obj
 0001:0006c8b0       _trap_SetClientLerpOrigin  1006d8b0 f   cg_syscalls.obj
 0001:0006c8d0       _trap_Key_GetCatcher       1006d8d0 f   cg_syscalls.obj
 0001:0006c8e0       _trap_Key_GetOverstrikeMode 1006d8e0 f   cg_syscalls.obj
 0001:0006c8f0       _trap_Key_SetOverstrikeMode 1006d8f0 f   cg_syscalls.obj
 0001:0006c910       _trap_Key_KeysForBinding   1006d910 f   cg_syscalls.obj
 0001:0006c930       _trap_Key_SetCatcher       1006d930 f   cg_syscalls.obj
 0001:0006c950       _trap_PC_LoadSource        1006d950 f   cg_syscalls.obj
 0001:0006c970       _trap_PC_FreeSource        1006d970 f   cg_syscalls.obj
 0001:0006c990       _trap_PC_ReadToken         1006d990 f   cg_syscalls.obj
 0001:0006c9b0       _trap_PC_SourceFileAndLine 1006d9b0 f   cg_syscalls.obj
 0001:0006c9d0       _trap_S_StopBackgroundTrack 1006d9d0 f   cg_syscalls.obj
 0001:0006c9e0       _trap_RealTime             1006d9e0 f   cg_syscalls.obj
 0001:0006ca00       _trap_SnapVector           1006da00 f   cg_syscalls.obj
 0001:0006ca20       _trap_GetEntityToken       1006da20 f   cg_syscalls.obj
 0001:0006ca40       _trap_UI_Popup             1006da40 f   cg_syscalls.obj
 0001:0006ca60       _trap_Key_GetBindingBuf    1006da60 f   cg_syscalls.obj
 0001:0006ca80       _trap_Key_SetBinding       1006da80 f   cg_syscalls.obj
 0001:0006caa0       _trap_Key_KeynumToStringBuf 1006daa0 f   cg_syscalls.obj
 0001:0006cac0       _trap_TranslateString      1006dac0 f   cg_syscalls.obj
 0001:0006cae0       _trap_S_RegisterSound      1006dae0 f   cg_syscalls.obj
 0001:0006cb00       _trap_R_RegisterModel      1006db00 f   cg_syscalls.obj
 0001:0006cb20       _trap_R_RegisterSkin       1006db20 f   cg_syscalls.obj
 0001:0006cb40       _trap_R_RegisterShader     1006db40 f   cg_syscalls.obj
 0001:0006cb60       _trap_R_RegisterShaderNoMip 1006db60 f   cg_syscalls.obj
 0001:0006cb80       _trap_R_RegisterFont       1006db80 f   cg_syscalls.obj
 0001:0006cbb0       _trap_CM_LoadMap           1006dbb0 f   cg_syscalls.obj
 0001:0006cbd0       _trap_R_LoadWorldMap       1006dbd0 f   cg_syscalls.obj
 0001:0006cbf0       _trap_R_inPVS              1006dbf0 f   cg_syscalls.obj
 0001:0006cc10       _trap_GetHunkData          1006dc10 f   cg_syscalls.obj
 0001:0006cc30       _isET260                   1006dc30 f   cg_syscalls.obj
 0001:0006cc90       _trap_SendMessage          1006dc90 f   cg_syscalls.obj
 0001:0006ccb0       _CG_ClearTrails            1006dcb0 f   cg_trails.obj
 0001:0006cd20       _CG_SpawnTrailJunc         1006dd20 f   cg_trails.obj
 0001:0006cde0       _CG_AddTrailJunc           1006dde0 f   cg_trails.obj
 0001:0006cf60       _CG_AddSparkJunc           1006df60 f   cg_trails.obj
 0001:0006d070       _CG_AddSmokeJunc           1006e070 f   cg_trails.obj
 0001:0006d1a0       _CG_KillTrail              1006e1a0 f   cg_trails.obj
 0001:0006d1f0       _CG_AddTrailToScene        1006e1f0 f   cg_trails.obj
 0001:0006e240       _CG_FreeTrailJunc          1006f240 f   cg_trails.obj
 0001:0006e2e0       _CG_AddTrails              1006f2e0 f   cg_trails.obj
 0001:0006e500       _CG_Letterbox              1006f500 f   cg_view.obj
 0001:0006e660       _C_ViewlockTransition      1006f660 f   cg_view.obj
 0001:0006e8e0       _CG_OffsetThirdPersonView  1006f8e0 f   cg_view.obj
 0001:0006ec90       _CG_KickAngles             1006fc90 f   cg_view.obj
 0001:0006f7f0       _CG_AdjustZoomVal          100707f0 f   cg_view.obj
 0001:0006f860       _CG_ZoomIn_f               10070860 f   cg_view.obj
 0001:0006f8b0       _CG_ZoomOut_f              100708b0 f   cg_view.obj
 0001:0006f8f0       _CG_Zoom                   100708f0 f   cg_view.obj
 0001:0006fa10       _C_CalcFovy                10070a10 f   cg_view.obj
 0001:000701c0       _CG_CalcViewValues         100711c0 f   cg_view.obj
 0001:00070840       _CG_MustParse              10071840 f   cg_view.obj
 0001:00070870       _CG_ParseSkyBox            10071870 f   cg_view.obj
 0001:00070a20       _CG_ParseTagConnect        10071a20 f   cg_view.obj
 0001:00070ad0       _CG_DrawSkyBoxPortal       10071ad0 f   cg_view.obj
 0001:00070d40       _CG_SetupFrustum           10071d40 f   cg_view.obj
 0001:00070fc0       _CG_CullPoint              10071fc0 f   cg_view.obj
 0001:000710b0       _CG_CullPointAndRadius     100720b0 f   cg_view.obj
 0001:00071210       _CG_DrawActiveFrame        10072210 f   cg_view.obj
 0001:00071b70       _CG_ParseTagConnects       10072b70 f   cg_view.obj
 0001:00071c00       _AddLean                   10072c00 f   cg_weapons.obj
 0001:00071c70       _CG_MachineGunEjectBrassNew 10072c70 f   cg_weapons.obj
 0001:00071ff0       _CG_MachineGunEjectBrass   10072ff0 f   cg_weapons.obj
 0001:000724e0       _CG_PanzerFaustEjectBrass  100734e0 f   cg_weapons.obj
 0001:00072720       _CG_GetWindVector          10073720 f   cg_weapons.obj
 0001:00072790       _CG_PyroSmokeTrail         10073790 f   cg_weapons.obj
 0001:00072b30       _CG_RocketTrail            10073b30 f   cg_weapons.obj
 0001:00072f60       _CG_DynamiteTrail          10073f60 f   cg_weapons.obj
 0001:00073060       _CG_GrenadeTrail           10074060 f   cg_weapons.obj
 0001:000731e0       _CG_RailTrail2             100741e0 f   cg_weapons.obj
 0001:000732d0       _CG_RailTrail              100742d0 f   cg_weapons.obj
 0001:000734b0       _CG_ParseWeaponConfig      100744b0 f   cg_weapons.obj
 0001:00073700       _CG_RW_ParseError          10074700 f   cg_weapons.obj
 0001:00073770       _CG_RW_ParseWeaponLinkPart 10074770 f   cg_weapons.obj
 0001:00073a70       _CG_RW_ParseWeaponLink     10074a70 f   cg_weapons.obj
 0001:00073b60       _CG_RW_ParseViewType       10074b60 f   cg_weapons.obj
 0001:00073e90       _CG_RW_ParseModModel       10074e90 f   cg_weapons.obj
 0001:00073f80       _CG_RegisterItemVisuals    10074f80 f   cg_weapons.obj
 0001:00074020       _CG_GetPartFramesFromWeap  10075020 f   cg_weapons.obj
 0001:00074120       _CG_ClearWeapLerpFrame     10075120 f   cg_weapons.obj
 0001:00074a50       _CG_AddPlayerFoot          10075a50 f   cg_weapons.obj
 0001:00074c50       _CG_WeaponSelectable       10075c50 f   cg_weapons.obj
 0001:00074ca0       _CG_WeaponIndex            10075ca0 f   cg_weapons.obj
 0001:00074ed0       _CG_SetSniperZoom          10075ed0 f   cg_weapons.obj
 0001:00074fd0       _CG_PlaySwitchSound        10075fd0 f   cg_weapons.obj
 0001:00075090       _CG_FinishWeaponChange     10076090 f   cg_weapons.obj
 0001:00075340       _CG_AltWeapon_f            10076340 f   cg_weapons.obj
 0001:00075350       _CG_NextWeap               10076350 f   cg_weapons.obj
 0001:00075680       _CG_PrevWeap               10076680 f   cg_weapons.obj
 0001:00075980       _CG_LastWeaponUsed_f       10076980 f   cg_weapons.obj
 0001:00075a20       _CG_NextWeaponInBank_f     10076a20 f   cg_weapons.obj
[...]
 0001:00013da0       _CG_RainParticleGenerate   10014da0 f   cg_atmospheric.obj
 0001:00014060       _CG_RainParticleCheckVisible 10015060 f   cg_atmospheric.obj
 0001:00014130       _CG_RainParticleRender     10015130 f   cg_atmospheric.obj
 0001:00014460       _CG_SnowParticleGenerate   10015460 f   cg_atmospheric.obj
 0001:00014640       _CG_SnowParticleCheckVisible 10015640 f   cg_atmospheric.obj
 0001:00014710       _CG_SnowParticleRender     10015710 f   cg_atmospheric.obj
 0001:00014a50       _CG_EffectGust             10015a50 f   cg_atmospheric.obj
 0001:00014b20       _CG_EffectGustCurrent      10015b20 f   cg_atmospheric.obj
 0001:00014d20       _CG_EP_ParseFloats         10015d20 f   cg_atmospheric.obj
 0001:00014d90       _CG_EP_ParseInts           10015d90 f   cg_atmospheric.obj
 0001:00015460       _CG_ParseGibModels         10016460 f   cg_character.obj
 0001:00015550       _CG_ParseHudHeadConfig     10016550 f   cg_character.obj
 0001:000156c0       _CG_CalcMoveSpeeds         100166c0 f   cg_character.obj
 0001:000158c0       _CG_ParseAnimationFiles    100168c0 f   cg_character.obj
 0001:00015980       _CG_CheckForExistingAnimModelInfo 10016980 f   cg_character.obj
 0001:00015a20       _CG_RegisterAcc            10016a20 f   cg_character.obj
 0001:00016320       _CG_ScissorEntIsCulled     10017320 f   cg_commandmap.obj
 0001:00016420       _CG_ScissorPointIsCulled   10017420 f   cg_commandmap.obj
 0001:00016a50       _CG_DrawGrid               10017a50 f   cg_commandmap.obj
 0001:00019ba0       _CG_Viewpos_f              1001aba0 f   cg_consolecmds.obj
 0001:00019e80       _CG_StatsDown_f            1001ae80 f   cg_consolecmds.obj
 0001:00019f50       _CG_StatsUp_f              1001af50 f   cg_consolecmds.obj
 0001:0001a130       _CG_LoadWeapons_f          1001b130 f   cg_consolecmds.obj
 0001:0001a150       _CG_TellTarget_f           1001b150 f   cg_consolecmds.obj
 0001:0001a1b0       _CG_TellAttacker_f         1001b1b0 f   cg_consolecmds.obj
 0001:0001a210       _CG_Fade_f                 1001b210 f   cg_consolecmds.obj
 0001:0001a390       _CG_QuickFireteams_f       1001b390 f   cg_consolecmds.obj
 0001:0001a3f0       _CG_FTSayPlayerClass_f     1001b3f0 f   cg_consolecmds.obj
 0001:0001a490       _CG_SayPlayerClass_f       1001b490 f   cg_consolecmds.obj
 0001:0001a530       _CG_VoiceChat_f            1001b530 f   cg_consolecmds.obj
 0001:0001a570       _CG_TeamVoiceChat_f        1001b570 f   cg_consolecmds.obj
 0001:0001a5f0       _CG_BuddyVoiceChat_f       1001b5f0 f   cg_consolecmds.obj
 0001:0001a680       _CG_MessageMode_f          1001b680 f   cg_consolecmds.obj
 0001:0001a750       _CG_MessageSend_f          1001b750 f   cg_consolecmds.obj
 0001:0001a880       _CG_SetWeaponCrosshair_f   1001b880 f   cg_consolecmds.obj
 0001:0001a8b0       _CG_SelectBuddy_f          1001b8b0 f   cg_consolecmds.obj
 0001:0001a990       _CG_AutomapZoomIn_f        1001b990 f   cg_consolecmds.obj
 0001:0001a9b0       _CG_AutomapZoomOut_f       1001b9b0 f   cg_consolecmds.obj
 0001:0001a9d0       _CG_KickDown_f             1001b9d0 f   cg_consolecmds.obj
 0001:0001a9e0       _CG_KickUp_f               1001b9e0 f   cg_consolecmds.obj
 0001:0001a9f0       _CG_Server_Help_f          1001b9f0 f   cg_consolecmds.obj
 0001:0001ad80       _CG_Client_Help_f          1001bd80 f   cg_consolecmds.obj
 0001:0001b0d0       _CG_AutomapExpandDown_f    1001c0d0 f   cg_consolecmds.obj
 0001:0001b140       _CG_AutomapExpandUp_f      1001c140 f   cg_consolecmds.obj
 0001:0001b1b0       _CG_ToggleAutomap_f        1001c1b0 f   cg_consolecmds.obj
 0001:0001b380       _CG_EditSpeakers_f         1001c380 f   cg_consolecmds.obj
 0001:0001b3c0       _CG_DumpSpeaker_f          1001c3c0 f   cg_consolecmds.obj
 0001:0001b4e0       _CG_ModifySpeaker_f        1001c4e0 f   cg_consolecmds.obj
 0001:0001b4f0       _CG_UndoSpeaker_f          1001c4f0 f   cg_consolecmds.obj
 0001:0001b510       _CG_CPM_f                  1001c510 f   cg_consolecmds.obj
 0001:0001b530       _CG_ResetMaxSpeed_f        1001c530 f   cg_consolecmds.obj
 0001:0001b6e0       _CG_RestrictionInfo_f      1001c6e0 f   cg_consolecmds.obj
 0001:00021db0       _CG_DrawSnapshot           10022db0 f   cg_draw.obj
 0001:00021f40       _CG_DrawPing               10022f40 f   cg_draw.obj
 0001:00022100       _CG_DrawKillSpree          10023100 f   cg_draw.obj
 0001:00022510       _CG_DrawFPS                10023510 f   cg_draw.obj
 0001:00022740       _CG_DrawSpeed              10023740 f   cg_draw.obj
 0001:00022c80       _CG_DrawTeamInfo           10023c80 f   cg_draw.obj
 0001:00023240       _CG_DrawDisconnect         10024240 f   cg_draw.obj
 0001:00023340       _CG_DrawLagometer          10024340 f   cg_draw.obj
 0001:00023b00       _CG_DrawAnnouncement       10024b00 f   cg_draw.obj
 0001:00023c80       _CG_DrawCenterString       10024c80 f   cg_draw.obj
 0001:00023e20       _CG_DrawWeapReticle        10024e20 f   cg_draw.obj
 0001:000242e0       _CG_DrawMortarReticle      100252e0 f   cg_draw.obj
 0001:00025340       _CG_DrawBinocReticle       10026340 f   cg_draw.obj
 0001:00025580       _CG_DrawNoShootIcon        10026580 f   cg_draw.obj
 0001:00025850       _CG_ScanForCrosshairEntity 10026850 f   cg_draw.obj
 0001:00025e50       _CG_DrawCrosshairNames     10026e50 f   cg_draw.obj
 0001:00026ac0       _CG_DrawVote               10027ac0 f   cg_draw.obj
 0001:00027530       _CG_DrawIntermission       10028530 f   cg_draw.obj
 0001:000275f0       _CG_DrawSpectatorMessage   100285f0 f   cg_draw.obj
 0001:000278c0       _CG_DrawTinyOrMicroStringColor 100288c0 f   cg_draw.obj
 0001:000278e0       _CG_DrawLimboMessage       100288e0 f   cg_draw.obj
 0001:00027a30       _CG_DrawFollow             10028a30 f   cg_draw.obj
 0001:00027eb0       _CG_DrawFlashFade          10028eb0 f   cg_draw.obj
 0001:000280f0       _CG_DrawFlashZoomTransition 100290f0 f   cg_draw.obj
 0001:000281c0       _CG_DrawFlashDamage        100291c0 f   cg_draw.obj
 0001:000282b0       _CG_DrawFlashFire          100292b0 f   cg_draw.obj
 0001:00028470       _CG_DrawFlashPoison        10029470 f   cg_draw.obj
 0001:000284c0       _CG_DrawFlashBlendBehindHUD 100294c0 f   cg_draw.obj
 0001:000284d0       _CG_DrawFlashBlend         100294d0 f   cg_draw.obj
 0001:00028600       _CG_DrawObjectiveInfo      10029600 f   cg_draw.obj
 0001:00028ce0       _CG_ScreenFade             10029ce0 f   cg_draw.obj
 0001:00029020       _CG_DrawNewCompass         1002a020 f   cg_draw.obj
 0001:00029470       _CG_PlayerAmmoValue        1002a470 f   cg_draw.obj
 0001:00029660       _CG_DrawPlayerStatusHead   1002a660 f   cg_draw.obj
 0001:00029cb0       _CG_DrawPlayerHealthBar    1002acb0 f   cg_draw.obj
 0001:00029ed0       _CG_DrawBreathBar          1002aed0 f   cg_draw.obj
 0001:00029ff0       _CG_DrawStaminaBar         1002aff0 f   cg_draw.obj
 0001:0002a2b0       _CG_DrawWeapRecharge       1002b2b0 f   cg_draw.obj
 0001:0002a660       _CG_DrawPlayerStatus       1002b660 f   cg_draw.obj
 0001:0002b710       _CG_DrawPlayerStats        1002c710 f   cg_draw.obj
 0001:0002bad0       _CG_DrawStatsDebug         1002cad0 f   cg_draw.obj
 0001:0002d1d0       _CG_DrawTimer              1002e1d0 f   cg_draw.obj
 0001:0002d4f0       _CG_DrawUpperRight         1002e4f0 f   cg_draw.obj
 0001:0002d680       _CG_DrawDanger             1002e680 f   cg_draw.obj
 0001:0002da30       _CG_DrawCrosshair          1002ea30 f   cg_draw.obj
 0001:0002dea0       _CG_DrawWarmup             1002eea0 f   cg_draw.obj
 0001:0002e390       _CG_Draw2D                 1002f390 f   cg_draw.obj
 0001:0002f8a0       _CG_TileClearBox           100308a0 f   cg_drawtools.obj
 0001:00030a20       _AllocSmokeSprite          10031a20 f   cg_effects.obj
 0001:00030a60       _DeAllocSmokeSprite        10031a60 f   cg_effects.obj
 0001:00030ac0       _CG_SmokeSpritePhysics     10031ac0 f   cg_effects.obj
 0001:00032420       _CG_EntityEffects          10033420 f   cg_ents.obj
 0001:00032a50       _CG_General                10033a50 f   cg_ents.obj
 0001:00032e20       _CG_Speaker                10033e20 f   cg_ents.obj
 0001:00032f90       _CG_Item                   10033f90 f   cg_ents.obj
 0001:00033900       _CG_Smoker                 10034900 f   cg_ents.obj
 0001:00033990       _CG_DrawMineMarkerFlag     10034990 f   cg_ents.obj
 0001:00033ac0       _CG_Missile                10034ac0 f   cg_ents.obj
 0001:000342a0       _CG_PitfallSetAnim         100352a0 f   cg_ents.obj
 0001:000342d0       _CG_Pitfall                100352d0 f   cg_ents.obj
 0001:000343f0       _CG_Corona                 100353f0 f   cg_ents.obj
 0001:00034570       _CG_Explosive              10035570 f   cg_ents.obj
 0001:00034660       _CG_Constructible          10035660 f   cg_ents.obj
 0001:00034740       _CG_Mover                  10035740 f   cg_ents.obj
 0001:00034d50       _CG_Portal                 10035d50 f   cg_ents.obj
 0001:00034e70       _CG_Prop                   10035e70 f   cg_ents.obj
 0001:00035320       _CG_InterpolateEntityPosition 10036320 f   cg_ents.obj
 0001:00035480       _CG_ProcessEntity          10036480 f   cg_ents.obj
 0001:00036af0       _CG_CheckFilterObituary    10037af0 f   cg_event.obj
 0001:00036c40       _CG_Obituary               10037c40 f   cg_event.obj
 0001:00037430       _CG_ItemPickup             10038430 f   cg_event.obj
 0001:00038e80       _CG_StartFootStepSound     10039e80 f   cg_event.obj
 0001:00049c00       _CG_AddMoveScaleFade       1004ac00 f   cg_localents.obj
 0001:00049d30       _CG_AddScaleFade           1004ad30 f   cg_localents.obj
 0001:00049e00       _CG_AddFallScaleFade       1004ae00 f   cg_localents.obj
 0001:00049ed0       _CG_AddExplosion           1004aed0 f   cg_localents.obj
 0001:00049f90       _CG_AddSpriteExplosion     1004af90 f   cg_localents.obj
 0001:0004a250       _MD5Transform              1004b250 f   md5.obj
 0001:0004a8d0       _MD5Update                 1004b8d0 f   md5.obj
 0001:0004a9a0       _MD5Final                  1004b9a0 f   md5.obj
 0001:0004aa80       _CalculateMD5ForSeed       1004ba80 f   md5.obj
 0001:0004abe0       _CG_GenerateNQKey          1004bbe0 f   cg_uid.obj
 0001:0004b4e0       _CG_RegisterItemSounds     1004c4e0 f   cg_main.obj
 0001:0004b6e0       _CG_FeederCount            1004c6e0 f   cg_main.obj
 0001:0004b760       _CG_InfoFromScoreIndex     1004c760 f   cg_main.obj
 0001:0004b7d0       _CG_FeederItemText         1004c7d0 f   cg_main.obj
 0001:0004b8c0       _CG_FeederSelection        1004c8c0 f   cg_main.obj
 0001:0004cbb0       _CG_RegisterSounds         1004dbb0 f   cg_main.obj
 0001:0004d880       _CG_RegisterGraphics       1004e880 f   cg_main.obj
 0001:0004f0c0       _CG_RegisterClients        100500c0 f   cg_main.obj
 0001:00050750       _CG_CheckMsgFilter         10051750 f   cg_missionmessages.obj
 0001:00051880       _weapIconDrawSize          10052880 f   cg_newDraw.obj
 0001:000520f0       _CG_OwnerDrawHandleKey     100530f0 f   cg_newDraw.obj
 0001:000520f0       _CG_OwnerDrawWidth         100530f0 f   cg_newDraw.obj
 0001:000520f0       _CG_FeederItemImage        100530f0 f   cg_newDraw.obj
 0001:000561f0       _CG_SetLerpFrameAnimation  100571f0 f   cg_players.obj
 0001:000563e0       _CG_ClearLerpFrame         100573e0 f   cg_players.obj
 0001:00056dc0       _CG_PlayerAnimation        10057dc0 f   cg_players.obj
 0001:00056f90       _CG_SwingAngles            10057f90 f   cg_players.obj
 0001:00057170       _CG_AddPainTwitch          10058170 f   cg_players.obj
 0001:00057520       _CG_PlayerAngles           10058520 f   cg_players.obj
 0001:00057a80       _CG_BreathPuffs            10058a80 f   cg_players.obj
 0001:00057f30       _CG_PlayerFloatText        10058f30 f   cg_players.obj
 0001:00057fa0       _CG_PlayerFloatSprite      10058fa0 f   cg_players.obj
 0001:00058140       _CG_PlayerSprites          10059140 f   cg_players.obj
 0001:000583d0       _CG_PlayerAura             100593d0 f   cg_players.obj
 0001:00058520       _CG_PlayerShadow           10059520 f   cg_players.obj
 0001:000588e0       _CG_PlayerSplash           100598e0 f   cg_players.obj
 0001:00059750       _CG_LoadClientInfo         1005a750 f   cg_players.obj
 0001:0005c0d0       _CG_CheckMsgFilter         1005d0d0 f   cg_popupmessages.obj
 0001:0005d890       _CG_ClipMoveToEntities     1005e890 f   cg_predict.obj
 0001:0005dc90       _CG_InterpolatePlayerState 1005ec90 f   cg_predict.obj
 0001:0005de20       _CG_TouchTriggerPrediction 1005ee20 f   cg_predict.obj
 0001:0005fc00       _WM_DrawClientScore        10060c00 f   cg_scoreboard.obj
 0001:00060240       _WM_DrawClientScore_Small  10061240 f   cg_scoreboard.obj
 0001:00060780       _WM_DrawInfoLine           10061780 f   cg_scoreboard.obj
 0001:00060950       _WM_TeamScoreboard         10061950 f   cg_scoreboard.obj
 0001:000611f0       _CG_ParseScore             100621f0 f   cg_servercmds.obj
 0001:00061360       _CG_ParseTeamInfo          10062360 f   cg_servercmds.obj
 0001:000623c0       _CG_ParseScreenFade        100633c0 f   cg_servercmds.obj
 0001:00062430       _CG_ParseFog               10063430 f   cg_servercmds.obj
 0001:00062560       _CG_ParseGlobalFog         10063560 f   cg_servercmds.obj
 0001:000629c0       _CG_AddToTeamChat          100639c0 f   cg_servercmds.obj
 0001:00063840       _CG_RemoveChatEscapeChar   10064840 f   cg_servercmds.obj
 0001:00064e70       _CG_ParseWarmup            10065e70 f   cg_servercmds.obj
 0001:000650e0       _CG_ConfigStringModified   100660e0 f   cg_servercmds.obj
 0001:00065500       _CG_MapRestart             10066500 f   cg_servercmds.obj
 0001:00065a40       _CG_ServerCommand          10066a40 f   cg_servercmds.obj
 0001:00066c20       _CG_ResetEntity            10067c20 f   cg_snapshot.obj
 0001:00066d00       _CG_TransitionEntity       10067d00 f   cg_snapshot.obj
 0001:00067070       _CG_TransitionSnapshot     10068070 f   cg_snapshot.obj
 0001:00067260       _CG_SetNextSnap            10068260 f   cg_snapshot.obj
 0001:00067390       _CG_ReadNextSnapshot       10068390 f   cg_snapshot.obj
 0001:00067610       _generateHashValue         10068610 f   cg_sound.obj
 0001:000679f0       _CG_SoundParseSounds       100689f0 f   cg_sound.obj
 0001:00067dd0       _CG_SoundLoadSoundFiles    10068dd0 f   cg_sound.obj
 0001:00068490       _CG_RenderScriptSpeakers   10069490 f   cg_sound.obj
 0001:0006ac60       _CG_PlayScriptSpeaker      1006bc60 f   cg_sound.obj
 0001:0006e570       _CG_CalcVrect              1006f570 f   cg_view.obj
 0001:0006ec40       _CG_StepOffset             1006fc40 f   cg_view.obj
 0001:0006efe0       _CG_ZoomSway               1006ffe0 f   cg_view.obj
 0001:0006f0e0       _CG_OffsetFirstPersonView  100700e0 f   cg_view.obj
 0001:0006fa70       _CG_CalcFov                10070a70 f   cg_view.obj
 0001:0006fef0       _CG_UnderwaterSounds       10070ef0 f   cg_view.obj
 0001:0006ff20       _CG_DamageBlendBlob        10070f20 f   cg_view.obj
 0001:000711b0       _CG_RenderLocations        100721b0 f   cg_view.obj
 0001:00071b90       _CG_StartWeaponAnim        10072b90 f   cg_weapons.obj
 0001:00071bd0       _CG_ContinueWeaponAnim     10072bd0 f   cg_weapons.obj
 0001:000740d0       _CG_SetWeapLerpFrameAnimation 100750d0 f   cg_weapons.obj
 0001:00074160       _CG_RunWeapLerpFrame       10075160 f   cg_weapons.obj
 0001:000742f0       _CG_FootAnimation          100752f0 f   cg_weapons.obj
 0001:00074380       _CG_WeaponAnimation        10075380 f   cg_weapons.obj
 0001:00074410       _CG_CalculateWeaponPosition 10075410 f   cg_weapons.obj
 0001:00074840       _CG_FlamethrowerFlame      10075840 f   cg_weapons.obj
 0001:00074870       _CG_VenomSpinAngle         10075870 f   cg_weapons.obj
 0001:00074960       _CG_AddWeaponWithPowerups  10075960 f   cg_weapons.obj
 0001:00074c00       _CG_WeaponHasAmmo          10075c00 f   cg_weapons.obj
 0001:00074d40       _getNextWeapInBank         10075d40 f   cg_weapons.obj
 0001:00074d80       _getNextWeapInBankBynum    10075d80 f   cg_weapons.obj
 0001:00074db0       _getPrevWeapInBank         10075db0 f   cg_weapons.obj
 0001:00074df0       _getPrevWeapInBankBynum    10075df0 f   cg_weapons.obj
 0001:00074e20       _getNextBankWeap           10075e20 f   cg_weapons.obj
 0001:00074e60       _getPrevBankWeap           10075e60 f   cg_weapons.obj
 0001:0007e480       _hash                      1007f480 f   g_match_tokens.obj
 0001:0007f990       _SkipWhitespace            10080990 f   q_shared.obj
 0001:00080580       _hashForString             10081580 f   ui_shared.obj
 0001:00082ad0       _Window_CloseCinematic     10083ad0 f   ui_shared.obj
 0001:00082b00       _Menu_CloseCinematics      10083b00 f   ui_shared.obj
 0001:00082b60       _Display_CloseCinematics   10083b60 f   ui_shared.obj
 0001:00082c30       _Item_CorrectedTextRect    10083c30 f   ui_shared.obj
 0001:00086870       _Menu_RunCloseScript       10087870 f   ui_shared.obj
 0001:0008ad10       _shortsort                 1008bd10 f   LIBCMT:qsort.obj
 0001:0008b40a       _vscan_fn                  1008c40a f   LIBCMT:sscanf.obj
 0001:0008ba49       _flsall                    1008ca49 f   LIBCMT:fflush.obj
 0001:0008c0e8       _doexit                    1008d0e8 f   LIBCMT:crt0dat.obj
 0001:0008ca35       ___DllMainCRTStartup       1008da35 f   LIBCMT:dllcrt0.obj
 0001:0008cc18       ?strtoxl@@YAKPAUlocaleinfo_struct@@PBDPAPBDHH@Z 1008dc18 f   LIBCMT:strtol.obj
 0001:0008d4c1       __shift                    1008e4c1 f   LIBCMT:cvt.obj
 0001:0008d506       __cftoe2_l                 1008e506 f   LIBCMT:cvt.obj
 0001:0008dac4       __cftof2_l                 1008eac4 f   LIBCMT:cvt.obj
 0001:0008de6b       ?CPtoLCID@@YAHH@Z          1008ee6b f   LIBCMT:mbctype.obj
 0001:0008de9a       ?setSBCS@@YAXPAUthreadmbcinfostruct@@@Z 1008ee9a f   LIBCMT:mbctype.obj
 0001:0008defe       ?setSBUpLow@@YAXPAUthreadmbcinfostruct@@@Z 1008eefe f   LIBCMT:mbctype.obj
 0001:0008e132       ?getSystemCP@@YAHH@Z       1008f132 f   LIBCMT:mbctype.obj
 0001:0008e8a8       ?__crtLCMapStringA_stat@@YAHPAUlocaleinfo_struct@@KKPBDHPADHHH@Z 1008f8a8 f   LIBCMT:a_map.obj
 0001:0008f700       _write_char                10090700 f   LIBCMT:output.obj
 0001:0008f733       _write_string              10090733 f   LIBCMT:output.obj
 0001:00091d40       __unwind_handler4          10092d40 f   LIBCMT:exsup4.obj
 0001:0009328c       ___check_float_string      1009428c f   LIBCMT:input.obj
 0001:000932e3       __hextodec                 100942e3 f   LIBCMT:input.obj
 0001:00093303       __inc                      10094303 f   LIBCMT:input.obj
 0001:00093319       __whiteout                 10094319 f   LIBCMT:input.obj
 0001:00094347       __tzset_nolock             10095347 f   LIBCMT:tzset.obj
 0001:0009465a       _cvtdate                   1009565a f   LIBCMT:tzset.obj
 0001:00094851       __isindst_nolock           10095851 f   LIBCMT:tzset.obj
 0001:00095c99       _siglookup                 10096c99 f   LIBCMT:winsig.obj
 0001:00095ed5       __onexit_nolock            10096ed5 f   LIBCMT:onexit.obj
 0001:00096868       _parse_cmdline             10097868 f   LIBCMT:stdargv.obj
 0001:00097547       ?__crtGetStringTypeA_stat@@YAHPAUlocaleinfo_struct@@KPBDHPAGHHH@Z 10098547 f   LIBCMT:a_str.obj
 0001:00099e8e       __tsopen_nolock            1009ae8e f   LIBCMT:open.obj
 0001:0009aa50       __unwind_handler           1009ba50 f   LIBCMT:exsup.obj
 0001:0009b570       ?x_ismbbtype_l@@YAHPAUlocaleinfo_struct@@IHH@Z 1009c570 f   LIBCMT:ismbbyte.obj
 0001:0009bed3       __hw_cw                    1009ced3 f   LIBCMT:_ieee87_.obj
 0001:0009bf61       ___hw_cw_sse2              1009cf61 f   LIBCMT:_ieee87_.obj
 0001:0009cfc1       ?__crtCompareStringA_stat@@YAHPAUlocaleinfo_struct@@KKPBDH1HH@Z 1009dfc1 f   LIBCMT:a_cmp.obj
 0001:0009d35b       _findenv                   1009e35b f   LIBCMT:setenv.obj
 0001:0009d3ad       _copy_environ              1009e3ad f   LIBCMT:setenv.obj
