 qagame_mp_x86

 Timestamp is 4f8e6db7 (Wed Apr 18 09:31:03 2012)

 Preferred load address is 20000000

 Start         Length     Name                   Class
 0001:00000000 000bc6c0H .text                   CODE
 0001:000bc6c0 0000033bH .text$x                 CODE
 0001:000bca00 000000aeH .text$yc                CODE
 0001:000bcab0 00000095H .text$yd                CODE
 0002:00000000 00000220H .idata$5                DATA
 0002:00000220 00000004H .CRT$XCA                DATA
 0002:00000224 0000000cH .CRT$XCC                DATA
 0002:00000230 00000008H .CRT$XCL                DATA
 0002:00000238 00000014H .CRT$XCU                DATA
 0002:0000024c 00000004H .CRT$XCZ                DATA
 0002:00000250 00000004H .CRT$XIA                DATA
 0002:00000254 00000014H .CRT$XIC                DATA
 0002:00000268 00000004H .CRT$XID                DATA
 0002:0000026c 00000004H .CRT$XIZ                DATA
 0002:00000270 00000004H .CRT$XPA                DATA
 0002:00000274 00000004H .CRT$XPX                DATA
 0002:00000278 00000004H .CRT$XPXA               DATA
 0002:0000027c 00000004H .CRT$XPZ                DATA
 0002:00000280 00000004H .CRT$XTA                DATA
 0002:00000284 00000004H .CRT$XTZ                DATA
 0002:00000290 00030718H .rdata                  DATA
 0002:000309a8 00000a20H .rdata$r                DATA
 0002:000313d0 00000068H .rdata$sxdata           DATA
 0002:00031438 00000004H .rtc$IAA                DATA
 0002:0003143c 00000004H .rtc$IZZ                DATA
 0002:00031440 00000004H .rtc$TAA                DATA
 0002:00031444 00000004H .rtc$TZZ                DATA
 0002:00031448 00000ce0H .xdata$x                DATA
 0002:00032128 0000003cH .idata$2                DATA
 0002:00032164 00000014H .idata$3                DATA
 0002:00032178 00000220H .idata$4                DATA
 0002:00032398 00000968H .idata$6                DATA
 0002:00032d00 0000005eH .edata                  DATA
 0003:00000000 0000a004H .data                   DATA
 0003:0000a020 046b4544H .bss                    DATA

  Address         Publics by Value              Rva+Base       Lib:Object

 0000:00000000       __except_list              00000000     <absolute>
 0000:0000001a       ___safe_se_handler_count   0000001a     <absolute>
 0000:00000000       ___ImageBase               20000000     <linker-defined>
 0001:00000000       _BG_AnimParseError         20001000 f   bg_animation.obj
 0001:000000f0       _BG_IndexForString         200010f0 f   bg_animation.obj
 0001:00000170       _BG_CopyStringIntoBuffer   20001170 f   bg_animation.obj
 0001:000001e0       _BG_InitWeaponStrings      200011e0 f   bg_animation.obj
 0001:00000270       _BG_ParseConditionBits     20001270 f   bg_animation.obj
 0001:00000530       _BG_ParseConditions        20001530 f   bg_animation.obj
 0001:000009c0       _BG_AnimParseAnimScript    200019c0 f   bg_animation.obj
 0001:00001090       _BG_EvaluateConditions     20002090 f   bg_animation.obj
 0001:00001130       _BG_FirstValidItem         20002130 f   bg_animation.obj
 0001:00001170       _BG_PlayAnim               20002170 f   bg_animation.obj
 0001:00001270       _BG_ExecuteCommand         20002270 f   bg_animation.obj
 0001:00001360       _BG_AnimScriptEvent        20002360 f   bg_animation.obj
 0001:00001410       _BG_GetAnimString          20002410 f   bg_animation.obj
 0001:00001440       _BG_UpdateConditionValue   20002440 f   bg_animation.obj
 0001:000014b0       _BG_GetConditionValue      200024b0 f   bg_animation.obj
 0001:00001540       _BG_GetConditionBitFlag    20002540 f   bg_animation.obj
 0001:00001590       _BG_SetConditionBitFlag    20002590 f   bg_animation.obj
 0001:000015c0       _BG_ClearConditionBitFlag  200025c0 f   bg_animation.obj
 0001:000015f0       _BG_GetAnimScriptAnimation 200025f0 f   bg_animation.obj
 0001:00001680       _BG_GetAnimationForIndex   20002680 f   bg_animation.obj
 0001:000016c0       _BG_AnimUpdatePlayerStateConditions 200026c0 f   bg_animation.obj
 0001:00001870       _BG_AnimScriptAnimation    20002870 f   bg_animation.obj
 0001:00001960       _BG_ClearAnimationPool     20002960 f   bg_animgroup.obj
 0001:00001da0       _BG_R_RegisterAnimationGroup 20002da0 f   bg_animgroup.obj
 0001:00001f90       _BG_ParseCharacterFile     20002f90 f   bg_character.obj
 0001:00002320       _BG_GetCharacter           20003320 f   bg_character.obj
 0001:00002350       _BG_GetCharacterForPlayerstate 20003350 f   bg_character.obj
 0001:00002390       _BG_ClearCharacterPool     20003390 f   bg_character.obj
 0001:000023c0       _BG_FindFreeCharacter      200033c0 f   bg_character.obj
 0001:00002450       _BG_FindCharacter          20003450 f   bg_character.obj
 0001:000024a0       _BG_GetPlayerClassInfo     200034a0 f   bg_classes.obj
 0001:000024d0       _BG_PlayerClassForPlayerState 200034d0 f   bg_classes.obj
 0001:000024f0       _BG_ClassHasWeapon         200034f0 f   bg_classes.obj
 0001:00002520       _BG_ClassnameForNumber     20003520 f   bg_classes.obj
 0001:00002570       _BG_ClassSkillForClass     20003570 f   bg_classes.obj
 0001:000025b0       _BG_StringHashValue        200035b0 f   bg_misc.obj
 0001:00002600       _BG_StringHashValue_Lwr    20003600 f   bg_misc.obj
 0001:00002640       _BG_GetFromTable           20003640 f   bg_misc.obj
 0001:00002780       _BG_FindItemForWeapon      20003780 f   bg_misc.obj
 0001:000027f0       _BG_FindClipForWeapon      200037f0 f   bg_misc.obj
 0001:00002830       _Init_FindClipForWeapon    20003830 f   bg_misc.obj
 0001:00002860       _BG_FindAmmoForWeapon      20003860 f   bg_misc.obj
 0001:000028a0       _Init_FindAmmoForWeapon    200038a0 f   bg_misc.obj
 0001:000028d0       _BG_AkimboFireSequence     200038d0 f   bg_misc.obj
 0001:00002910       _BG_AkimboSidearm          20003910 f   bg_misc.obj
 0001:00002960       _BG_FindItemForAmmo        20003960 f   bg_misc.obj
 0001:000029c0       _BG_FindItem               200039c0 f   bg_misc.obj
 0001:00002a00       _BG_FindItemForClassName   20003a00 f   bg_misc.obj
 0001:00002ac0       _SkillForClass             20003ac0 f   bg_misc.obj
 0001:00002b10       _BG_GrenadesForClass       20003b10 f   bg_misc.obj
 0001:00002b70       _BG_CalculateSpline_r      20003b70 f   bg_misc.obj
 0001:00002e80       _BG_TraverseSpline         20003e80 f   bg_misc.obj
 0001:00002f60       _BG_RaySphereIntersection  20003f60 f   bg_misc.obj
 0001:00003040       _BG_LinearPathOrigin2      20004040 f   bg_misc.obj
 0001:00003330       _BG_ComputeSegments        20004330 f   bg_misc.obj
 0001:00003490       _BG_EvaluateTrajectoryDelta 20004490 f   bg_misc.obj
 0001:000036d0       _BG_GetMarkDir             200046d0 f   bg_misc.obj
 0001:000038a0       _BG_AddPredictableEventToPlayerstate 200048a0 f   bg_misc.obj
 0001:000038d0       _BG_PlayerStateToEntityState 200048d0 f   bg_misc.obj
 0001:00003c60       _BG_DuplicateWeapon        20004c60 f   bg_misc.obj
 0001:00003cf0       _BG_ValidStatWeapon        20004cf0 f   bg_misc.obj
 0001:00003d70       _BG_Find_PathCorner        20004d70 f   bg_misc.obj
 0001:00003dc0       _BG_AddPathCorner          20004dc0 f   bg_misc.obj
 0001:00003e30       _BG_Find_Spline            20004e30 f   bg_misc.obj
 0001:00003e80       _BG_AddSplinePath          20004e80 f   bg_misc.obj
 0001:00003f20       _BG_AddSplineControl       20004f20 f   bg_misc.obj
 0001:00003f70       _BG_SplineLength           20004f70 f   bg_misc.obj
 0001:00004080       _BG_BuildSplinePaths       20005080 f   bg_misc.obj
 0001:00004190       _BG_GetSplineData          20005190 f   bg_misc.obj
 0001:000041d0       _BG_ExtraAmmoForWeapon     200051d0 f   bg_misc.obj
 0001:00004350       _BG_MaxAmmoForWeapon       20005350 f   bg_misc.obj
 0001:00004410       _BG_CreateRotationMatrix   20005410 f   bg_misc.obj
 0001:00004440       _BG_RotatePoint            20005440 f   bg_misc.obj
 0001:000044c0       _PC_String_Parse           200054c0 f   bg_misc.obj
 0001:00004510       _PC_String_ParseNoAlloc    20005510 f   bg_misc.obj
 0001:00004560       _WeaponStatsName           20005560 f   bg_misc.obj
 0001:000045a0       _BG_isLightWeaponSupportingFastReload 200055a0 f   bg_misc.obj
 0001:00004610       _BG_InitLocations          20005610 f   bg_misc.obj
 0001:00004720       _BG_GetLocationString      20005720 f   bg_misc.obj
 0001:00004790       _BG_ClipVelocity           20005790 f   bg_misc.obj
 0001:00004810       _BG_FootstepForSurface     20005810 f   bg_misc.obj
 0001:000048a0       _BG_CheckCharge            200058a0 f   bg_misc.obj
 0001:00004c10       _Q_vsnprintf               20005c10 f   bg_misc.obj
 0001:00004c50       _BG_AddMagicAmmo           20005c50 f   bg_misc.obj
 0001:000050d0       _BG_CanItemBeGrabbed       200060d0 f   bg_misc.obj
 0001:000053a0       _BG_EvaluateTrajectory     200063a0 f   bg_misc.obj
 0001:00005d40       _PC_SourceError            20006d40 f   bg_misc.obj
 0001:00005db0       _PC_Float_Parse            20006db0 f   bg_misc.obj
 0001:00005e50       _PC_Vec_Parse              20006e50 f   bg_misc.obj
 0001:00005ea0       _PC_Int_Parse              20006ea0 f   bg_misc.obj
 0001:00005f30       _BG_PlayerTouchesItem      20006f30 f   bg_misc.obj
 0001:00005fd0       _CheckSilent               20006fd0 f   bg_pmove.obj
 0001:00006010       _PM_AddEvent               20007010 f   bg_pmove.obj
 0001:00006030       _PM_AddEventExt            20007030 f   bg_pmove.obj
 0001:00006050       _PM_IdleAnimForWeapon      20007050 f   bg_pmove.obj
 0001:000060a0       _PM_AltSwitchFromForWeapon 200070a0 f   bg_pmove.obj
 0001:000060b0       _PM_AltSwitchToForWeapon   200070b0 f   bg_pmove.obj
 0001:00006110       _PM_AttackAnimForWeapon    20007110 f   bg_pmove.obj
 0001:00006160       _PM_LastAttackAnimForWeapon 20007160 f   bg_pmove.obj
 0001:000061c0       _PM_ReloadAnimForWeapon    200071c0 f   bg_pmove.obj
 0001:00006240       _PM_RaiseAnimForWeapon     20007240 f   bg_pmove.obj
 0001:000062d0       _PM_DropAnimForWeapon      200072d0 f   bg_pmove.obj
 0001:00006330       _PM_AddTouchEnt            20007330 f   bg_pmove.obj
 0001:000063c0       _PM_ContinueWeaponAnim     200073c0 f   bg_pmove.obj
 0001:00006400       _PM_ClipVelocity           20007400 f   bg_pmove.obj
 0001:00006470       _PM_TraceLegs              20007470 f   bg_pmove.obj
 0001:00006680       _PM_TraceHead              20007680 f   bg_pmove.obj
 0001:00006760       _PM_TraceAllParts          20007760 f   bg_pmove.obj
 0001:000068d0       _PM_TraceAll               200078d0 f   bg_pmove.obj
 0001:00009a00       _PM_WeaponUseAmmo          2000aa00 f   bg_pmove.obj
 0001:00009ae0       _PM_WeaponAmmoAvailable    2000aae0 f   bg_pmove.obj
 0001:00009b80       _PM_WeaponClipEmpty        2000ab80 f   bg_pmove.obj
 0001:00009bb0       _PM_CoolWeapons            2000abb0 f   bg_pmove.obj
 0001:00009d10       _PM_AdjustAimSpreadScale   2000ad10 f   bg_pmove.obj
 0001:0000a2c0       _PM_AltFire                2000b2c0 f   bg_pmove.obj
 0001:0000a300       _PM_AltFiring              2000b300 f   bg_pmove.obj
 0001:0000aa70       _PM_UpdateLean             2000ba70 f   bg_pmove.obj
 0001:0000ad70       _PM_UpdateViewAngles       2000bd70 f   bg_pmove.obj
 0001:0000b800       _PM_CheckLadderMove        2000c800 f   bg_pmove.obj
 0001:0000bad0       _PM_LadderMove             2000cad0 f   bg_pmove.obj
 0001:0000bd90       _PM_Sprint                 2000cd90 f   bg_pmove.obj
 0001:0000bfa0       _PM_CheckAttack            2000cfa0 f   bg_pmove.obj
 0001:0000c010       _PmovePredict              2000d010 f   bg_pmove.obj
 0001:0000c070       _PM_BeginWeaponChange      2000d070 f   bg_pmove.obj
 0001:0000c490       _PM_CheckForReload         2000d490 f   bg_pmove.obj
 0001:0000ea20       _PmoveSingle               2000fa20 f   bg_pmove.obj
 0001:0000f170       _Pmove                     20010170 f   bg_pmove.obj
 0001:0000f270       _PM_SlideMove              20010270 f   bg_slidemove.obj
 0001:0000f970       _PM_StepSlideMove          20010970 f   bg_slidemove.obj
 0001:0000fea0       _BG_ClearScriptSpeakerPool 20010ea0 f   bg_sscript.obj
 0001:0000feb0       _BG_NumScriptSpeakers      20010eb0 f   bg_sscript.obj
 0001:0000fec0       _BG_GetScriptSpeaker       20010ec0 f   bg_sscript.obj
 0001:0000fef0       _BG_SS_StoreSpeaker        20010ef0 f   bg_sscript.obj
 0001:000104a0       _BG_LoadSpeakerScript      200114a0 f   bg_sscript.obj
 0001:000105e0       _BG_WeapStatForWeapon      200115e0 f   bg_stats.obj
 0001:00010600       _BG_GetStatDeaths          20011600 f   bg_stats.obj
 0001:00010620       _BG_SetStatDeaths          20011620 f   bg_stats.obj
 0001:00010640       _BG_GetStatBestSpree       20011640 f   bg_stats.obj
 0001:00010660       _BG_GetStatBounty          20011660 f   bg_stats.obj
 0001:00010680       _BG_SetStatBestSpree       20011680 f   bg_stats.obj
 0001:000106a0       _BG_SetStatBounty          200116a0 f   bg_stats.obj
 0001:000106d0       _BG_GetKillSpree           200116d0 f   bg_stats.obj
 0001:000106f0       _BG_SetKillSpree           200116f0 f   bg_stats.obj
 0001:00010710       _BG_AdjustBounty           20011710 f   bg_stats.obj
 0001:00010730       _BG_AdjustDeaths           20011730 f   bg_stats.obj
 0001:00010750       _BG_LoadTraceMap           20011750 f   bg_tracemap.obj
 0001:00010d20       _BG_GetTracemapGroundFloor 20011d20 f   bg_tracemap.obj
 0001:00010d40       _etpro_FinalizeTracemapClamp 20011d40 f   bg_tracemap.obj
 0001:00010d90       _BG_GetSkyHeightAtPoint    20011d90 f   bg_tracemap.obj
 0001:00010e20       _BG_GetGroundHeightAtPoint 20011e20 f   bg_tracemap.obj
 0001:00010eb0       _BG_InitWeaponInfo         20011eb0 f   bg_weapons.obj
 0001:00011fa0       _BG_RegisterWeapon         20012fa0 f   bg_weapons.obj
 0001:00012390       ??1bad_alloc@std@@UAE@XZ   20013390 f i BotLoadLibrary.obj
 0001:000123a0       ??_Ebad_alloc@std@@UAEPAXI@Z 200133a0 f i BotLoadLibrary.obj
 0001:000123a0       ??_Gbad_alloc@std@@UAEPAXI@Z 200133a0 f i BotLoadLibrary.obj
 0001:000123d0       ?IsOmnibotLoaded@@YA_NXZ   200133d0 f   BotLoadLibrary.obj
 0001:000123e0       ?Omnibot_strncpy@@YAXPADPBDH@Z 200133e0 f   BotLoadLibrary.obj
 0001:00012420       ?Omnibot_ErrorString@@YAPBDW4eomnibot_error@@@Z 20013420 f   BotLoadLibrary.obj
 0001:00012440       ?Omnibot_FixPath@@YAPBDPBD@Z 20013440 f   BotLoadLibrary.obj
 0001:000124a0       _OB_VA                     200134a0 f   BotLoadLibrary.obj
 0001:00012500       ?OB_ShowLastError@@YA_NPBD@Z 20013500 f   BotLoadLibrary.obj
 0001:00012580       ?Omnibot_FreeLibrary@@YAXXZ 20013580 f   BotLoadLibrary.obj
 0001:000125d0       ?Reset@KeyVals@@QAEXXZ     200135d0 f   BotLoadLibrary.obj
 0001:00012610       ?SetKeyVal@KeyVals@@AAE_NPBDABUobUserData_t@@@Z 20013610 f   BotLoadLibrary.obj
 0001:000126c0       ??0bad_alloc@std@@QAE@ABV01@@Z 200136c0 f i BotLoadLibrary.obj
 0001:000126e0       ??0KeyVals@@QAE@XZ         200136e0 f   BotLoadLibrary.obj
 0001:00012710       ?SetInt@KeyVals@@QAE_NPBDH@Z 20013710 f   BotLoadLibrary.obj
 0001:00012740       ?SetEntity@KeyVals@@QAE_NPBDVGameEntity@@@Z 20013740 f   BotLoadLibrary.obj
 0001:00012770       ?SetString@KeyVals@@QAE_NPBD0@Z 20013770 f   BotLoadLibrary.obj
 0001:000127e0       ?Set@KeyVals@@QAE_NPBDABUobUserData_t@@@Z 200137e0 f   BotLoadLibrary.obj
 0001:000127f0       ?erase@?$basic_string@DU?$char_traits@D@std@@V?$allocator@D@2@@std@@QAEAAV12@II@Z 200137f0 f i BotLoadLibrary.obj
 0001:00012880       ?allocate@?$allocator@D@std@@QAEPADI@Z 20013880 f i BotLoadLibrary.obj
 0001:000128d0       ?Omnibot_GetLibraryPath@@YAPBDXZ 200138d0 f   BotLoadLibrary.obj
 0001:000128f0       ??1?$basic_string@DU?$char_traits@D@std@@V?$allocator@D@2@@std@@QAE@XZ 200138f0 f i BotLoadLibrary.obj
 0001:00012920       ?_Copy@?$basic_string@DU?$char_traits@D@std@@V?$allocator@D@2@@std@@QAEXII@Z 20013920 f i BotLoadLibrary.obj
 0001:00012a80       ?assign@?$basic_string@DU?$char_traits@D@std@@V?$allocator@D@2@@std@@QAEAAV12@ABV12@II@Z 20013a80 f i BotLoadLibrary.obj
 0001:00012b70       ?assign@?$basic_string@DU?$char_traits@D@std@@V?$allocator@D@2@@std@@QAEAAV12@PBDI@Z 20013b70 f i BotLoadLibrary.obj
 0001:00012c70       ?Omnibot_LL@@YAPAUHINSTANCE__@@PBD@Z 20013c70 f   BotLoadLibrary.obj
 0001:00012d00       ?Omnibot_LoadLibrary@@YA?AW4eomnibot_error@@HPBD0@Z 20013d00 f   BotLoadLibrary.obj
 0001:00012e60       _G_DoAntiwarp              20013e60 f   et-antiwarp.obj
 0001:00012ed0       _etpro_AddUsercmd          20013ed0 f   et-antiwarp.obj
 0001:00013030       _DoClientThinks            20014030 f   et-antiwarp.obj
 0001:00013360       _mdx_cleanup               20014360 f   etpro_mdx.obj
 0001:00013a70       _trap_R_RegisterModel      20014a70 f   etpro_mdx.obj
 0001:00013ea0       _mdx_calculate_bones_single 20014ea0 f   etpro_mdx.obj
 0001:000142b0       _trap_R_LerpTagNumber      200152b0 f   etpro_mdx.obj
 0001:00014480       _trap_R_LookupTag          20015480 f   etpro_mdx.obj
 0001:000144b0       _trap_R_LerpTag            200154b0 f   etpro_mdx.obj
 0001:000146d0       _mdx_PlayerAngles          200156d0 f   etpro_mdx.obj
 0001:00015160       _mdx_PlayerAnimation       20016160 f   etpro_mdx.obj
 0001:00015260       _mdx_head_position         20016260 f   etpro_mdx.obj
 0001:000154f0       _mdx_tag_position          200164f0 f   etpro_mdx.obj
 0001:00015630       _mdx_legs_position         20016630 f   etpro_mdx.obj
 0001:000157f0       _mdx_gentity_to_grefEntity 200167f0 f   etpro_mdx.obj
 0001:00015980       _P_DamageFeedback          20016980 f   g_active.obj
 0001:00015ae0       _P_WorldEffects            20016ae0 f   g_active.obj
 0001:00015d60       _PushBot                   20016d60 f   g_active.obj
 0001:00015f40       _ReadyToConstruct          20016f40 f   g_active.obj
 0001:00016050       _ClientImpacts             20017050 f   g_active.obj
 0001:00016140       _G_TouchTriggers           20017140 f   g_active.obj
 0001:00016310       _G_SpectatorAttackFollow   20017310 f   g_active.obj
 0001:000164b0       _SpectatorThink            200174b0 f   g_active.obj
 0001:00016770       _ClientInactivityTimer     20017770 f   g_active.obj
 0001:00016ec0       _ClientTimerActions        20017ec0 f   g_active.obj
 0001:00017040       _ClientIntermissionThink   20018040 f   g_active.obj
 0001:00017090       _G_FallDamage              20018090 f   g_active.obj
 0001:00017350       _ClientEvents              20018350 f   g_active.obj
 0001:000175b0       _WolfFindMedic             200185b0 f   g_active.obj
 0001:00017780       _KillerCam                 20018780 f   g_active.obj
 0001:000178c0       _G_SetIdentifyClient       200188c0 f   g_active.obj
 0001:00017b60       _ClientThink_checkWeapons  20018b60 f   g_active.obj
 0001:00018250       _ClientThink_doPmove       20019250 f   g_active.obj
 0001:000186b0       _ClientThink_real          200196b0 f   g_active.obj
 0001:000190c0       _ClientThink_cmd           2001a0c0 f   g_active.obj
 0001:00019110       _ClientThink               2001a110 f   g_active.obj
 0001:00019170       _G_RunClient               2001a170 f   g_active.obj
 0001:000191e0       _SpectatorClientEndFrame   2001a1e0 f   g_active.obj
 0001:000194f0       _StuckInClient             2001a4f0 f   g_active.obj
 0001:000196a0       _WolfRevivePushEnt         2001a6a0 f   g_active.obj
 0001:000197d0       _WolfReviveBbox            2001a7d0 f   g_active.obj
 0001:000199f0       _UpdatePlayerAura          2001a9f0 f   g_active.obj
 0001:00019b60       _ClientEndFrame            2001ab60 f   g_active.obj
 0001:0001a090       _alarmbox_updateparts      2001b090 f   g_alarm.obj
 0001:0001a1c0       _alarmbox_use              2001b1c0 f   g_alarm.obj
 0001:0001a210       _alarmbox_die              2001b210 f   g_alarm.obj
 0001:0001a250       _alarmbox_finishspawning   2001b250 f   g_alarm.obj
 0001:0001a290       _SP_alarm_box              2001b290 f   g_alarm.obj
 0001:0001a3f0       _G_AntilagSafe             2001b3f0 f   g_antilag.obj
 0001:0001a480       _G_StoreClientPosition     2001b480 f   g_antilag.obj
 0001:0001a770       _G_AdjustSingleClientPosition 2001b770 f   g_antilag.obj
 0001:0001b1b0       _G_ReAdjustSingleClientPosition 2001c1b0 f   g_antilag.obj
 0001:0001b3b0       _G_AdjustClientPositions   2001c3b0 f   g_antilag.obj
 0001:0001b420       _G_ResetMarkers            2001c420 f   g_antilag.obj
 0001:0001b750       _G_AttachBodyParts         2001c750 f   g_antilag.obj
 0001:0001b830       _G_DettachBodyParts        2001c830 f   g_antilag.obj
 0001:0001b8a0       _G_SwitchBodyPartEntity    2001c8a0 f   g_antilag.obj
 0001:0001b8e0       _G_HistoricalTrace         2001c8e0 f   g_antilag.obj
 0001:0001bb30       _G_HistoricalTraceBegin    2001cb30 f   g_antilag.obj
 0001:0001bb80       _G_HistoricalTraceEnd      2001cb80 f   g_antilag.obj
 0001:0001bba0       _G_Trace                   2001cba0 f   g_antilag.obj
 0001:0001bd40       _G_SkipCorrectionSafe      2001cd40 f   g_antilag.obj
 0001:0001bde0       _G_PredictPmove            2001cde0 f   g_antilag.obj
 0001:0001bf80       _G_RemoveFromAllIgnoreLists 2001cf80 f   g_buddy_list.obj
 0001:0001c330       _G_RegisterCharacter       2001d330 f   g_character.obj
 0001:0001c400       _G_RegisterPlayerClasses   2001d400 f   g_character.obj
 0001:0001c4a0       _G_UpdateCharacter         2001d4a0 f   g_character.obj
 0001:0001c5e0       _SP_info_player_deathmatch 2001d5e0 f   g_client.obj
 0001:0001c690       _SP_info_player_checkpoint 2001d690 f   g_client.obj
 0001:0001c6b0       _SP_info_player_start      2001d6b0 f   g_client.obj
 0001:0001c6d0       _SpotWouldTelefrag         2001d6d0 f   g_client.obj
 0001:0001c7a0       _SelectNearestDeathmatchSpawnPoint 2001d7a0 f   g_client.obj
 0001:0001c840       _SelectRandomDeathmatchSpawnPoint 2001d840 f   g_client.obj
 0001:0001c8c0       _SelectInfoPlayerSpawnPoint 2001d8c0 f   g_client.obj
 0001:0001c930       _SelectSpawnPoint          2001d930 f   g_client.obj
 0001:0001c9c0       _SelectSpectatorSpawnPoint 2001d9c0 f   g_client.obj
 0001:0001ca10       _InitBodyQue               2001da10 f   g_client.obj
 0001:0001ca50       _BodyUnlink                2001da50 f   g_client.obj
 0001:0001ca90       _BodySink2                 2001da90 f   g_client.obj
 0001:0001cb00       _BodySink                  2001db00 f   g_client.obj
 0001:0001ce20       _CopyToBodyQue             2001de20 f   g_client.obj
 0001:0001d270       _SetClientViewAngle        2001e270 f   g_client.obj
 0001:0001d330       _G_DropLimboHealth         2001e330 f   g_client.obj
 0001:0001d490       _G_DropLimboAmmo           2001e490 f   g_client.obj
 0001:0001d5f0       _limbo                     2001e5f0 f   g_client.obj
 0001:0001d800       _TeamCount                 2001e800 f   g_client.obj
 0001:0001d850       _PickTeam                  2001e850 f   g_client.obj
 0001:0001da00       _AddWeaponToPlayer         2001ea00 f   g_client.obj
 0001:0001da80       _G_AddClassSpecificTools   2001ea80 f   g_client.obj
 0001:0001dc90       _G_CorrectSecondaryWeapon  2001ec90 f   g_client.obj
 0001:0001dd80       _G_AddClassWeapons         2001ed80 f   g_client.obj
 0001:0001e040       _SetWolfSpawnWeapons       2001f040 f   g_client.obj
 0001:0001e2b0       _G_CountTeamMedics         2001f2b0 f   g_client.obj
 0001:0001e330       _AddMedicTeamBonus         2001f330 f   g_client.obj
 0001:0001e3b0       _ClientCleanName           2001f3b0 f   g_client.obj
 0001:0001e460       _GetParsedIP               2001f460 f   g_client.obj
 0001:0001e540       _CheckUserinfo             2001f540 f   g_client.obj
 0001:0001e800       _FileExists                2001f800 f   g_client.obj
 0001:0001e830       _CGAMEFileExists           2001f830 f   g_client.obj
 0001:0001e8c0       _CheckLocalhost            2001f8c0 f   g_client.obj
 0001:0001e9b0       _ClientConfigStringChanged 2001f9b0 f   g_client.obj
 0001:0001ebb0       _GetIPLength               2001fbb0 f   g_client.obj
 0001:0001ebe0       _CompareIPNoPort           2001fbe0 f   g_client.obj
 0001:0001ec60       _IsFakepConnection         2001fc60 f   g_client.obj
 0001:0001ee10       _ClientDisconnect          2001fe10 f   g_client.obj
 0001:0001f250       _ClientStoreSurfaceFlags   20020250 f   g_client.obj
 0001:0001f270       _ClientHitboxMaxZ          20020270 f   g_client.obj
 0001:0001f2d0       _ClientUserinfoChanged     200202d0 f   g_client.obj
 0001:0001fb20       _ClientConnect             20020b20 f   g_client.obj
 0001:00020650       _ClientSpawn               20021650 f   g_client.obj
 0001:00021050       _respawn                   20022050 f   g_client.obj
 0001:00021080       _ClientBegin               20022080 f   g_client.obj
 0001:000214f0       _reinforce                 200224f0 f   g_client.obj
 0001:00021580       _Censor_Force_Suicide      20022580 f   g_cmds.obj
 0001:00021600       _G_CensorText              20022600 f   g_cmds.obj
 0001:000216d0       _G_CensorPenalize          200226d0 f   g_cmds.obj
 0001:00021a20       _G_PlayDead                20022a20 f   g_cmds.obj
 0001:00021a80       _G_TeamDamageStats         20022a80 f   g_cmds.obj
 0001:00021b50       _G_SendScore_Add           20022b50 f   g_cmds.obj
 0001:00021cd0       _G_SendScore               20022cd0 f   g_cmds.obj
 0001:00021e30       _Cmd_Score_f               20022e30 f   g_cmds.obj
 0001:00021e50       _CheatsOk                  20022e50 f   g_cmds.obj
 0001:00021ee0       _DecolorString             20022ee0 f   g_cmds.obj
 0001:00021f20       _SanitizeString            20022f20 f   g_cmds.obj
 0001:00021f80       _G_MatchOnePlayer          20022f80 f   g_cmds.obj
 0001:00022070       _ClientNumbersFromString   20023070 f   g_cmds.obj
 0001:000221a0       _ClientNumberFromString    200231a0 f   g_cmds.obj
 0001:00022430       _Cmd_Shrug_f               20023430 f   g_cmds.obj
 0001:00022490       _Cmd_DropWeapon_f          20023490 f   g_cmds.obj
 0001:00022660       _Cmd_DropClip_f            20023660 f   g_cmds.obj
 0001:000227b0       _Cmd_Notarget_f            200237b0 f   g_cmds.obj
 0001:00022810       _Cmd_Kill_f                20023810 f   g_cmds.obj
 0001:000229f0       _G_TeamDataForString       200239f0 f   g_cmds.obj
 0001:00022b70       _G_DropItems               20023b70 f   g_cmds.obj
 0001:00022d10       _G_ClassCount              20023d10 f   g_cmds.obj
 0001:00022db0       _G_IsClassDisabled         20023db0 f   g_cmds.obj
 0001:00022ea0       _G_WeaponCount             20023ea0 f   g_cmds.obj
 0001:00022f40       _G_IsWeaponDisabled        20023f40 f   g_cmds.obj
 0001:00023220       _G_SetClientWeapons        20024220 f   g_cmds.obj
 0001:000232c0       _Cmd_ResetSetup_f          200242c0 f   g_cmds.obj
 0001:00023350       _G_FollowSame              20024350 f   g_cmds.obj
 0001:000233d0       _G_ShortcutSanitize        200243d0 f   g_cmds.obj
 0001:000236d0       _G_Shortcuts               200246d0 f   g_cmds.obj
 0001:00024190       _G_SayTo                   20025190 f   g_cmds.obj
 0001:000244a0       _G_HQSay                   200254a0 f   g_cmds.obj
 0001:00024500       _G_Say                     20025500 f   g_cmds.obj
 0001:00024830       _G_VoiceTo                 20025830 f   g_cmds.obj
 0001:00024b90       _G_Voice                   20025b90 f   g_cmds.obj
 0001:00025080       _G_SendVoiceChat           20026080 f   g_cmds.obj
 0001:000250b0       _Cmd_Where_f               200260b0 f   g_cmds.obj
 0001:00025100       _Cmd_CallVote_f            20026100 f   g_cmds.obj
 0001:000257d0       _G_FindFreeComplainIP      200267d0 f   g_cmds.obj
 0001:00025850       _Cmd_Vote_f                20026850 f   g_cmds.obj
 0001:000262e0       _Cmd_SetViewpos_f          200272e0 f   g_cmds.obj
 0001:000263e0       _G_TankIsOccupied          200273e0 f   g_cmds.obj
 0001:00026400       _G_TankIsMountable         20027400 f   g_cmds.obj
 0001:00026460       _G_UniformSteal            20027460 f   g_cmds.obj
 0001:00026650       _G_ClassSteal_RemoveTools  20027650 f   g_cmds.obj
 0001:00026790       _G_ClassSteal              20027790 f   g_cmds.obj
 0001:00026900       _G_PushPlayer              20027900 f   g_cmds.obj
 0001:00026ad0       _G_DragCorpse              20027ad0 f   g_cmds.obj
 0001:00026d40       _Do_Activate_f             20027d40 f   g_cmds.obj
 0001:00027210       _G_LeaveTank               20028210 f   g_cmds.obj
 0001:00027490       _Cmd_Activate_f            20028490 f   g_cmds.obj
 0001:00027770       _Cmd_Activate2_f           20028770 f   g_cmds.obj
 0001:00027ad0       _G_UpdateSpawnCounts       20028ad0 f   g_cmds.obj
 0001:00027c00       _SetPlayerSpawn            20028c00 f   g_cmds.obj
 0001:00027c80       _Cmd_SetSpawnPoint_f       20028c80 f   g_cmds.obj
 0001:00027e00       _Cmd_WeaponStat_f          20028e00 f   g_cmds.obj
 0001:00027e90       _Cmd_IntermissionWeaponStats_f 20028e90 f   g_cmds.obj
 0001:00027fd0       _G_MakeReady               20028fd0 f   g_cmds.obj
 0001:00028000       _G_MakeUnready             20029000 f   g_cmds.obj
 0001:00028030       _Cmd_IntermissionReady_f   20029030 f   g_cmds.obj
 0001:00028050       _Cmd_IntermissionPlayerKillsDeaths_f 20029050 f   g_cmds.obj
 0001:00028150       _G_CalcClientAccuracies    20029150 f   g_cmds.obj
 0001:00028270       _Cmd_IntermissionWeaponAccuracies_f 20029270 f   g_cmds.obj
 0001:00028340       _Cmd_SelectedObjective_f   20029340 f   g_cmds.obj
 0001:000285c0       _Cmd_Ignore_f              200295c0 f   g_cmds.obj
 0001:00028860       _Cmd_UnIgnore_f            20029860 f   g_cmds.obj
 0001:00028b60       _Cmd_MyCredits_f           20029b60 f   g_cmds.obj
 0001:00028bb0       _Cmd_Bet_f                 20029bb0 f   g_cmds.obj
 0001:000290a0       _Cmd_Accept_f              2002a0a0 f   g_cmds.obj
 0001:00029240       _Cmd_Buy_f                 2002a240 f   g_cmds.obj
 0001:00029a60       _ConcatArgs                2002aa60 f   g_cmds.obj
 0001:00029b10       _Q_SayConcatArgs           2002ab10 f   g_cmds.obj
 0001:00029b60       _Q_AddCR                   2002ab60 f   g_cmds.obj
 0001:00029bb0       _Q_SayArgc                 2002abb0 f   g_cmds.obj
 0001:00029c00       _Q_SayArgv                 2002ac00 f   g_cmds.obj
 0001:00029cb0       _C_SendNewConfigString     2002acb0 f   g_cmds.obj
 0001:00029d60       _C_SendNewConfigStrings    2002ad60 f   g_cmds.obj
 0001:00029e10       _C_csmBufferInit           2002ae10 f   g_cmds.obj
 0001:00029e30       _C_csmBufferPush           2002ae30 f   g_cmds.obj
 0001:00029e90       _C_csmBuffersCheck         2002ae90 f   g_cmds.obj
 0001:0002a1d0       _C_CSMETHODINFO            2002b1d0 f   g_cmds.obj
 0001:0002a410       _G_PrivateMessage          2002b410 f   g_cmds.obj
 0001:0002a780       _G_PlaySound_Cmd           2002b780 f   g_cmds.obj
 0001:0002a890       _Cmd_GiveDisguise_f        2002b890 f   g_cmds.obj
 0001:0002aae0       _ExecGive                  2002bae0 f   g_cmds.obj
 0001:0002b050       _Cmd_Give_f                2002c050 f   g_cmds.obj
 0001:0002b0a0       _Cmd_God_f                 2002c0a0 f   g_cmds.obj
 0001:0002b170       _Cmd_Nofatigue_f           2002c170 f   g_cmds.obj
 0001:0002b240       _Cmd_Noclip_f              2002c240 f   g_cmds.obj
 0001:0002b330       _SetTeam                   2002c330 f   g_cmds.obj
 0001:0002b900       _StopFollowing             2002c900 f   g_cmds.obj
 0001:0002b9f0       _Cmd_Team_f                2002c9f0 f   g_cmds.obj
 0001:0002bbc0       _Cmd_FollowCycle_f         2002cbc0 f   g_cmds.obj
 0001:0002bce0       _Cmd_Say_f                 2002cce0 f   g_cmds.obj
 0001:0002beb0       _C_SendAllNewConfigStrings 2002ceb0 f   g_cmds.obj
 0001:0002c0c0       _Cmd_Follow_f              2002d0c0 f   g_cmds.obj
 0001:0002c560       _ClientCommand             2002d560 f   g_cmds.obj
 0001:0002cf90       _G_commandHelp             2002df90 f   g_cmds_ext.obj
 0001:0002d040       _G_cmdDebounce             2002e040 f   g_cmds_ext.obj
 0001:0002d0e0       _G_noTeamControls          2002e0e0 f   g_cmds_ext.obj
 0001:0002d130       _G_commands_cmd            2002e130 f   g_cmds_ext.obj
 0001:0002d3b0       _G_lock_cmd                2002e3b0 f   g_cmds_ext.obj
 0001:0002d530       _G_pause_cmd               2002e530 f   g_cmds_ext.obj
 0001:0002d7f0       _G_players_cmd             2002e7f0 f   g_cmds_ext.obj
 0001:0002ddb0       _G_ready_cmd               2002edb0 f   g_cmds_ext.obj
 0001:0002e040       _G_say_teamnl_cmd          2002f040 f   g_cmds_ext.obj
 0001:0002e060       _G_scores_cmd              2002f060 f   g_cmds_ext.obj
 0001:0002e080       _G_specinvite_cmd          2002f080 f   g_cmds_ext.obj
 0001:0002e300       _G_speclock_cmd            2002f300 f   g_cmds_ext.obj
 0001:0002e4b0       _G_weaponStats_cmd         2002f4b0 f   g_cmds_ext.obj
 0001:0002e4d0       _G_statsall_cmd            2002f4d0 f   g_cmds_ext.obj
 0001:0002e580       _G_teamready_cmd           2002f580 f   g_cmds_ext.obj
 0001:0002e750       _SortStats                 2002f750 f   g_cmds_ext.obj
 0001:0002e880       _G_weaponStatsLeaders_cmd  2002f880 f   g_cmds_ext.obj
 0001:0002eb10       _G_weaponRankings_cmd      2002fb10 f   g_cmds_ext.obj
 0001:0002ee80       _G_commandCheck            2002fe80 f   g_cmds_ext.obj
 0001:0002ef00       _C_TextVoiceAnnounce       2002ff00 f   g_combat.obj
 0001:0002f280       _G_UpdateKillingSpreeForMapEnd 20030280 f   g_combat.obj
 0001:0002f2d0       _AddScore                  200302d0 f   g_combat.obj
 0001:0002f320       _AddScoreOnDeath           20030320 f   g_combat.obj
 0001:0002f370       _AddKillScore              20030370 f   g_combat.obj
 0001:0002f3e0       _TossClientItems           200303e0 f   g_combat.obj
 0001:0002f570       _LookAtKiller              20030570 f   g_combat.obj
 0001:0002f5f0       _GibEntity                 200305f0 f   g_combat.obj
 0001:0002f6c0       _body_die                  200306c0 f   g_combat.obj
 0001:0002f6e0       _IsHeadShotWeapon          200306e0 f   g_combat.obj
 0001:0002f710       _player_die                20030710 f   g_combat.obj
 0001:00030560       _G_BuildHead               20031560 f   g_combat.obj
 0001:000308b0       _G_BuildLeg                200318b0 f   g_combat.obj
 0001:00030a70       _IsArmShot                 20031a70 f   g_combat.obj
 0001:00030b40       _G_WeaponCanGib            20031b40 f   g_combat.obj
 0001:00030b70       _G_RailTrail               20031b70 f   g_combat.obj
 0001:00030c00       _G_RailBox                 20031c00 f   g_combat.obj
 0001:00030d00       _CanDamage                 20031d00 f   g_combat.obj
 0001:00031220       _G_AdjustedDamageVec       20032220 f   g_combat.obj
 0001:00031330       _IsHeadShot                20032330 f   g_combat.obj
 0001:000314d0       _IsLegShot                 200324d0 f   g_combat.obj
 0001:000316c0       _G_Damage                  200326c0 f   g_combat.obj
 0001:00032910       _G_RadiusDamage            20033910 f   g_combat.obj
 0001:00032c40       _etpro_RadiusDamage        20033c40 f   g_combat.obj
 0001:00032f90       _G_configSet               20033f90 f   g_config.obj
 0001:00033050       _EnumModules@12            20034050 f   g_crash.obj
 0001:00033080       _ExceptionName             20034080 f   g_crash.obj
 0001:000332c0       _win32_exceptioninfo       200342c0 f   g_crash.obj
 0001:00033300       _win32_dllinfo             20034300 f   g_crash.obj
 0001:00033330       _win32_backtrace           20034330 f   g_crash.obj
 0001:00033510       _win32_exception_handler@4 20034510 f   g_crash.obj
 0001:00033630       _win32_initialize_handler  20034630 f   g_crash.obj
 0001:00033740       _win32_deinitialize_handler 20034740 f   g_crash.obj
 0001:00033790       _EnableStackTrace          20034790 f   g_crash.obj
 0001:000337a0       _DisableStackTrace         200347a0 f   g_crash.obj
 0001:000337b0       ?DebugBox@IEngineInterface@@UAE_NQBM0ABVobColor@@M@Z 200347b0 f i g_etbot_interface.obj
 0001:000337b0       ?PrintScreenText@IEngineInterface@@UAE_NQBMMABVobColor@@PBD@Z 200347b0 f i g_etbot_interface.obj
 0001:000337b0       ?DebugRadius@IEngineInterface@@UAE_NQBMMABVobColor@@M@Z 200347b0 f i g_etbot_interface.obj
 0001:000337b0       ?DebugLine@IEngineInterface@@UAE_NQBM0ABVobColor@@M@Z 200347b0 f i g_etbot_interface.obj
 0001:000337c0       ?DebugArrow@IEngineInterface@@UAE_NQBM0ABVobColor@@M@Z 200347c0 f i g_etbot_interface.obj
 0001:000337f0       ?DebugPolygon@IEngineInterface@@UAE_NPBUobVec3@@HABVobColor@@MH@Z 200347f0 f i g_etbot_interface.obj
 0001:00033800       ??_EETInterface@@UAEPAXI@Z 20034800 f i g_etbot_interface.obj
 0001:00033800       ??_GETInterface@@UAEPAXI@Z 20034800 f i g_etbot_interface.obj
 0001:00033800       ??_GIEngineInterface@@UAEPAXI@Z 20034800 f i g_etbot_interface.obj
 0001:00033800       ??_EIEngineInterface@@UAEPAXI@Z 20034800 f i g_etbot_interface.obj
 0001:00033830       ?IsBot@@YA_NPAUgentity_s@@@Z 20034830 f   g_etbot_interface.obj
 0001:00033850       ?INDEXENT@@YAPAUgentity_s@@H@Z 20034850 f   g_etbot_interface.obj
 0001:00033890       ?ENTINDEX@@YAHPAUgentity_s@@@Z 20034890 f   g_etbot_interface.obj
 0001:000338c0       ?EntityFromHandle@@YAPAUgentity_s@@VGameEntity@@@Z 200348c0 f   g_etbot_interface.obj
 0001:00033910       ?HandleFromEntity@@YA?AVGameEntity@@PAUgentity_s@@@Z 20034910 f   g_etbot_interface.obj
 0001:00033960       ?SendDeferredGoals@@YAXXZ  20034960 f   g_etbot_interface.obj
 0001:000339b0       _UpdateGoalEntity          200349b0 f   g_etbot_interface.obj
 0001:000339f0       _GetEntityCenter           200349f0 f   g_etbot_interface.obj
 0001:00033a50       _Bot_TeamGameToBot         20034a50 f   g_etbot_interface.obj
 0001:00033a80       _Bot_PlayerClassGameToBot  20034a80 f   g_etbot_interface.obj
 0001:00033ad0       _Bot_WeaponGameToBot       20034ad0 f   g_etbot_interface.obj
 0001:00033d60       ?Simple_EmplacedGunIsRepairable@@YA?AW4qboolean@@PAUgentity_s@@@Z 20034d60 f   g_etbot_interface.obj
 0001:00033da0       ?Bot_EntInvisibleBySmokeBomb@@YAPAUgentity_s@@QAM0@Z 20034da0 f   g_etbot_interface.obj
 0001:00033e80       ?Bot_Util_AddGoal@@YAXPBDPAUgentity_s@@H00PAUobUserData_t@@@Z 20034e80 f   g_etbot_interface.obj
 0001:00033f50       ?_TankIsMountable@@YA?AW4qboolean@@PAUgentity_s@@@Z 20034f50 f   g_etbot_interface.obj
 0001:00033f90       ?_EmplacedGunIsMountable@@YA?AW4qboolean@@PAUgentity_s@@@Z 20034f90 f   g_etbot_interface.obj
 0001:00033fb0       ?Omnibot_Load_PrintMsg@@YAXPBD@Z 20034fb0 f   g_etbot_interface.obj
 0001:00033fd0       ?Omnibot_Load_PrintErr@@YAXPBD@Z 20034fd0 f   g_etbot_interface.obj
 0001:00033ff0       ?obUtilBotContentsFromGameContents@@YAHH@Z 20034ff0 f   g_etbot_interface.obj
 0001:00034060       ?obUtilBotSurfaceFromGameSurface@@YAHH@Z 20035060 f   g_etbot_interface.obj
 0001:00034080       _Bot_Interface_InitHandles 20035080 f   g_etbot_interface.obj
 0001:000340c0       ?_Incref@facet@locale@std@@QAEXXZ 200350c0 f i g_etbot_interface.obj
 0001:000340f0       ?_Decref@facet@locale@std@@QAEPAV123@XZ 200350f0 f i g_etbot_interface.obj
 0001:00034130       ??1facet@locale@std@@UAE@XZ 20035130 f i g_etbot_interface.obj
 0001:00034140       ??1locale@std@@QAE@XZ      20035140 f i g_etbot_interface.obj
 0001:00034190       ?getloc@ios_base@std@@QBE?AVlocale@2@XZ 20035190 f i g_etbot_interface.obj
 0001:000341d0       ??_Gios_base@std@@UAEPAXI@Z 200351d0 f i g_etbot_interface.obj
 0001:000341d0       ??_Eios_base@std@@UAEPAXI@Z 200351d0 f i g_etbot_interface.obj
 0001:00034200       ?IsZero@AABB_t@@QBE_NXZ    20035200 f i g_etbot_interface.obj
 0001:00034240       ?Set@AABB_t@@QAEXQBM0@Z    20035240 f i g_etbot_interface.obj
 0001:00034320       ?SetCenter@AABB_t@@QAEXQBM@Z 20035320 f i g_etbot_interface.obj
 0001:00034360       ?Contains@AABB_t@@QBE_NQBM@Z 20035360 f i g_etbot_interface.obj
 0001:00035480       ?DebugLine@ETInterface@@UAE_NQBM0ABVobColor@@M@Z 20036480 f i g_etbot_interface.obj
 0001:00035480       ?DebugRadius@ETInterface@@UAE_NQBMMABVobColor@@M@Z 20036480 f i g_etbot_interface.obj
 0001:00035490       ?UpdateBotInput@ETInterface@@UAEXHABUClientInput@@@Z 20036490 f i g_etbot_interface.obj
 0001:000359a0       ?BotCommand@ETInterface@@UAEXHPBD@Z 200369a0 f i g_etbot_interface.obj
 0001:000359c0       ?IsInPVS@ETInterface@@UAE?AW4eobBool@@QBM0@Z 200369c0 f i g_etbot_interface.obj
 0001:000359e0       ?GetPointContents@ETInterface@@UAEHQBM@Z 200369e0 f i g_etbot_interface.obj
 0001:00035a20       ?GetLocalGameEntity@ETInterface@@UAE?AVGameEntity@@XZ 20036a20 f i g_etbot_interface.obj
 0001:00035a40       ?FindEntityInSphere@ETInterface@@UAE?AVGameEntity@@QBMMV2@H@Z 20036a40 f i g_etbot_interface.obj
 0001:00035ce0       ?GetEntityClass@ETInterface@@UAEHVGameEntity@@@Z 20036ce0 f i g_etbot_interface.obj
 0001:00035d10       ?GetEntityCategory@ETInterface@@UAE?AW4eobResult@@VGameEntity@@AAVBitFlag32@@@Z 20036d10 f i g_etbot_interface.obj
 0001:00036200       ?GetEntityPowerups@ETInterface@@UAE?AW4eobResult@@VGameEntity@@AAVBitFlag64@@@Z 20037200 f i g_etbot_interface.obj
 0001:00036210       ?GetEntityEyePosition@ETInterface@@UAE?AW4eobResult@@VGameEntity@@QAM@Z 20037210 f i g_etbot_interface.obj
 0001:00036260       ?GetEntityBonePosition@ETInterface@@UAE?AW4eobResult@@VGameEntity@@HQAM@Z 20037260 f i g_etbot_interface.obj
 0001:00036280       ?GetEntityOrientation@ETInterface@@UAE?AW4eobResult@@VGameEntity@@QAM11@Z 20037280 f i g_etbot_interface.obj
 0001:000362f0       ?GetEntityVelocity@ETInterface@@UAE?AW4eobResult@@VGameEntity@@QAM@Z 200372f0 f i g_etbot_interface.obj
 0001:000363c0       ?GetEntityPosition@ETInterface@@UAE?AW4eobResult@@VGameEntity@@QAM@Z 200373c0 f i g_etbot_interface.obj
 0001:00036560       ?GetEntityLocalAABB@ETInterface@@UAE?AW4eobResult@@VGameEntity@@AAUAABB_t@@@Z 20037560 f i g_etbot_interface.obj
 0001:00036680       ?GetEntityWorldAABB@ETInterface@@UAE?AW4eobResult@@VGameEntity@@AAUAABB_t@@@Z 20037680 f i g_etbot_interface.obj
 0001:000367f0       ?GetEntityWorldOBB@ETInterface@@UAE?AW4eobResult@@VGameEntity@@PAM1111@Z 200377f0 f i g_etbot_interface.obj
 0001:000369d0       ?GetEntityGroundEntity@ETInterface@@UAE?AW4eobResult@@VGameEntity@@AAV3@@Z 200379d0 f i g_etbot_interface.obj
 0001:00036a30       ?GetEntityOwner@ETInterface@@UAE?AVGameEntity@@V2@@Z 20037a30 f i g_etbot_interface.obj
 0001:00036bf0       ?GetEntityTeam@ETInterface@@UAEHVGameEntity@@@Z 20037bf0 f i g_etbot_interface.obj
 0001:00036c20       ?GetCurrentWeaponClip@ETInterface@@UAE?AW4eobResult@@VGameEntity@@W4eFireMode@@AAH2@Z 20037c20 f i g_etbot_interface.obj
 0001:00036d00       ?GetCurrentAmmo@ETInterface@@UAE?AW4eobResult@@VGameEntity@@HW4eFireMode@@AAH2@Z 20037d00 f i g_etbot_interface.obj
 0001:00036e50       ?GetGameTime@ETInterface@@UAEHXZ 20037e50 f i g_etbot_interface.obj
 0001:00036e60       ?GetPlayerInfo@ETInterface@@UAEXAAVobPlayerInfo@@@Z 20037e60 f i g_etbot_interface.obj
 0001:00036f30       ?PrintError@ETInterface@@UAEXPBD@Z 20037f30 f i g_etbot_interface.obj
 0001:00036f60       ?PrintMessage@ETInterface@@UAEXPBD@Z 20037f60 f i g_etbot_interface.obj
 0001:00036fd0       ?GetMapName@ETInterface@@UAEPBDXZ 20037fd0 f i g_etbot_interface.obj
 0001:00036fe0       ?GetMapExtents@ETInterface@@UAEXAAUAABB_t@@@Z 20037fe0 f i g_etbot_interface.obj
 0001:000370b0       ?EntityByName@ETInterface@@UAE?AVGameEntity@@PBD@Z 200380b0 f i g_etbot_interface.obj
 0001:000370e0       ?EntityFromID@ETInterface@@UAE?AVGameEntity@@H@Z 200380e0 f i g_etbot_interface.obj
 0001:00037130       ?IDFromEntity@ETInterface@@UAEHVGameEntity@@@Z 20038130 f i g_etbot_interface.obj
 0001:00037170       ?DoesEntityStillExist@ETInterface@@UAE_NABVGameEntity@@@Z 20038170 f i g_etbot_interface.obj
 0001:000371a0       ?GetAutoNavFeatures@ETInterface@@UAEHPAUAutoNavFeature_t@@H@Z 200381a0 f i g_etbot_interface.obj
 0001:00037420       ?GetGameName@ETInterface@@UAEPBDXZ 20038420 f i g_etbot_interface.obj
 0001:00037430       ?GetModName@ETInterface@@UAEPBDXZ 20038430 f i g_etbot_interface.obj
 0001:00037440       ?GetModVers@ETInterface@@UAEPBDXZ 20038440 f i g_etbot_interface.obj
 0001:00037450       ?GetBotPath@ETInterface@@UAEPBDXZ 20038450 f i g_etbot_interface.obj
 0001:00037460       ?GetLogPath@ETInterface@@UAEPBDXZ 20038460 f i g_etbot_interface.obj
 0001:00037490       _Bot_Interface_Shutdown    20038490 f   g_etbot_interface.obj
 0001:000374b0       _Bot_Util_AllowPush        200384b0 f   g_etbot_interface.obj
 0001:00037500       __GetEntityName            20038500 f   g_etbot_interface.obj
 0001:000376c0       _Bot_Util_CheckForSuicide  200386c0 f   g_etbot_interface.obj
 0001:00037790       _Bot_Event_ClientConnected 20038790 f   g_etbot_interface.obj
 0001:000377f0       _Bot_Event_ClientDisConnected 200387f0 f   g_etbot_interface.obj
 0001:00037830       _Bot_Event_ResetWeapons    20038830 f   g_etbot_interface.obj
 0001:00037880       _Bot_Event_AddWeapon       20038880 f   g_etbot_interface.obj
 0001:00037b20       _Bot_Event_RemoveWeapon    20038b20 f   g_etbot_interface.obj
 0001:00037b90       _Bot_Event_TakeDamage      20038b90 f   g_etbot_interface.obj
 0001:00037c00       _Bot_Event_Healed          20038c00 f   g_etbot_interface.obj
 0001:00037c70       _Bot_Event_RecievedAmmo    20038c70 f   g_etbot_interface.obj
 0001:00037ce0       _Bot_Event_Revived         20038ce0 f   g_etbot_interface.obj
 0001:00037d50       _Bot_Event_FireWeapon      20038d50 f   g_etbot_interface.obj
 0001:00037dc0       _Bot_Event_PreTriggerMine  20038dc0 f   g_etbot_interface.obj
 0001:00037e30       _Bot_Event_PostTriggerMine 20038e30 f   g_etbot_interface.obj
 0001:00037ea0       _Bot_Event_Spectated       20038ea0 f   g_etbot_interface.obj
 0001:00037f00       _Bot_Event_FireTeamCreated 20038f00 f   g_etbot_interface.obj
 0001:00037f60       _Bot_Event_FireTeamDestroyed 20038f60 f   g_etbot_interface.obj
 0001:00037fc0       _Bot_Event_JoinedFireTeam  20038fc0 f   g_etbot_interface.obj
 0001:00038030       _Bot_Event_LeftFireTeam    20039030 f   g_etbot_interface.obj
 0001:00038090       _Bot_Event_InviteFireTeam  20039090 f   g_etbot_interface.obj
 0001:00038100       _Bot_Event_FireTeam_Proposal 20039100 f   g_etbot_interface.obj
 0001:00038170       _Bot_Event_FireTeam_Warn   20039170 f   g_etbot_interface.obj
 0001:000381d0       _Bot_Queue_EntityCreated   200391d0 f   g_etbot_interface.obj
 0001:00038210       _Bot_Event_EntityDeleted   20039210 f   g_etbot_interface.obj
 0001:000382c0       _Bot_Util_SendTrigger      200392c0 f   g_etbot_interface.obj
 0001:00038350       _Bot_AddDynamiteGoal       20039350 f   g_etbot_interface.obj
 0001:00038390       _Bot_AddFallenTeammateGoals 20039390 f   g_etbot_interface.obj
 0001:000383f0       ??1?$basic_ios@DU?$char_traits@D@std@@@std@@UAE@XZ 200393f0 f i g_etbot_interface.obj
 0001:00038400       ??1?$basic_istream@DU?$char_traits@D@std@@@std@@UAE@XZ 20039400 f i g_etbot_interface.obj
 0001:00038410       ??1?$basic_iostream@DU?$char_traits@D@std@@@std@@UAE@XZ 20039410 f i g_etbot_interface.obj
 0001:00038440       ?_Pnavail@?$basic_streambuf@DU?$char_traits@D@std@@@std@@IBE_JXZ 20039440 f i g_etbot_interface.obj
 0001:00038460       ?_Tidy@?$basic_stringbuf@DU?$char_traits@D@std@@V?$allocator@D@2@@std@@IAEXXZ 20039460 f i g_etbot_interface.obj
 0001:000384c0       ??1_Sentry_base@?$basic_ostream@DU?$char_traits@D@std@@@std@@QAE@XZ 200394c0 f i g_etbot_interface.obj
 0001:000384e0       ?do_tolower@?$ctype@D@std@@MBEDD@Z 200394e0 f i g_etbot_interface.obj
 0001:00038500       ?do_tolower@?$ctype@D@std@@MBEPBDPADPBD@Z 20039500 f i g_etbot_interface.obj
 0001:00038530       ?do_toupper@?$ctype@D@std@@MBEDD@Z 20039530 f i g_etbot_interface.obj
 0001:00038550       ?do_toupper@?$ctype@D@std@@MBEPBDPADPBD@Z 20039550 f i g_etbot_interface.obj
 0001:00038580       ?do_widen@?$ctype@D@std@@MBEDD@Z 20039580 f i g_etbot_interface.obj
 0001:00038590       ?do_widen@?$ctype@D@std@@MBEPBDPBD0PAD@Z 20039590 f i g_etbot_interface.obj
 0001:000385c0       ?do_narrow@?$ctype@D@std@@MBEDDD@Z 200395c0 f i g_etbot_interface.obj
 0001:000385d0       ?do_narrow@?$ctype@D@std@@MBEPBDPBD0DPAD@Z 200395d0 f i g_etbot_interface.obj
 0001:00038600       ??_E?$ctype@D@std@@MAEPAXI@Z 20039600 f i g_etbot_interface.obj
 0001:00038600       ??_G?$ctype@D@std@@MAEPAXI@Z 20039600 f i g_etbot_interface.obj
 0001:00038650       ??_Esystem_error@std@@UAEPAXI@Z 20039650 f i g_etbot_interface.obj
 0001:00038650       ??_Gsystem_error@std@@UAEPAXI@Z 20039650 f i g_etbot_interface.obj
 0001:00038650       ??_Gruntime_error@std@@UAEPAXI@Z 20039650 f i g_etbot_interface.obj
 0001:00038650       ??_Gfailure@ios_base@std@@UAEPAXI@Z 20039650 f i g_etbot_interface.obj
 0001:00038650       ??_Eruntime_error@std@@UAEPAXI@Z 20039650 f i g_etbot_interface.obj
 0001:00038650       ??_Efailure@ios_base@std@@UAEPAXI@Z 20039650 f i g_etbot_interface.obj
 0001:00038680       ??1runtime_error@std@@UAE@XZ 20039680 f i g_etbot_interface.obj
 0001:00038680       ??1failure@ios_base@std@@UAE@XZ 20039680 f i g_etbot_interface.obj
 0001:00038690       ?clear@ios_base@std@@QAEXH_N@Z 20039690 f i g_etbot_interface.obj
 0001:00038770       ??0runtime_error@std@@QAE@ABV01@@Z 20039770 f i g_etbot_interface.obj
 0001:00038790       ??0system_error@std@@QAE@ABV01@@Z 20039790 f i g_etbot_interface.obj
 0001:000387c0       ?_Init@ios_base@std@@IAEXXZ 200397c0 f i g_etbot_interface.obj
 0001:00038850       ??0failure@ios_base@std@@QAE@ABV012@@Z 20039850 f i g_etbot_interface.obj
 0001:00038880       ?GetMG42s@@YAXXZ           20039880 f   g_etbot_interface.obj
 0001:00038940       ?UpdateMG42@@YAXPAUgentity_s@@@Z 20039940 f   g_etbot_interface.obj
 0001:00038a70       ?CheckForMG42@@YAXPAUgentity_s@@PBD@Z 20039a70 f   g_etbot_interface.obj
 0001:00038bb0       ?Bot_Util_CheckForGoalEntity@@YAXVGameEntity@@@Z 20039bb0 f   g_etbot_interface.obj
 0001:00038d30       ?RemoveBot@ETInterface@@UAEXABVMessageHelper@@@Z 20039d30 f i g_etbot_interface.obj
 0001:00038e30       ?ChangeTeam@ETInterface@@UAE?AW4eobResult@@HHPBVMessageHelper@@@Z 20039e30 f i g_etbot_interface.obj
 0001:00039010       ?ChangeClass@ETInterface@@UAE?AW4eobResult@@HHPBVMessageHelper@@@Z 2003a010 f i g_etbot_interface.obj
 0001:00039300       ?TraceLine@ETInterface@@UAE?AW4eobResult@@AAVobTraceResult@@QBM1PBUAABB_t@@HHW4eobBool@@@Z 2003a300 f i g_etbot_interface.obj
 0001:00039500       ?GetEntityFlags@ETInterface@@UAE?AW4eobResult@@VGameEntity@@AAVBitFlag64@@@Z 2003a500 f i g_etbot_interface.obj
 0001:00039a10       ?GetEntityName@ETInterface@@UAEPBDVGameEntity@@@Z 2003aa10 f i g_etbot_interface.obj
 0001:00039a40       ?GetGoals@ETInterface@@UAEXXZ 2003aa40 f i g_etbot_interface.obj
 0001:0003a1e0       ?InterfaceSendMessage@ETInterface@@UAE?AW4eobResult@@ABVMessageHelper@@VGameEntity@@@Z 2003b1e0 f i g_etbot_interface.obj
 0001:0003bd00       _Bot_Interface_Init        2003cd00 f   g_etbot_interface.obj
 0001:0003bd70       _Bot_Interface_ConsoleCommand 2003cd70 f   g_etbot_interface.obj
 0001:0003bea0       _Bot_Event_Death           2003cea0 f   g_etbot_interface.obj
 0001:0003bf30       _Bot_Event_KilledSomeone   2003cf30 f   g_etbot_interface.obj
 0001:0003bfc0       _Bot_Event_ChatMessage     2003cfc0 f   g_etbot_interface.obj
 0001:0003c0a0       _Bot_Event_VoiceMacro      2003d0a0 f   g_etbot_interface.obj
 0001:0003c150       ?Bot_Event_EntityCreated@@YAXPAUgentity_s@@@Z 2003d150 f   g_etbot_interface.obj
 0001:0003c250       ??1?$_Yarn@D@std@@QAE@XZ   2003d250 f i g_etbot_interface.obj
 0001:0003c270       ??1?$basic_streambuf@DU?$char_traits@D@std@@@std@@UAE@XZ 2003d270 f i g_etbot_interface.obj
 0001:0003c2f0       ?_Lock@?$basic_streambuf@DU?$char_traits@D@std@@@std@@UAEXXZ 2003d2f0 f i g_etbot_interface.obj
 0001:0003c300       ?_Unlock@?$basic_streambuf@DU?$char_traits@D@std@@@std@@UAEXXZ 2003d300 f i g_etbot_interface.obj
 0001:0003c310       ?pbackfail@?$basic_streambuf@DU?$char_traits@D@std@@@std@@MAEHH@Z 2003d310 f i g_etbot_interface.obj
 0001:0003c310       ?overflow@?$basic_streambuf@DU?$char_traits@D@std@@@std@@MAEHH@Z 2003d310 f i g_etbot_interface.obj
 0001:0003c320       ?showmanyc@?$basic_streambuf@DU?$char_traits@D@std@@@std@@MAE_JXZ 2003d320 f i g_etbot_interface.obj
 0001:0003c330       ?underflow@?$basic_streambuf@DU?$char_traits@D@std@@@std@@MAEHXZ 2003d330 f i g_etbot_interface.obj
 0001:0003c340       ?setbuf@?$basic_streambuf@DU?$char_traits@D@std@@@std@@MAEPAV12@PAD_J@Z 2003d340 f i g_etbot_interface.obj
 0001:0003c350       ?sync@?$basic_streambuf@DU?$char_traits@D@std@@@std@@MAEHXZ 2003d350 f i g_etbot_interface.obj
 0001:0003c360       ?imbue@?$basic_streambuf@DU?$char_traits@D@std@@@std@@MAEXABVlocale@2@@Z 2003d360 f i g_etbot_interface.obj
 0001:0003c370       ?_Gnavail@?$basic_streambuf@DU?$char_traits@D@std@@@std@@IBE_JXZ 2003d370 f i g_etbot_interface.obj
 0001:0003c390       ?uflow@?$basic_streambuf@DU?$char_traits@D@std@@@std@@MAEHXZ 2003d390 f i g_etbot_interface.obj
 0001:0003c3c0       ?xsgetn@?$basic_streambuf@DU?$char_traits@D@std@@@std@@MAE_JPAD_J@Z 2003d3c0 f i g_etbot_interface.obj
 0001:0003c490       ?xsputn@?$basic_streambuf@DU?$char_traits@D@std@@@std@@MAE_JPBD_J@Z 2003d490 f i g_etbot_interface.obj
 0001:0003c560       ?seekoff@?$basic_streambuf@DU?$char_traits@D@std@@@std@@MAE?AV?$fpos@H@2@_JHH@Z 2003d560 f i g_etbot_interface.obj
 0001:0003c590       ?seekpos@?$basic_streambuf@DU?$char_traits@D@std@@@std@@MAE?AV?$fpos@H@2@V32@H@Z 2003d590 f i g_etbot_interface.obj
 0001:0003c5c0       ?pbackfail@?$basic_stringbuf@DU?$char_traits@D@std@@V?$allocator@D@2@@std@@MAEHH@Z 2003d5c0 f i g_etbot_interface.obj
 0001:0003c610       ?underflow@?$basic_stringbuf@DU?$char_traits@D@std@@V?$allocator@D@2@@std@@MAEHXZ 2003d610 f i g_etbot_interface.obj
 0001:0003c680       ?seekoff@?$basic_stringbuf@DU?$char_traits@D@std@@V?$allocator@D@2@@std@@MAE?AV?$fpos@H@2@_JHH@Z 2003d680 f i g_etbot_interface.obj
 0001:0003c840       ?seekpos@?$basic_stringbuf@DU?$char_traits@D@std@@V?$allocator@D@2@@std@@MAE?AV?$fpos@H@2@V32@H@Z 2003d840 f i g_etbot_interface.obj
 0001:0003c960       ??_G?$basic_ostream@DU?$char_traits@D@std@@@std@@UAEPAXI@Z 2003d960 f i g_etbot_interface.obj
 0001:0003c960       ??_E?$basic_ostream@DU?$char_traits@D@std@@@std@@UAEPAXI@Z 2003d960 f i g_etbot_interface.obj
 0001:0003c9a0       ??_E?$basic_istream@DU?$char_traits@D@std@@@std@@UAEPAXI@Z 2003d9a0 f i g_etbot_interface.obj
 0001:0003c9a0       ??_G?$basic_istream@DU?$char_traits@D@std@@@std@@UAEPAXI@Z 2003d9a0 f i g_etbot_interface.obj
 0001:0003c9e0       ??_E?$basic_streambuf@DU?$char_traits@D@std@@@std@@UAEPAXI@Z 2003d9e0 f i g_etbot_interface.obj
 0001:0003c9e0       ??_G?$basic_streambuf@DU?$char_traits@D@std@@@std@@UAEPAXI@Z 2003d9e0 f i g_etbot_interface.obj
 0001:0003ca10       ??_E?$basic_iostream@DU?$char_traits@D@std@@@std@@UAEPAXI@Z 2003da10 f i g_etbot_interface.obj
 0001:0003ca10       ??_G?$basic_iostream@DU?$char_traits@D@std@@@std@@UAEPAXI@Z 2003da10 f i g_etbot_interface.obj
 0001:0003ca70       ??_E?$basic_stringbuf@DU?$char_traits@D@std@@V?$allocator@D@2@@std@@UAEPAXI@Z 2003da70 f i g_etbot_interface.obj
 0001:0003ca70       ??_G?$basic_stringbuf@DU?$char_traits@D@std@@V?$allocator@D@2@@std@@UAEPAXI@Z 2003da70 f i g_etbot_interface.obj
 0001:0003caa0       ??0?$basic_streambuf@DU?$char_traits@D@std@@@std@@IAE@XZ 2003daa0 f i g_etbot_interface.obj
 0001:0003cb90       ??_E?$num_put@DV?$ostreambuf_iterator@DU?$char_traits@D@std@@@std@@@std@@MAEPAXI@Z 2003db90 f i g_etbot_interface.obj
 0001:0003cb90       ??_Efacet@locale@std@@UAEPAXI@Z 2003db90 f i g_etbot_interface.obj
 0001:0003cb90       ??_Gfacet@locale@std@@UAEPAXI@Z 2003db90 f i g_etbot_interface.obj
 0001:0003cb90       ??_G?$num_put@DV?$ostreambuf_iterator@DU?$char_traits@D@std@@@std@@@std@@MAEPAXI@Z 2003db90 f i g_etbot_interface.obj
 0001:0003cbc0       ?_Ifmt@?$num_put@DV?$ostreambuf_iterator@DU?$char_traits@D@std@@@std@@@std@@ABAPADPADPBDH@Z 2003dbc0 f i g_etbot_interface.obj
 0001:0003cc50       ?_Chassign@?$basic_string@DU?$char_traits@D@std@@V?$allocator@D@2@@std@@QAEXIID@Z 2003dc50 f i g_etbot_interface.obj
 0001:0003cc90       ?_Tidy@?$numpunct@D@std@@AAEXXZ 2003dc90 f i g_etbot_interface.obj
 0001:0003ccc0       ?_Init@?$numpunct@D@std@@IAEXABV_Locinfo@2@_N@Z 2003dcc0 f i g_etbot_interface.obj
 0001:0003ce00       ??0_Locinfo@std@@QAE@PBD@Z 2003de00 f i g_etbot_interface.obj
 0001:0003cea0       ??1_Locinfo@std@@QAE@XZ    2003dea0 f i g_etbot_interface.obj
 0001:0003cf40       ?_Getcat@?$ctype@D@std@@SAIPAPBVfacet@locale@2@PBV42@@Z 2003df40 f i g_etbot_interface.obj
 0001:0003d010       _Bot_Interface_Update      2003e010 f   g_etbot_interface.obj
 0001:0003d2e0       ?overflow@?$basic_stringbuf@DU?$char_traits@D@std@@V?$allocator@D@2@@std@@MAEHH@Z 2003e2e0 f i g_etbot_interface.obj
 0001:0003d490       ?_Rep@?$num_put@DV?$ostreambuf_iterator@DU?$char_traits@D@std@@@std@@@std@@ABA?AV?$ostreambuf_iterator@DU?$char_traits@D@std@@@2@V32@DI@Z 2003e490 f i g_etbot_interface.obj
 0001:0003d500       ?_Putc@?$num_put@DV?$ostreambuf_iterator@DU?$char_traits@D@std@@@std@@@std@@ABA?AV?$ostreambuf_iterator@DU?$char_traits@D@std@@@2@V32@PBDI@Z 2003e500 f i g_etbot_interface.obj
 0001:0003d500       ?_Put@?$num_put@DV?$ostreambuf_iterator@DU?$char_traits@D@std@@@std@@@std@@ABA?AV?$ostreambuf_iterator@DU?$char_traits@D@std@@@2@V32@PBDI@Z 2003e500 f i g_etbot_interface.obj
 0001:0003d570       ?_Putgrouped@?$num_put@DV?$ostreambuf_iterator@DU?$char_traits@D@std@@@std@@@std@@ABA?AV?$ostreambuf_iterator@DU?$char_traits@D@std@@@2@V32@PBDID@Z 2003e570 f i g_etbot_interface.obj
 0001:0003d610       ??$use_facet@V?$ctype@D@std@@@std@@YAABV?$ctype@D@0@ABVlocale@0@@Z 2003e610 f i g_etbot_interface.obj
 0001:0003d740       ?_Getcat@?$num_put@DV?$ostreambuf_iterator@DU?$char_traits@D@std@@@std@@@std@@SAIPAPBVfacet@locale@2@PBV42@@Z 2003e740 f i g_etbot_interface.obj
 0001:0003d7f0       ?do_decimal_point@?$numpunct@D@std@@MBEDXZ 2003e7f0 f i g_etbot_interface.obj
 0001:0003d800       ?do_thousands_sep@?$numpunct@D@std@@MBEDXZ 2003e800 f i g_etbot_interface.obj
 0001:0003d810       ??_E?$numpunct@D@std@@MAEPAXI@Z 2003e810 f i g_etbot_interface.obj
 0001:0003d810       ??_G?$numpunct@D@std@@MAEPAXI@Z 2003e810 f i g_etbot_interface.obj
 0001:0003d860       ??_D?$basic_stringstream@DU?$char_traits@D@std@@V?$allocator@D@2@@std@@QAEXXZ 2003e860 f i g_etbot_interface.obj
 0001:0003d900       ?flush@?$basic_ostream@DU?$char_traits@D@std@@@std@@QAEAAV12@XZ 2003e900 f i g_etbot_interface.obj
 0001:0003d950       ??_G?$basic_stringstream@DU?$char_traits@D@std@@V?$allocator@D@2@@std@@UAEPAXI@Z 2003e950 f i g_etbot_interface.obj
 0001:0003d950       ??_E?$basic_stringstream@DU?$char_traits@D@std@@V?$allocator@D@2@@std@@UAEPAXI@Z 2003e950 f i g_etbot_interface.obj
 0001:0003d980       ?_Osfx@?$basic_ostream@DU?$char_traits@D@std@@@std@@QAEXXZ 2003e980 f i g_etbot_interface.obj
 0001:0003d9d0       ?falsename@?$numpunct@D@std@@QBE?AV?$basic_string@DU?$char_traits@D@std@@V?$allocator@D@2@@2@XZ 2003e9d0 f i g_etbot_interface.obj
 0001:0003d9f0       ?truename@?$numpunct@D@std@@QBE?AV?$basic_string@DU?$char_traits@D@std@@V?$allocator@D@2@@2@XZ 2003e9f0 f i g_etbot_interface.obj
 0001:0003da10       ?grouping@?$numpunct@D@std@@QBE?AV?$basic_string@DU?$char_traits@D@std@@V?$allocator@D@2@@2@XZ 2003ea10 f i g_etbot_interface.obj
 0001:0003da30       ?append@?$basic_string@DU?$char_traits@D@std@@V?$allocator@D@2@@std@@QAEAAV12@ABV12@II@Z 2003ea30 f i g_etbot_interface.obj
 0001:0003db20       ?widen@?$basic_ios@DU?$char_traits@D@std@@@std@@QBEDD@Z 2003eb20 f i g_etbot_interface.obj
 0001:0003dbc0       ??$use_facet@V?$num_put@DV?$ostreambuf_iterator@DU?$char_traits@D@std@@@std@@@std@@@std@@YAABV?$num_put@DV?$ostreambuf_iterator@DU?$char_traits@D@std@@@std@@@0@ABVlocale@0@@Z 2003ebc0 f i g_etbot_interface.obj
 0001:0003dcf0       ?_Getcat@?$numpunct@D@std@@SAIPAPBVfacet@locale@2@PBV42@@Z 2003ecf0 f i g_etbot_interface.obj
 0001:0003ddb0       ??1sentry@?$basic_ostream@DU?$char_traits@D@std@@@std@@QAE@XZ 2003edb0 f i g_etbot_interface.obj
 0001:0003de20       ?insert@?$basic_string@DU?$char_traits@D@std@@V?$allocator@D@2@@std@@QAEAAV12@IID@Z 2003ee20 f i g_etbot_interface.obj
 0001:0003df20       ?append@?$basic_string@DU?$char_traits@D@std@@V?$allocator@D@2@@std@@QAEAAV12@PBDI@Z 2003ef20 f i g_etbot_interface.obj
 0001:0003e040       ?append@?$basic_string@DU?$char_traits@D@std@@V?$allocator@D@2@@std@@QAEAAV12@ID@Z 2003f040 f i g_etbot_interface.obj
 0001:0003e0f0       ??$?6U?$char_traits@D@std@@@std@@YAAAV?$basic_ostream@DU?$char_traits@D@std@@@0@AAV10@PBD@Z 2003f0f0 f i g_etbot_interface.obj
 0001:0003e3a0       ??$use_facet@V?$numpunct@D@std@@@std@@YAABV?$numpunct@D@0@ABVlocale@0@@Z 2003f3a0 f i g_etbot_interface.obj
 0001:0003e4d0       ??6?$basic_ostream@DU?$char_traits@D@std@@@std@@QAEAAV01@H@Z 2003f4d0 f i g_etbot_interface.obj
 0001:0003e6b0       ?_Fput@?$num_put@DV?$ostreambuf_iterator@DU?$char_traits@D@std@@@std@@@std@@ABA?AV?$ostreambuf_iterator@DU?$char_traits@D@std@@@2@V32@AAVios_base@2@DPBDIIII@Z 2003f6b0 f i g_etbot_interface.obj
 0001:0003ebe0       ?_Iput@?$num_put@DV?$ostreambuf_iterator@DU?$char_traits@D@std@@@std@@@std@@ABA?AV?$ostreambuf_iterator@DU?$char_traits@D@std@@@2@V32@AAVios_base@2@DPADI@Z 2003fbe0 f i g_etbot_interface.obj
 0001:0003ee60       ?do_put@?$num_put@DV?$ostreambuf_iterator@DU?$char_traits@D@std@@@std@@@std@@MBE?AV?$ostreambuf_iterator@DU?$char_traits@D@std@@@2@V32@AAVios_base@2@DJ@Z 2003fe60 f i g_etbot_interface.obj
 0001:0003eec0       ?do_put@?$num_put@DV?$ostreambuf_iterator@DU?$char_traits@D@std@@@std@@@std@@MBE?AV?$ostreambuf_iterator@DU?$char_traits@D@std@@@2@V32@AAVios_base@2@DK@Z 2003fec0 f i g_etbot_interface.obj
 0001:0003ef20       ?do_put@?$num_put@DV?$ostreambuf_iterator@DU?$char_traits@D@std@@@std@@@std@@MBE?AV?$ostreambuf_iterator@DU?$char_traits@D@std@@@2@V32@AAVios_base@2@D_J@Z 2003ff20 f i g_etbot_interface.obj
 0001:0003ef80       ?do_put@?$num_put@DV?$ostreambuf_iterator@DU?$char_traits@D@std@@@std@@@std@@MBE?AV?$ostreambuf_iterator@DU?$char_traits@D@std@@@2@V32@AAVios_base@2@D_K@Z 2003ff80 f i g_etbot_interface.obj
 0001:0003efe0       ?do_put@?$num_put@DV?$ostreambuf_iterator@DU?$char_traits@D@std@@@std@@@std@@MBE?AV?$ostreambuf_iterator@DU?$char_traits@D@std@@@2@V32@AAVios_base@2@DN@Z 2003ffe0 f i g_etbot_interface.obj
 0001:0003f1b0       ?do_put@?$num_put@DV?$ostreambuf_iterator@DU?$char_traits@D@std@@@std@@@std@@MBE?AV?$ostreambuf_iterator@DU?$char_traits@D@std@@@2@V32@AAVios_base@2@DO@Z 200401b0 f i g_etbot_interface.obj
 0001:0003f370       ?do_put@?$num_put@DV?$ostreambuf_iterator@DU?$char_traits@D@std@@@std@@@std@@MBE?AV?$ostreambuf_iterator@DU?$char_traits@D@std@@@2@V32@AAVios_base@2@DPBX@Z 20040370 f i g_etbot_interface.obj
 0001:0003f3c0       ??0?$basic_string@DU?$char_traits@D@std@@V?$allocator@D@2@@std@@QAE@PBD@Z 200403c0 f i g_etbot_interface.obj
 0001:0003f400       ?assign@?$basic_string@DU?$char_traits@D@std@@V?$allocator@D@2@@std@@QAEAAV12@$$QAV12@@Z 20040400 f i g_etbot_interface.obj
 0001:0003f480       ?do_put@?$num_put@DV?$ostreambuf_iterator@DU?$char_traits@D@std@@@std@@@std@@MBE?AV?$ostreambuf_iterator@DU?$char_traits@D@std@@@2@V32@AAVios_base@2@D_N@Z 20040480 f i g_etbot_interface.obj
 0001:0003f690       ?do_grouping@?$numpunct@D@std@@MBE?AV?$basic_string@DU?$char_traits@D@std@@V?$allocator@D@2@@2@XZ 20040690 f i g_etbot_interface.obj
 0001:0003f6e0       ?do_falsename@?$numpunct@D@std@@MBE?AV?$basic_string@DU?$char_traits@D@std@@V?$allocator@D@2@@2@XZ 200406e0 f i g_etbot_interface.obj
 0001:0003f730       ?do_truename@?$numpunct@D@std@@MBE?AV?$basic_string@DU?$char_traits@D@std@@V?$allocator@D@2@@2@XZ 20040730 f i g_etbot_interface.obj
 0001:0003f780       ?str@?$basic_stringbuf@DU?$char_traits@D@std@@V?$allocator@D@2@@std@@QBE?AV?$basic_string@DU?$char_traits@D@std@@V?$allocator@D@2@@2@XZ 20040780 f i g_etbot_interface.obj
 0001:0003f890       ?str@?$basic_stringstream@DU?$char_traits@D@std@@V?$allocator@D@2@@std@@QBE?AV?$basic_string@DU?$char_traits@D@std@@V?$allocator@D@2@@2@XZ 20040890 f i g_etbot_interface.obj
 0001:0003f8c0       ?AddBot@ETInterface@@UAEHABVMessageHelper@@@Z 200408c0 f i g_etbot_interface.obj
 0001:0003fca0       _G_FindFreeFireteam        20040ca0 f   g_fireteams.obj
 0001:0003fcd0       _G_GetFireteamTeam         20040cd0 f   g_fireteams.obj
 0001:0003fd30       _G_CountTeamFireteams      20040d30 f   g_fireteams.obj
 0001:0003fd60       _G_UpdateFireteamConfigString 20040d60 f   g_fireteams.obj
 0001:0003fe30       _G_IsOnFireteam            20040e30 f   g_fireteams.obj
 0001:0003fee0       _G_IsFireteamLeader        20040ee0 f   g_fireteams.obj
 0001:0003ff60       _G_FindFreeFireteamIdent   20040f60 f   g_fireteams.obj
 0001:000400c0       _G_RegisterFireteam        200410c0 f   g_fireteams.obj
 0001:00040260       _G_AddClientToFireteam     20041260 f   g_fireteams.obj
 0001:000403a0       _G_OnlyBotsInFireteam      200413a0 f   g_fireteams.obj
 0001:00040410       _G_RemoveClientFromFireteams 20041410 f   g_fireteams.obj
 0001:00040600       _G_InviteToFireTeam        20041600 f   g_fireteams.obj
 0001:00040730       _G_DestroyFireteam         20041730 f   g_fireteams.obj
 0001:000407e0       _G_WarnFireTeamPlayer      200417e0 f   g_fireteams.obj
 0001:000408b0       _G_KickFireTeamPlayer      200418b0 f   g_fireteams.obj
 0001:00040990       _G_ApplyToFireTeam         20041990 f   g_fireteams.obj
 0001:00040ac0       _G_ProposeFireTeamPlayer   20041ac0 f   g_fireteams.obj
 0001:00040c40       _G_FireteamNumberForString 20041c40 f   g_fireteams.obj
 0001:00040cc0       _G_FindFreePublicFireteam  20041cc0 f   g_fireteams.obj
 0001:00040d40       _Cmd_FireTeam_MP_f         20041d40 f   g_fireteams.obj
 0001:00041350       _AddToClip                 20042350 f   g_items.obj
 0001:000413f0       _Fill_Clip                 200423f0 f   g_items.obj
 0001:00041410       _Add_Ammo                  20042410 f   g_items.obj
 0001:000415c0       _AddMagicAmmo              200425c0 f   g_items.obj
 0001:000415f0       _G_GetPrimaryWeaponForClient 200425f0 f   g_items.obj
 0001:00041840       _G_GetSecondaryWeaponForClient 20042840 f   g_items.obj
 0001:000419a0       _G_CanPickupWeapon         200429a0 f   g_items.obj
 0001:00041c60       _Pickup_Ammo               20042c60 f   g_items.obj
 0001:00041d00       _Pickup_Powerup            20042d00 f   g_items.obj
 0001:00041e40       _Pickup_Health             20042e40 f   g_items.obj
 0001:00042140       _RespawnItem               20043140 f   g_items.obj
 0001:000421d0       _LaunchItem                200431d0 f   g_items.obj
 0001:000424d0       _Drop_Item                 200434d0 f   g_items.obj
 0001:00042590       _Use_Item                  20043590 f   g_items.obj
 0001:000425b0       _G_FlushItem               200435b0 f   g_items.obj
 0001:00042820       _G_ItemStick               20043820 f   g_items.obj
 0001:000428c0       _G_BounceItem              200438c0 f   g_items.obj
 0001:00042b20       _G_RunItemProp             20043b20 f   g_items.obj
 0001:00042c00       _G_TestWater               20043c00 f   g_items.obj
 0001:00042d00       _G_CheckForCabinetResupply 20043d00 f   g_items.obj
 0001:00042e10       _G_RunItem                 20043e10 f   g_items.obj
 0001:000431d0       _G_DropClip                200441d0 f   g_items.obj
 0001:00043440       _G_DropWeapon              20044440 f   g_items.obj
 0001:00043840       _Pickup_Weapon             20044840 f   g_items.obj
 0001:000443a0       _Touch_Item                200453a0 f   g_items.obj
 0001:00044650       _Touch_Item_Auto           20045650 f   g_items.obj
 0001:000446d0       _FinishSpawningItem        200456d0 f   g_items.obj
 0001:00044940       _G_SpawnItem               20045940 f   g_items.obj
 0001:00044a70       _LaunchDogTag              20045a70 f   g_items.obj
 0001:00044ce0       _G_DropDogTag              20045ce0 f   g_items.obj
 0001:00044e60       _LOG                       20045e60 f   g_lua.obj
 0001:00044f80       _C_gentity_ptr_to_entNum   20045f80 f   g_lua.obj
 0001:00045ca0       __et_gentity_getfield      20046ca0 f   g_lua.obj
 0001:00045d40       __et_gentity_getvec3       20046d40 f   g_lua.obj
 0001:00045db0       __et_gentity_setvec3       20046db0 f   g_lua.obj
 0001:00045e50       __et_gentity_gettrajectory 20046e50 f   g_lua.obj
 0001:00045f20       __et_gentity_settrajectory 20046f20 f   g_lua.obj
 0001:00046120       __et_G_GetSpawnVar         20047120 f   g_lua.obj
 0001:000464c0       __et_gentity_get           200474c0 f   g_lua.obj
 0001:00046b60       _G_LuaCall                 20047b60 f   g_lua.obj
 0001:00046c10       _G_LuaGetNamedFunction     20047c10 f   g_lua.obj
 0001:00046c70       _G_LuaStartVM              20047c70 f   g_lua.obj
 0001:000471f0       _G_LuaStopVM               200481f0 f   g_lua.obj
 0001:000472b0       _G_LuaShutdown             200482b0 f   g_lua.obj
 0001:000472e0       _G_LuaStatus               200482e0 f   g_lua.obj
 0001:000473d0       _G_LuaGetVM                200483d0 f   g_lua.obj
 0001:00047410       _G_LuaHook_InitGame        20048410 f   g_lua.obj
 0001:00047490       _G_LuaHook_ShutdownGame    20048490 f   g_lua.obj
 0001:000474f0       _G_LuaHook_RunFrame        200484f0 f   g_lua.obj
 0001:00047550       _G_LuaHook_ClientConnect   20048550 f   g_lua.obj
 0001:00047630       _G_LuaHook_ClientDisconnect 20048630 f   g_lua.obj
 0001:00047690       _G_LuaHook_ClientBegin     20048690 f   g_lua.obj
 0001:000476f0       _G_LuaHook_ClientUserinfoChanged 200486f0 f   g_lua.obj
 0001:00047750       _G_LuaHook_ClientSpawn     20048750 f   g_lua.obj
 0001:000477f0       _G_LuaHook_ClientCommand   200487f0 f   g_lua.obj
 0001:000478a0       _G_LuaHook_ConsoleCommand  200488a0 f   g_lua.obj
 0001:00047940       _G_LuaHook_UpgradeSkill    20048940 f   g_lua.obj
 0001:000479f0       _G_LuaHook_SetPlayerSkill  200489f0 f   g_lua.obj
 0001:00047aa0       _G_LuaHook_Print           20048aa0 f   g_lua.obj
 0001:00047b00       _G_LuaHook_Obituary        20048b00 f   g_lua.obj
 0001:00047cf0       _G_LuaInit                 20048cf0 f   g_lua.obj
 0001:00047f90       _G_SnapshotCallback        20048f90 f   g_main.obj
 0001:00047fd0       _G_Printf                  20048fd0 f   g_main.obj
 0001:00048020       _G_DPrintf                 20049020 f   g_main.obj
 0001:00048060       _G_Error                   20049060 f   g_main.obj
 0001:000480c0       _G_EmplacedGunIsMountable  200490c0 f   g_main.obj
 0001:00048180       _G_EmplacedGunIsRepairable 20049180 f   g_main.obj
 0001:000481f0       _G_CheckForCursorHints     200491f0 f   g_main.obj
 0001:00048e50       _G_SetTargetName           20049e50 f   g_main.obj
 0001:00048e90       _G_FindTeams               20049e90 f   g_main.obj
 0001:00049000       _G_RegisterCvars           2004a000 f   g_main.obj
 0001:000493a0       _jP_InsanityCheck          2004a3a0 f   g_main.obj
 0001:00049530       _nq_WarCheck               2004a530 f   g_main.obj
 0001:00049710       _G_IsNQinfoCvar            2004a710 f   g_main.obj
 0001:00049770       _G_UpdateNQinfo            2004a770 f   g_main.obj
 0001:000499b0       _G_WeaponRestrictions_readInt 2004a9b0 f   g_main.obj
 0001:00049a40       _G_WeaponRestrictions_set  2004aa40 f   g_main.obj
 0001:00049b90       _G_ReadWeaponRestrictions  2004ab90 f   g_main.obj
 0001:00049f90       _G_WriteWeaponRestrictions 2004af90 f   g_main.obj
 0001:0004a310       _G_SendWeaponRestrictions  2004b310 f   g_main.obj
 0001:0004a430       _G_UpdateChargeTimes       2004b430 f   g_main.obj
 0001:0004a5c0       _G_UpdateCvars             2004b5c0 f   g_main.obj
 0001:0004aaa0       _G_wipeCvars               2004baa0 f   g_main.obj
 0001:0004aaf0       _strcut                    2004baf0 f   g_main.obj
 0001:0004ab30       _bani_clearmapxp           2004bb30 f   g_main.obj
 0001:0004ab90       _bani_storemapxp           2004bb90 f   g_main.obj
 0001:0004adc0       _bani_getmapxp             2004bdc0 f   g_main.obj
 0001:0004af90       _Com_Error                 2004bf90 f   g_main.obj
 0001:0004afd0       _Com_Printf                2004bfd0 f   g_main.obj
 0001:0004b010       _SortRanks                 2004c010 f   g_main.obj
 0001:0004b150       _etpro_PlayerInfo          2004c150 f   g_main.obj
 0001:0004b1f0       _CheckAllSlots             2004c1f0 f   g_main.obj
 0001:0004b410       _SendScoreboardMessageToAllClients 2004c410 f   g_main.obj
 0001:0004b470       _MoveClientToIntermission  2004c470 f   g_main.obj
 0001:0004b5b0       _FindIntermissionPoint     2004c5b0 f   g_main.obj
 0001:0004b720       _G_SortMapsByzOrder        2004c720 f   g_main.obj
 0001:0004b770       _G_GetRealTime             2004c770 f   g_main.obj
 0001:0004b7d0       _G_LogPrintf               2004c7d0 f   g_main.obj
 0001:0004b960       _G_CrashLogPrintf          2004c960 f   g_main.obj
 0001:0004ba80       _LogExit                   2004ca80 f   g_main.obj
 0001:0004c070       _ScoreIsTied               2004d070 f   g_main.obj
 0001:0004c0c0       _CheckWolfMP               2004d0c0 f   g_main.obj
 0001:0004c230       _CheckVote                 2004d230 f   g_main.obj
 0001:0004c430       _G_RunThink                2004d430 f   g_main.obj
 0001:0004c4e0       _G_PositionEntityOnTag     2004d4e0 f   g_main.obj
 0001:0004c670       _G_TagLinkEntity           2004d670 f   g_main.obj
 0001:0004cbc0       _G_missileCamera           2004dbc0 f   g_main.obj
 0001:0004cd20       _G_DrawEntBBox             2004dd20 f   g_main.obj
 0001:0004cf70       _G_RunEntity               2004df70 f   g_main.obj
 0001:0004d4a0       _G_CheckMultiKill          2004e4a0 f   g_main.obj
 0001:0004d550       _InitCensorStructure       2004e550 f   g_main.obj
 0001:0004d5d0       _InitCensorNamesStructure  2004e5d0 f   g_main.obj
 0001:0004d6e0       _InitSkillLevelStructure   2004e6e0 f   g_main.obj
 0001:0004d840       _G_mapvoteinfo_write       2004e840 f   g_main.obj
 0001:0004d9a0       _G_mapvoteinfo_read        2004e9a0 f   g_main.obj
 0001:0004dbd0       _Cmd_ClearFlag_f           2004ebd0 f   g_main.obj
 0001:0004dd30       _Cmd_SetFlag_f             2004ed30 f   g_main.obj
 0001:0004de90       _processClientSystemInfo   2004ee90 f   g_main.obj
 0001:0004df30       _processClientNQKey        2004ef30 f   g_main.obj
 0001:0004e440       _G_LoadConfig              2004f440 f   g_main.obj
 0001:0004e740       _G_ShutdownGame            2004f740 f   g_main.obj
 0001:0004e890       _CalculateRanks            2004f890 f   g_main.obj
 0001:0004e9d0       _BeginIntermission         2004f9d0 f   g_main.obj
 0001:0004f090       _ExitLevel                 20050090 f   g_main.obj
 0001:0004f360       _CheckIntermissionExit     20050360 f   g_main.obj
 0001:0004f490       _CheckExitRules            20050490 f   g_main.obj
 0001:0004f850       _CheckCvars                20050850 f   g_main.obj
 0001:0004fb60       _G_RunFrame                20050b60 f   g_main.obj
 0001:00050140       _G_InitGame                20051140 f   g_main.obj
 0001:00050ee0       _vmMain                    20051ee0 f   g_main.obj
 0001:000510c0       _G_initMatch               200520c0 f   g_match.obj
 0001:000510e0       _G_loadMatchGame           200520e0 f   g_match.obj
 0001:000512e0       _G_printFull               200522e0 f   g_match.obj
 0001:000513c0       _G_globalSound             200523c0 f   g_match.obj
 0001:000513f0       _G_globalSoundEnum         200523f0 f   g_match.obj
 0001:00051410       _G_delayPrint              20052410 f   g_match.obj
 0001:000515c0       _G_spawnPrintf             200525c0 f   g_match.obj
 0001:00051630       _G_weapStatIndex_MOD       20052630 f   g_match.obj
 0001:00051650       _G_createStats             20052650 f   g_match.obj
 0001:00051890       _G_deleteStats             20052890 f   g_match.obj
 0001:000519c0       _G_printMatchInfo          200529c0 f   g_match.obj
 0001:00051d30       _G_matchInfoDump           20052d30 f   g_match.obj
 0001:000520b0       _G_checkServerToggle       200530b0 f   g_match.obj
 0001:000521b0       _G_statsPrint              200531b0 f   g_match.obj
 0001:000523b0       _G_resetRoundState         200533b0 f   g_match.obj
 0001:00052400       _G_resetModeState          20053400 f   g_match.obj
 0001:00052450       _G_addStats                20053450 f   g_match.obj
 0001:00052890       _G_addStatsHeadShot        20053890 f   g_match.obj
 0001:00052900       _in_word_set               20053900 f   g_match_tokens.obj
 0001:00052970       _G_Alloc                   20053970 f   g_mem.obj
 0001:000529e0       _G_InitMemory              200539e0 f   g_mem.obj
 0001:000529f0       _Svcmd_GameMem_f           200539f0 f   g_mem.obj
 0001:00052a10       _SP_info_null              20053a10 f   g_misc.obj
 0001:00052a50       _SP_light                  20053a50 f   g_misc.obj
 0001:00052a50       _SP_target_autosave        20053a50 f   g_target.obj
 0001:00052a50       _SP_target_location        20053a50 f   g_target.obj
 0001:00052a50       _firetrail_die             20053a50 f   g_misc.obj
 0001:00052a50       _func_brushmodel_delete    20053a50 f   g_mover.obj
 0001:00052a50       _SP_misc_light_surface     20053a50 f   g_misc.obj
 0001:00052a50       _SP_misc_model             20053a50 f   g_misc.obj
 0001:00052a50       _SP_lightJunior            20053a50 f   g_misc.obj
 0001:00052a60       _TeleportPlayer            20053a60 f   g_misc.obj
 0001:00052b10       _SP_misc_gamemodel         20053b10 f   g_misc.obj
 0001:00052df0       _locateMaster              20053df0 f   g_misc.obj
 0001:00052e50       _SP_misc_vis_dummy         20053e50 f   g_misc.obj
 0001:00052ec0       _SP_misc_vis_dummy_multiple 20053ec0 f   g_misc.obj
 0001:00052f20       _locateCamera              20053f20 f   g_misc.obj
 0001:00053010       _SP_misc_portal_surface    20054010 f   g_misc.obj
 0001:00053090       _SP_misc_portal_camera     20054090 f   g_misc.obj
 0001:00053100       _Use_Shooter               20054100 f   g_misc.obj
 0001:000533f0       _InitShooter               200543f0 f   g_misc.obj
 0001:00053490       _SP_shooter_mortar         20054490 f   g_misc.obj
 0001:000534b0       _SP_shooter_rocket         200544b0 f   g_misc.obj
 0001:000534d0       _SP_shooter_grenade        200544d0 f   g_misc.obj
 0001:000534f0       _use_corona                200544f0 f   g_misc.obj
 0001:00053520       _SP_corona                 20054520 f   g_misc.obj
 0001:00053660       _dlight_finish_spawning    20054660 f   g_misc.obj
 0001:000536b0       _shutoff_dlight            200546b0 f   g_misc.obj
 0001:000536e0       _use_dlight                200546e0 f   g_misc.obj
 0001:00053750       _SP_dlight                 20054750 f   g_misc.obj
 0001:000539d0       _Fire_Lead_Ext             200549d0 f   g_misc.obj
 0001:00053ca0       _clamp_playerbehindgun     20054ca0 f   g_misc.obj
 0001:00053db0       _mg42_touch                20054db0 f   g_misc.obj
 0001:00053e00       _mg42_fire                 20054e00 f   g_misc.obj
 0001:00053ef0       _mg42_track                20054ef0 f   g_misc.obj
 0001:00053ff0       _mg42_stopusing            20054ff0 f   g_misc.obj
 0001:00054090       _mg42_die                  20055090 f   g_misc.obj
 0001:00054220       _mg42_use                  20055220 f   g_misc.obj
 0001:000542b0       _misc_spawner_think        200552b0 f   g_misc.obj
 0001:00054310       _misc_spawner_use          20055310 f   g_misc.obj
 0001:00054340       _SP_misc_spawner           20055340 f   g_misc.obj
 0001:00054390       _firetrail_use             20055390 f   g_misc.obj
 0001:000543c0       _misc_firetrails_think     200553c0 f   g_misc.obj
 0001:000544f0       _SP_misc_firetrails        200554f0 f   g_misc.obj
 0001:00054520       _constructiblemarker_setup 20055520 f   g_misc.obj
 0001:00054570       _SP_misc_constructiblemarker 20055570 f   g_misc.obj
 0001:000546a0       _landmine_setup            200556a0 f   g_misc.obj
[...]
 0001:000a3361       __onexit_nolock            200a4361 f   LIBCMT:onexit.obj
 0001:000a3789       _IsRootUNCName             200a4789 f   LIBCMT:stati32.obj
 0001:000a3803       __fullpath_helper          200a4803 f   LIBCMT:stati32.obj
 0001:000a3da6       _vscan_fn                  200a4da6 f   LIBCMT:sscanf.obj
 0001:000a3f0e       ?strtoxl@@YAKPAUlocaleinfo_struct@@PBDPAPBDHH@Z 200a4f0e f   LIBCMT:strtol.obj
 0001:000a4170       _shortsort                 200a5170 f   LIBCMT:qsort.obj
 0001:000a495d       _doexit                    200a595d f   LIBCMT:crt0dat.obj
 0001:000a5033       ?_store_str@@YAXPADPAPADPAI@Z 200a6033 f   LIBCMT:strftime.obj
 0001:000a5053       ?_store_num@@YAXHHPAPADPAII@Z 200a6053 f   LIBCMT:strftime.obj
 0001:000a50ce       ?_expandtime@@YAHPAUlocaleinfo_struct@@DPBUtm@@PAPADPAIPAU__lc_time_data@@I@Z 200a60ce f   LIBCMT:strftime.obj
 0001:000a5486       ?_store_winword@@YAHPAUlocaleinfo_struct@@HPBUtm@@PAPADPAIPAU__lc_time_data@@@Z 200a6486 f   LIBCMT:strftime.obj
 0001:000a5d98       __make__time64_t           200a6d98 f   LIBCMT:mktime64.obj
 0001:000a63d6       ___DllMainCRTStartup       200a73d6 f   LIBCMT:dllcrt0.obj
 0001:000a6c09       __shift                    200a7c09 f   LIBCMT:cvt.obj
 0001:000a6c4e       __cftoe2_l                 200a7c4e f   LIBCMT:cvt.obj
 0001:000a720c       __cftof2_l                 200a820c f   LIBCMT:cvt.obj
 0001:000a75b3       ?CPtoLCID@@YAHH@Z          200a85b3 f   LIBCMT:mbctype.obj
 0001:000a75e2       ?setSBCS@@YAXPAUthreadmbcinfostruct@@@Z 200a85e2 f   LIBCMT:mbctype.obj
 0001:000a7646       ?setSBUpLow@@YAXPAUthreadmbcinfostruct@@@Z 200a8646 f   LIBCMT:mbctype.obj
 0001:000a787a       ?getSystemCP@@YAHH@Z       200a887a f   LIBCMT:mbctype.obj
 0001:000a7fd0       ?__crtLCMapStringA_stat@@YAHPAUlocaleinfo_struct@@KKPBDHPADHHH@Z 200a8fd0 f   LIBCMT:a_map.obj
 0001:000a8300       __copytlocinfo_nolock      200a9300 f   LIBCMT:setlocal.obj
 0001:000a85b3       __setlocale_get_all        200a95b3 f   LIBCMT:setlocal.obj
 0001:000a8939       __setlocale_set_cat        200a9939 f   LIBCMT:setlocal.obj
 0001:000a8c73       __setlocale_nolock         200a9c73 f   LIBCMT:setlocal.obj
 0001:000ab67b       ?ExFilterRethrow@@YAHPAU_EXCEPTION_POINTERS@@@Z 200ac67b f   LIBCMT:frame.obj
 0001:000ab74f       ?IsInExceptionSpec@@YAEPAUEHExceptionRecord@@PBU_s_ESTypeList@@@Z 200ac74f f   LIBCMT:frame.obj
 0001:000ab7c5       ?CallUnexpected@@YAXPBU_s_ESTypeList@@@Z 200ac7c5 f   LIBCMT:frame.obj
 0001:000ab7f6       __catch$?CallUnexpected@@YAXPBU_s_ESTypeList@@@Z$0 200ac7f6 f   LIBCMT:frame.obj
 0001:000ab80e       ?CallCatchBlock@@YAPAXPAUEHExceptionRecord@@PAUEHRegistrationNode@@PAU_CONTEXT@@PBU_s_FuncInfo@@PAXHK@Z 200ac80e f   LIBCMT:frame.obj
 0001:000abbbb       ?CatchIt@@YAXPAUEHExceptionRecord@@PAUEHRegistrationNode@@PAU_CONTEXT@@PAXPBU_s_FuncInfo@@PBU_s_HandlerType@@PBU_s_CatchableType@@PBU_s_TryBlockMapEntry@@H1E@Z 200acbbb f   LIBCMT:frame.obj
 0001:000abc29       ?FindHandlerForForeignException@@YAXPAUEHExceptionRecord@@PAUEHRegistrationNode@@PAU_CONTEXT@@PAXPBU_s_FuncInfo@@HH1@Z 200acc29 f   LIBCMT:frame.obj
 0001:000abd30       ?FindHandler@@YAXPAUEHExceptionRecord@@PAUEHRegistrationNode@@PAU_CONTEXT@@PAXPBU_s_FuncInfo@@EH1@Z 200acd30 f   LIBCMT:frame.obj
 0001:000acfce       __tsopen_nolock            200adfce f   LIBCMT:open.obj
 0001:000addf1       ___check_float_string      200aedf1 f   LIBCMT:input.obj
 0001:000ade48       __hextodec                 200aee48 f   LIBCMT:input.obj
 0001:000ade68       __inc                      200aee68 f   LIBCMT:input.obj
 0001:000ade7e       __whiteout                 200aee7e f   LIBCMT:input.obj
 0001:000af286       _siglookup                 200b0286 f   LIBCMT:winsig.obj
 0001:000af61c       __tzset_nolock             200b061c f   LIBCMT:tzset.obj
 0001:000af92f       _cvtdate                   200b092f f   LIBCMT:tzset.obj
 0001:000afb26       __isindst_nolock           200b0b26 f   LIBCMT:tzset.obj
 0001:000b0c8d       _parse_cmdline             200b1c8d f   LIBCMT:stdargv.obj
 0001:000b16d7       ?__crtGetStringTypeA_stat@@YAHPAUlocaleinfo_struct@@KPBDHPAGHHH@Z 200b26d7 f   LIBCMT:a_str.obj
 0001:000b17fe       __get_lc_time              200b27fe f   LIBCMT:inittime.obj
 0001:000b2fe9       _TranslateName             200b3fe9 f   LIBCMT:getqloc.obj
 0001:000b304b       _ProcessCodePage           200b404b f   LIBCMT:getqloc.obj
 0001:000b30cf       _TestDefaultCountry        200b40cf f   LIBCMT:getqloc.obj
 0001:000b30f4       _LcidFromHexString         200b40f4 f   LIBCMT:getqloc.obj
 0001:000b3125       _GetPrimaryLen             200b4125 f   LIBCMT:getqloc.obj
 0001:000b3140       _CountryEnumProc@4         200b4140 f   LIBCMT:getqloc.obj
 0001:000b31e7       _TestDefaultLanguage       200b41e7 f   LIBCMT:getqloc.obj
 0001:000b3242       _LangCountryEnumProc@4     200b4242 f   LIBCMT:getqloc.obj
 0001:000b3413       _LanguageEnumProc@4        200b4413 f   LIBCMT:getqloc.obj
 0001:000b34d3       _GetLcidFromLangCountry    200b44d3 f   LIBCMT:getqloc.obj
 0001:000b353a       _GetLcidFromLanguage       200b453a f   LIBCMT:getqloc.obj
 0001:000b7330       __unwind_handler4          200b8330 f   LIBCMT:exsup4.obj
 0001:000b74b0       __unwind_handler           200b84b0 f   LIBCMT:exsup.obj
 0001:000b8c27       _write_char                200b9c27 f   LIBCMT:outputs.obj
 0001:000b8c27       _write_char                200b9c27 f   LIBCMT:outputs.obj
 0001:000b8c5a       _write_string              200b9c5a f   LIBCMT:outputs.obj
 0001:000b8c5a       _write_string              200b9c5a f   LIBCMT:outputs.obj
 0001:000b9c25       ?__crtGetLocaleInfoA_stat@@YAHPAUlocaleinfo_struct@@KKPADH@Z 200bac25 f   LIBCMT:a_loc.obj
 0001:000b9dc0       ?x_ismbbtype_l@@YAHPAUlocaleinfo_struct@@IHH@Z 200badc0 f   LIBCMT:ismbbyte.obj
 0001:000ba723       __hw_cw                    200bb723 f   LIBCMT:_ieee87_.obj
 0001:000ba7b1       ___hw_cw_sse2              200bb7b1 f   LIBCMT:_ieee87_.obj
 0001:000bac98       _xtoa_s@20                 200bbc98 f   LIBCMT:xtoas.obj
 0001:000baf0a       _flsall                    200bbf0a f   LIBCMT:fflush.obj
 0001:000bb3d1       ?__crtCompareStringA_stat@@YAHPAUlocaleinfo_struct@@KKPBDH1HH@Z 200bc3d1 f   LIBCMT:a_cmp.obj
 0001:000bb76b       _findenv                   200bc76b f   LIBCMT:setenv.obj
 0001:000bb7bd       _copy_environ              200bc7bd f   LIBCMT:setenv.obj
 0001:000bbf02       _tidy_global               200bcf02 f   libcpmt:locale0.obj
 0001:000bc4f9       ?swfun@std@@YAXAAVios_base@1@_J@Z 200bd4f9 f   libcpmt:iomanip.obj
 0001:000bc52b       __ReleaseCPLocHash         200bd52b f   libcpmt:xmbtowc.obj
 0001:000bc56b       __InitCPLocHash            200bd56b f   libcpmt:xmbtowc.obj
 0001:000bc6c0       __ehhandler$?_Copy@?$basic_string@DU?$char_traits@D@std@@V?$allocator@D@2@@std@@QAEXII@Z 200bd6c0 f   BotLoadLibrary.obj
 0001:000bc6d0       __unwindfunclet$??0?$basic_streambuf@DU?$char_traits@D@std@@@std@@IAE@XZ$0 200bd6d0 f   g_etbot_interface.obj
 0001:000bc6db       __ehhandler$??0?$basic_streambuf@DU?$char_traits@D@std@@@std@@IAE@XZ 200bd6db f   g_etbot_interface.obj
 0001:000bc6f0       __ehhandler$?_Init@?$numpunct@D@std@@IAEXABV_Locinfo@2@_N@Z 200bd6f0 f   g_etbot_interface.obj
 0001:000bc700       __unwindfunclet$??1_Locinfo@std@@QAE@XZ$0 200bd700 f   g_etbot_interface.obj
 0001:000bc700       __unwindfunclet$??0_Locinfo@std@@QAE@PBD@Z$0 200bd700 f   g_etbot_interface.obj
 0001:000bc708       __unwindfunclet$??1_Locinfo@std@@QAE@XZ$1 200bd708 f   g_etbot_interface.obj
 0001:000bc708       __unwindfunclet$??0_Locinfo@std@@QAE@PBD@Z$1 200bd708 f   g_etbot_interface.obj
 0001:000bc713       __unwindfunclet$??0_Locinfo@std@@QAE@PBD@Z$2 200bd713 f   g_etbot_interface.obj
 0001:000bc713       __unwindfunclet$??1_Locinfo@std@@QAE@XZ$2 200bd713 f   g_etbot_interface.obj
 0001:000bc71e       __unwindfunclet$??1_Locinfo@std@@QAE@XZ$3 200bd71e f   g_etbot_interface.obj
 0001:000bc71e       __unwindfunclet$??0_Locinfo@std@@QAE@PBD@Z$3 200bd71e f   g_etbot_interface.obj
 0001:000bc729       __unwindfunclet$??1_Locinfo@std@@QAE@XZ$4 200bd729 f   g_etbot_interface.obj
 0001:000bc729       __unwindfunclet$??0_Locinfo@std@@QAE@PBD@Z$4 200bd729 f   g_etbot_interface.obj
 0001:000bc734       __ehhandler$??0_Locinfo@std@@QAE@PBD@Z 200bd734 f   g_etbot_interface.obj
 0001:000bc734       __ehhandler$??1_Locinfo@std@@QAE@XZ 200bd734 f   g_etbot_interface.obj
 0001:000bc740       __unwindfunclet$?_Getcat@?$ctype@D@std@@SAIPAPBVfacet@locale@2@PBV42@@Z$0 200bd740 f   g_etbot_interface.obj
 0001:000bc740       __unwindfunclet$?_Getcat@?$num_put@DV?$ostreambuf_iterator@DU?$char_traits@D@std@@@std@@@std@@SAIPAPBVfacet@locale@2@PBV42@@Z$0 200bd740 f   g_etbot_interface.obj
 0001:000bc74b       __ehhandler$?_Getcat@?$ctype@D@std@@SAIPAPBVfacet@locale@2@PBV42@@Z 200bd74b f   g_etbot_interface.obj
 0001:000bc74b       __ehhandler$?_Getcat@?$num_put@DV?$ostreambuf_iterator@DU?$char_traits@D@std@@@std@@@std@@SAIPAPBVfacet@locale@2@PBV42@@Z 200bd74b f   g_etbot_interface.obj
 0001:000bc760       __unwindfunclet$??_D?$basic_stringstream@DU?$char_traits@D@std@@V?$allocator@D@2@@std@@QAEXXZ$0 200bd760 f   g_etbot_interface.obj
 0001:000bc76b       __ehhandler$??_D?$basic_stringstream@DU?$char_traits@D@std@@V?$allocator@D@2@@std@@QAEXXZ 200bd76b f   g_etbot_interface.obj
 0001:000bc780       __ehhandler$?_Osfx@?$basic_ostream@DU?$char_traits@D@std@@@std@@QAEXXZ 200bd780 f   g_etbot_interface.obj
 0001:000bc790       __unwindfunclet$?widen@?$basic_ios@DU?$char_traits@D@std@@@std@@QBEDD@Z$0 200bd790 f   g_etbot_interface.obj
 0001:000bc798       __ehhandler$?widen@?$basic_ios@DU?$char_traits@D@std@@@std@@QBEDD@Z 200bd798 f   g_etbot_interface.obj
 0001:000bc7b0       __unwindfunclet$?_Getcat@?$numpunct@D@std@@SAIPAPBVfacet@locale@2@PBV42@@Z$0 200bd7b0 f   g_etbot_interface.obj
 0001:000bc7bb       __unwindfunclet$?_Getcat@?$numpunct@D@std@@SAIPAPBVfacet@locale@2@PBV42@@Z$1 200bd7bb f   g_etbot_interface.obj
 0001:000bc7d4       __unwindfunclet$?_Getcat@?$numpunct@D@std@@SAIPAPBVfacet@locale@2@PBV42@@Z$2 200bd7d4 f   g_etbot_interface.obj
 0001:000bc7dc       __ehhandler$?_Getcat@?$numpunct@D@std@@SAIPAPBVfacet@locale@2@PBV42@@Z 200bd7dc f   g_etbot_interface.obj
 0001:000bc7f0       __unwindfunclet$??1sentry@?$basic_ostream@DU?$char_traits@D@std@@@std@@QAE@XZ$0 200bd7f0 f   g_etbot_interface.obj
 0001:000bc7f8       __ehhandler$??1sentry@?$basic_ostream@DU?$char_traits@D@std@@@std@@QAE@XZ 200bd7f8 f   g_etbot_interface.obj
 0001:000bc810       __unwindfunclet$??$?6U?$char_traits@D@std@@@std@@YAAAV?$basic_ostream@DU?$char_traits@D@std@@@0@AAV10@PBD@Z$3 200bd810 f   g_etbot_interface.obj
 0001:000bc818       __unwindfunclet$??$?6U?$char_traits@D@std@@@std@@YAAAV?$basic_ostream@DU?$char_traits@D@std@@@0@AAV10@PBD@Z$2 200bd818 f   g_etbot_interface.obj
 0001:000bc820       __unwindfunclet$??$?6U?$char_traits@D@std@@@std@@YAAAV?$basic_ostream@DU?$char_traits@D@std@@@0@AAV10@PBD@Z$13 200bd820 f   g_etbot_interface.obj
 0001:000bc828       __ehhandler$??$?6U?$char_traits@D@std@@@std@@YAAAV?$basic_ostream@DU?$char_traits@D@std@@@0@AAV10@PBD@Z 200bd828 f   g_etbot_interface.obj
 0001:000bc840       __unwindfunclet$??$use_facet@V?$numpunct@D@std@@@std@@YAABV?$numpunct@D@0@ABVlocale@0@@Z$0 200bd840 f   g_etbot_interface.obj
 0001:000bc840       __unwindfunclet$??$use_facet@V?$ctype@D@std@@@std@@YAABV?$ctype@D@0@ABVlocale@0@@Z$0 200bd840 f   g_etbot_interface.obj
 0001:000bc840       __unwindfunclet$??$use_facet@V?$num_put@DV?$ostreambuf_iterator@DU?$char_traits@D@std@@@std@@@std@@@std@@YAABV?$num_put@DV?$ostreambuf_iterator@DU?$char_traits@D@std@@@std@@@0@ABVlocale@0@@Z$0 200bd840 f   g_etbot_interface.obj
 0001:000bc848       __ehhandler$??$use_facet@V?$numpunct@D@std@@@std@@YAABV?$numpunct@D@0@ABVlocale@0@@Z 200bd848 f   g_etbot_interface.obj
 0001:000bc848       __ehhandler$??$use_facet@V?$num_put@DV?$ostreambuf_iterator@DU?$char_traits@D@std@@@std@@@std@@@std@@YAABV?$num_put@DV?$ostreambuf_iterator@DU?$char_traits@D@std@@@std@@@0@ABVlocale@0@@Z 200bd848 f   g_etbot_interface.obj
 0001:000bc848       __ehhandler$??$use_facet@V?$ctype@D@std@@@std@@YAABV?$ctype@D@0@ABVlocale@0@@Z 200bd848 f   g_etbot_interface.obj
 0001:000bc860       __unwindfunclet$??6?$basic_ostream@DU?$char_traits@D@std@@@std@@QAEAAV01@H@Z$4 200bd860 f   g_etbot_interface.obj
 0001:000bc868       __unwindfunclet$??6?$basic_ostream@DU?$char_traits@D@std@@@std@@QAEAAV01@H@Z$2 200bd868 f   g_etbot_interface.obj
 0001:000bc870       __unwindfunclet$??6?$basic_ostream@DU?$char_traits@D@std@@@std@@QAEAAV01@H@Z$3 200bd870 f   g_etbot_interface.obj
 0001:000bc878       __unwindfunclet$??6?$basic_ostream@DU?$char_traits@D@std@@@std@@QAEAAV01@H@Z$15 200bd878 f   g_etbot_interface.obj
 0001:000bc880       __ehhandler$??6?$basic_ostream@DU?$char_traits@D@std@@@std@@QAEAAV01@H@Z 200bd880 f   g_etbot_interface.obj
 0001:000bc890       __unwindfunclet$?_Fput@?$num_put@DV?$ostreambuf_iterator@DU?$char_traits@D@std@@@std@@@std@@ABA?AV?$ostreambuf_iterator@DU?$char_traits@D@std@@@2@V32@AAVios_base@2@DPBDIIII@Z$0 200bd890 f   g_etbot_interface.obj
 0001:000bc898       __unwindfunclet$?_Fput@?$num_put@DV?$ostreambuf_iterator@DU?$char_traits@D@std@@@std@@@std@@ABA?AV?$ostreambuf_iterator@DU?$char_traits@D@std@@@2@V32@AAVios_base@2@DPBDIIII@Z$1 200bd898 f   g_etbot_interface.obj
 0001:000bc8a0       __unwindfunclet$?_Fput@?$num_put@DV?$ostreambuf_iterator@DU?$char_traits@D@std@@@std@@@std@@ABA?AV?$ostreambuf_iterator@DU?$char_traits@D@std@@@2@V32@AAVios_base@2@DPBDIIII@Z$2 200bd8a0 f   g_etbot_interface.obj
 0001:000bc8a8       __ehhandler$?_Fput@?$num_put@DV?$ostreambuf_iterator@DU?$char_traits@D@std@@@std@@@std@@ABA?AV?$ostreambuf_iterator@DU?$char_traits@D@std@@@2@V32@AAVios_base@2@DPBDIIII@Z 200bd8a8 f   g_etbot_interface.obj
 0001:000bc8c0       __unwindfunclet$?_Iput@?$num_put@DV?$ostreambuf_iterator@DU?$char_traits@D@std@@@std@@@std@@ABA?AV?$ostreambuf_iterator@DU?$char_traits@D@std@@@2@V32@AAVios_base@2@DPADI@Z$0 200bd8c0 f   g_etbot_interface.obj
 0001:000bc8c8       __unwindfunclet$?_Iput@?$num_put@DV?$ostreambuf_iterator@DU?$char_traits@D@std@@@std@@@std@@ABA?AV?$ostreambuf_iterator@DU?$char_traits@D@std@@@2@V32@AAVios_base@2@DPADI@Z$1 200bd8c8 f   g_etbot_interface.obj
 0001:000bc8d0       __ehhandler$?_Iput@?$num_put@DV?$ostreambuf_iterator@DU?$char_traits@D@std@@@std@@@std@@ABA?AV?$ostreambuf_iterator@DU?$char_traits@D@std@@@2@V32@AAVios_base@2@DPADI@Z 200bd8d0 f   g_etbot_interface.obj
 0001:000bc8e0       __unwindfunclet$?do_put@?$num_put@DV?$ostreambuf_iterator@DU?$char_traits@D@std@@@std@@@std@@MBE?AV?$ostreambuf_iterator@DU?$char_traits@D@std@@@2@V32@AAVios_base@2@D_N@Z$0 200bd8e0 f   g_etbot_interface.obj
 0001:000bc8e8       __unwindfunclet$?do_put@?$num_put@DV?$ostreambuf_iterator@DU?$char_traits@D@std@@@std@@@std@@MBE?AV?$ostreambuf_iterator@DU?$char_traits@D@std@@@2@V32@AAVios_base@2@D_N@Z$1 200bd8e8 f   g_etbot_interface.obj
 0001:000bc8f0       __unwindfunclet$?do_put@?$num_put@DV?$ostreambuf_iterator@DU?$char_traits@D@std@@@std@@@std@@MBE?AV?$ostreambuf_iterator@DU?$char_traits@D@std@@@2@V32@AAVios_base@2@D_N@Z$2 200bd8f0 f   g_etbot_interface.obj
 0001:000bc8f8       __unwindfunclet$?do_put@?$num_put@DV?$ostreambuf_iterator@DU?$char_traits@D@std@@@std@@@std@@MBE?AV?$ostreambuf_iterator@DU?$char_traits@D@std@@@2@V32@AAVios_base@2@D_N@Z$3 200bd8f8 f   g_etbot_interface.obj
 0001:000bc900       __ehhandler$?do_put@?$num_put@DV?$ostreambuf_iterator@DU?$char_traits@D@std@@@std@@@std@@MBE?AV?$ostreambuf_iterator@DU?$char_traits@D@std@@@2@V32@AAVios_base@2@D_N@Z 200bd900 f   g_etbot_interface.obj
 0001:000bc910       __unwindfunclet$?str@?$basic_stringbuf@DU?$char_traits@D@std@@V?$allocator@D@2@@std@@QBE?AV?$basic_string@DU?$char_traits@D@std@@V?$allocator@D@2@@2@XZ$0 200bd910 f   g_etbot_interface.obj
 0001:000bc918       __unwindfunclet$?str@?$basic_stringbuf@DU?$char_traits@D@std@@V?$allocator@D@2@@std@@QBE?AV?$basic_string@DU?$char_traits@D@std@@V?$allocator@D@2@@2@XZ$2 200bd918 f   g_etbot_interface.obj
 0001:000bc920       __unwindfunclet$?str@?$basic_stringbuf@DU?$char_traits@D@std@@V?$allocator@D@2@@std@@QBE?AV?$basic_string@DU?$char_traits@D@std@@V?$allocator@D@2@@2@XZ$3 200bd920 f   g_etbot_interface.obj
 0001:000bc928       __ehhandler$?str@?$basic_stringbuf@DU?$char_traits@D@std@@V?$allocator@D@2@@std@@QBE?AV?$basic_string@DU?$char_traits@D@std@@V?$allocator@D@2@@2@XZ 200bd928 f   g_etbot_interface.obj
 0001:000bc940       __unwindfunclet$?AddBot@ETInterface@@UAEHABVMessageHelper@@@Z$2 200bd940 f   g_etbot_interface.obj
 0001:000bc959       __unwindfunclet$?AddBot@ETInterface@@UAEHABVMessageHelper@@@Z$6 200bd959 f   g_etbot_interface.obj
 0001:000bc964       __unwindfunclet$?AddBot@ETInterface@@UAEHABVMessageHelper@@@Z$3 200bd964 f   g_etbot_interface.obj
 0001:000bc96f       __unwindfunclet$?AddBot@ETInterface@@UAEHABVMessageHelper@@@Z$10 200bd96f f   g_etbot_interface.obj
 0001:000bc97a       __unwindfunclet$?AddBot@ETInterface@@UAEHABVMessageHelper@@@Z$0 200bd97a f   g_etbot_interface.obj
 0001:000bc985       __ehhandler$?AddBot@ETInterface@@UAEHABVMessageHelper@@@Z 200bd985 f   g_etbot_interface.obj
 0001:000bc98f       __ehhandler$?CallUnexpected@@YAXPBU_s_ESTypeList@@@Z 200bd98f f   LIBCMT:frame.obj
 0001:000bc9aa       __unwindfunclet$??1_Fac_tidy_reg_t@std@@QAE@XZ$0 200bd9aa f   libcpmt:locale0.obj
 0001:000bc9aa       __unwindfunclet$?_Locimp_dtor@_Locimp@locale@std@@CAXPAV123@@Z$0 200bd9aa f   libcpmt:locale0.obj
 0001:000bc9aa       __unwindfunclet$?_Init@locale@std@@CAPAV_Locimp@12@XZ$0 200bd9aa f   libcpmt:locale0.obj
 0001:000bc9b2       __ehhandler$??1_Fac_tidy_reg_t@std@@QAE@XZ 200bd9b2 f   libcpmt:locale0.obj
 0001:000bc9b2       __ehhandler$?_Locimp_dtor@_Locimp@locale@std@@CAXPAV123@@Z 200bd9b2 f   libcpmt:locale0.obj
 0001:000bc9b2       __ehhandler$?_Init@locale@std@@CAPAV_Locimp@12@XZ 200bd9b2 f   libcpmt:locale0.obj
 0001:000bc9cd       __unwindfunclet$??1_Locimp@locale@std@@MAE@XZ$0 200bd9cd f   libcpmt:locale0.obj
 0001:000bc9d5       __unwindfunclet$??1_Locimp@locale@std@@MAE@XZ$1 200bd9d5 f   libcpmt:locale0.obj
 0001:000bc9e0       __ehhandler$??1_Locimp@locale@std@@MAE@XZ 200bd9e0 f   libcpmt:locale0.obj
 0001:000bca00       ??__Eg_OmnibotLibPath@@YAXXZ 200bda00 f   BotLoadLibrary.obj
 0001:000bca10       ??__Eg_DeferredGoals@@YAXXZ 200bda10 f   g_etbot_interface.obj
 0001:000bca3a       ??__Einitlocks@std@@YAXXZ  200bda3a f   libcpmt:xlock.obj
 0001:000bca50       ??__E_Fac_tidy_reg@std@@YAXXZ 200bda50 f   libcpmt:locale0.obj
 0001:000bca5c       ??__Eclassic_locale@std@@YAXXZ 200bda5c f   libcpmt:locale0.obj
 0001:000bca68       ??__E_Generic_object@std@@YAXXZ 200bda68 f   libcpmt:syserror.obj
 0001:000bca74       ??__E_Iostream_object@std@@YAXXZ 200bda74 f   libcpmt:syserror.obj
 0001:000bca80       ??__E_System_object@std@@YAXXZ 200bda80 f   libcpmt:syserror.obj
 0001:000bca8c       ??__Einitlocks@std@@YAXXZ  200bda8c f   libcpmt:iosptrs.obj
 0001:000bcaa2       ??__Einit_atexit@@YAXXZ    200bdaa2 f   libcpmt:iosptrs.obj
 0001:000bcab0       ??__Fg_OmnibotLibPath@@YAXXZ 200bdab0 f   BotLoadLibrary.obj
 0001:000bcade       ??__Fnomem@?5???2@YAPAXI@Z@YAXXZ 200bdade f   LIBCMT:new.obj
 0001:000bcaf2       ??__Finitlocks@std@@YAXXZ  200bdaf2 f   libcpmt:xlock.obj
 0001:000bcafc       ??__Fclassic_locale@std@@YAXXZ 200bdafc f   libcpmt:locale0.obj
 0001:000bcb06       ??__F_Fac_tidy_reg@std@@YAXXZ 200bdb06 f   libcpmt:locale0.obj
 0001:000bcb10       ??__F_Generic_object@std@@YAXXZ 200bdb10 f   libcpmt:syserror.obj
 0001:000bcb1b       ??__F_Iostream_object@std@@YAXXZ 200bdb1b f   libcpmt:syserror.obj
 0001:000bcb26       ??__F_System_object@std@@YAXXZ 200bdb26 f   libcpmt:syserror.obj
 0001:000bcb31       ??__Finitlocks@std@@YAXXZ  200bdb31 f   libcpmt:iosptrs.obj
 0001:000bcb3b       ??__Finit_atexit@@YAXXZ    200bdb3b f   libcpmt:iosptrs.obj
