 ui_mp_x86

 Timestamp is 4f8e6daa (Wed Apr 18 09:30:50 2012)

 Preferred load address is 40000000

 Start         Length     Name                   Class
 0001:00000000 0002b718H .text                   CODE
 0002:00000000 00000104H .idata$5                DATA
 0002:00000104 00000004H .CRT$XCA                DATA
 0002:00000108 00000004H .CRT$XCZ                DATA
 0002:0000010c 00000004H .CRT$XIA                DATA
 0002:00000110 00000014H .CRT$XIC                DATA
 0002:00000124 00000004H .CRT$XIZ                DATA
 0002:00000128 00000004H .CRT$XPA                DATA
 0002:0000012c 00000004H .CRT$XPX                DATA
 0002:00000130 00000004H .CRT$XPXA               DATA
 0002:00000134 00000004H .CRT$XPZ                DATA
 0002:00000138 00000004H .CRT$XTA                DATA
 0002:0000013c 00000004H .CRT$XTZ                DATA
 0002:00000140 0000d0a8H .rdata                  DATA
 0002:0000d1f0 0000000cH .rdata$sxdata           DATA
 0002:0000d1fc 00000004H .rtc$IAA                DATA
 0002:0000d200 00000004H .rtc$IZZ                DATA
 0002:0000d204 00000004H .rtc$TAA                DATA
 0002:0000d208 00000004H .rtc$TZZ                DATA
 0002:0000d210 000002d4H .xdata$x                DATA
 0002:0000d4e4 00000014H .idata$2                DATA
 0002:0000d4f8 00000014H .idata$3                DATA
 0002:0000d50c 00000104H .idata$4                DATA
 0002:0000d610 000004a0H .idata$6                DATA
 0002:0000dab0 0000005aH .edata                  DATA
 0003:00000000 00008894H .data                   DATA
 0003:000088a0 005c5908H .bss                    DATA

  Address         Publics by Value              Rva+Base       Lib:Object

 0000:00000000       __except_list              00000000     <absolute>
 0000:00000003       ___safe_se_handler_count   00000003     <absolute>
 0000:00000000       ___ImageBase               40000000     <linker-defined>
 0001:00000000       _BG_LoadCampaignSave       40001000 f   bg_campaign.obj
 0001:00000170       _PC_String_Parse           40001170 f   bg_misc.obj
 0001:000001c0       _BG_setCrosshair           400011c0 f   bg_misc.obj
 0001:000004b0       _Q_vsnprintf               400014b0 f   bg_misc.obj
 0001:000004f0       _PC_SourceError            400014f0 f   bg_misc.obj
 0001:00000560       _PC_Float_Parse            40001560 f   bg_misc.obj
 0001:00000600       _PC_Color_Parse            40001600 f   bg_misc.obj
 0001:00000650       _PC_Int_Parse              40001650 f   bg_misc.obj
 0001:000006e0       _AxisClear                 400016e0 f   q_math.obj
 0001:00000710       _AngleVectors              40001710 f   q_math.obj
 0001:00000870       _AnglesToAxis              40001870 f   q_math.obj
 0001:000008c0       _Com_Clamp                 400018c0 f   q_shared.obj
 0001:000008f0       _COM_BackupParseSession    400018f0 f   q_shared.obj
 0001:00000950       _COM_ParseExt              40001950 f   q_shared.obj
 0001:00000b20       _Q_strncpyz                40001b20 f   q_shared.obj
 0001:00000b70       _Q_stricmpn                40001b70 f   q_shared.obj
 0001:00000bd0       _Q_strncmp                 40001bd0 f   q_shared.obj
 0001:00000c10       _Q_stricmp                 40001c10 f   q_shared.obj
 0001:00000c40       _Q_strlwr                  40001c40 f   q_shared.obj
 0001:00000c70       _Q_strupr                  40001c70 f   q_shared.obj
 0001:00000ca0       _Q_strcat                  40001ca0 f   q_shared.obj
 0001:00000cf0       _Q_CleanStr                40001cf0 f   q_shared.obj
 0001:00000d40       _Q_isBadDirChar            40001d40 f   q_shared.obj
 0001:00000d90       _Q_CleanDirName            40001d90 f   q_shared.obj
 0001:00000de0       _Com_sprintf               40001de0 f   q_shared.obj
 0001:00000e20       _va                        40001e20 f   q_shared.obj
 0001:00000eb0       _Info_ValueForKey          40001eb0 f   q_shared.obj
 0001:00000fb0       _COM_StripExtensionSafe    40001fb0 f   q_shared.obj
 0001:00001000       _Com_Error                 40002000 f   ui_atoms.obj
 0001:00001040       _Com_Printf                40002040 f   ui_atoms.obj
 0001:00001080       _UI_Argv                   40002080 f   ui_atoms.obj
 0001:000010a0       _UI_Cvar_VariableString    400020a0 f   ui_atoms.obj
 0001:000010f0       _UI_ConsoleCommand         400020f0 f   ui_atoms.obj
 0001:00001280       _UI_AdjustFrom640          40002280 f   ui_atoms.obj
 0001:000012f0       _UI_DrawHandlePic          400022f0 f   ui_atoms.obj
 0001:000013a0       _UI_FillRect               400023a0 f   ui_atoms.obj
 0001:00001410       _UI_SetColor               40002410 f   ui_atoms.obj
 0001:00001420       _Com_DPrintf               40002420 f   ui_atoms.obj
 0001:00001900       _UI_SortArenas             40002900 f   ui_gameinfo.obj
 0001:000019b0       _UI_LoadArenas             400029b0 f   ui_gameinfo.obj
 0001:00001a90       _UI_FindMapInfoByMapname   40002a90 f   ui_gameinfo.obj
 0001:00002050       _UI_DescriptionForCampaign 40003050 f   ui_gameinfo.obj
 0001:00002100       _UI_NameForCampaign        40003100 f   ui_gameinfo.obj
 0001:000021b0       _UI_FindCampaignInCampaignList 400031b0 f   ui_gameinfo.obj
 0001:00002200       _UI_SortCampaigns          40003200 f   ui_gameinfo.obj
 0001:000022b0       _UI_LoadCampaigns          400032b0 f   ui_gameinfo.obj
 0001:00002500       _UI_DrawLoadPanel          40003500 f   ui_loadpanel.obj
 0001:00002600       _Downloading               40003600 f   ui_loadpanel.obj
 0001:00002660       _UI_LoadPanel_RenderDownloadingBarBg 40003660 f   ui_loadpanel.obj
 0001:00002680       _UI_LoadPanel_DownloadingBarText 40003680 f   ui_loadpanel.obj
 0001:00002760       _UI_LoadPanel_RenderDownloadingBar 40003760 f   ui_loadpanel.obj
 0001:00002860       _UI_LoadPanel_RenderHeaderText 40003860 f   ui_loadpanel.obj
 0001:000028e0       _UI_DownloadInfo           400038e0 f   ui_loadpanel.obj
 0001:00002ad0       _UI_LoadPanel_RenderLoadingText 40003ad0 f   ui_loadpanel.obj
 0001:00002eb0       _AssetCache                40003eb0 f   ui_main.obj
 0001:00003030       __UI_DrawSides             40004030 f   ui_main.obj
 0001:000030f0       __UI_DrawTopBottom         400040f0 f   ui_main.obj
 0001:000031b0       __UI_DrawRect              400041b0 f   ui_main.obj
 0001:00003220       _Text_SetActiveFont        40004220 f   ui_main.obj
 0001:00003230       _Text_Width_Ext            40004230 f   ui_main.obj
 0001:000032c0       _Text_Width                400042c0 f   ui_main.obj
 0001:000032f0       _Multiline_Text_Width      400042f0 f   ui_main.obj
 0001:00003410       _Text_Height_Ext           40004410 f   ui_main.obj
 0001:000034c0       _Text_Height               400044c0 f   ui_main.obj
 0001:000034f0       _Multiline_Text_Height     400044f0 f   ui_main.obj
 0001:00003610       _Text_PaintCharExt         40004610 f   ui_main.obj
 0001:00003690       _Text_PaintChar            40004690 f   ui_main.obj
 0001:00003710       _Text_Paint_Ext            40004710 f   ui_main.obj
 0001:000039a0       _Text_Paint                400049a0 f   ui_main.obj
 0001:00003a10       _Text_PaintWithCursor      40004a10 f   ui_main.obj
 0001:00003f40       __UI_Shutdown              40004f40 f   ui_main.obj
 0001:00003f50       _GetMenuBuffer             40004f50 f   ui_main.obj
 0001:00003ff0       _Asset_Parse               40004ff0 f   ui_main.obj
 0001:000043d0       _UI_Report                 400053d0 f   ui_main.obj
 0001:000043e0       _UI_ParseMenu              400053e0 f   ui_main.obj
 0001:000044c0       _Load_Menu                 400054c0 f   ui_main.obj
 0001:00004540       _UI_LoadMenus              40005540 f   ui_main.obj
 0001:00004bb0       _UI_DrawMapPreview         40005bb0 f   ui_main.obj
 0001:00005060       _UI_DrawNetMapPreview      40006060 f   ui_main.obj
 0001:000054c0       _UI_DrawCampaignDescription 400064c0 f   ui_main.obj
 0001:000056d0       _UI_DrawGametypeDescription 400066d0 f   ui_main.obj
 0001:00007790       _UI_OwnerDrawVisible       40008790 f   ui_main.obj
 0001:00007fb0       _UI_ServersSort            40008fb0 f   ui_main.obj
 0001:00007ff0       _UI_SortMods               40008ff0 f   ui_main.obj
 0001:000086b0       _UI_CheckExecKey           400096b0 f   ui_main.obj
 0001:00008710       _UI_Update                 40009710 f   ui_main.obj
 0001:00009c10       _UI_FeederItemText         4000ac10 f   ui_main.obj
 0001:0000ad60       _UI_FeederSelectionClick   4000bd60 f   ui_main.obj
 0001:0000b360       __UI_KeyEvent              4000c360 f   ui_main.obj
 0001:0000b410       __UI_MouseEvent            4000c410 f   ui_main.obj
 0001:0000b490       __UI_GetActiveMenu         4000c490 f   ui_main.obj
 0001:0000b4a0       __UI_SetActiveMenu         4000c4a0 f   ui_main.obj
 0001:0000b9e0       __UI_IsFullscreen          4000c9e0 f   ui_main.obj
 0001:0000b9f0       _UI_ReadableSize           4000c9f0 f   ui_main.obj
 0001:0000bb70       _UI_PrintTime              4000cb70 f   ui_main.obj
 0001:0000bc20       _UI_DrawConnectScreen      4000cc20 f   ui_main.obj
 0001:0000bd20       _UI_RegisterCvars          4000cd20 f   ui_main.obj
 0001:0000bdc0       _UI_UpdateCvars            4000cdc0 f   ui_main.obj
 0001:0000c0c0       _UI_Campaign_f             4000d0c0 f   ui_main.obj
 0001:0000c1e0       _UI_ListCampaigns_f        4000d1e0 f   ui_main.obj
 0001:0000c270       _UI_ShowPostGame           4000d270 f   ui_main.obj
 0001:0000c2b0       _UI_Load                   4000d2b0 f   ui_main.obj
 0001:0000c9f0       __UI_Refresh               4000d9f0 f   ui_main.obj
 0001:0000cba0       _UI_RunMenuScript          4000dba0 f   ui_main.obj
 0001:00010a40       __UI_Init                  40011a40 f   ui_main.obj
 0001:00010fd0       _vmMain                    40011fd0 f   ui_main.obj
 0001:000110e0       _RestoreYcoords            400120e0 f   ui_shared.obj
 0001:00011170       _BackupYcoords             40012170 f   ui_shared.obj
 0001:000111f0       _Cui_WideRect              400121f0 f   ui_shared.obj
 0001:00011270       _Cui_WideX                 40012270 f   ui_shared.obj
 0001:000112c0       _Cui_WideXoffset           400122c0 f   ui_shared.obj
 0001:00011320       _Tooltip_Initialize        40012320 f   ui_shared.obj
 0001:000113d0       _Tooltip_ComputePosition   400123d0 f   ui_shared.obj
 0001:000114f0       _UI_Alloc                  400124f0 f   ui_shared.obj
 0001:00011550       _UI_InitMemory             40012550 f   ui_shared.obj
 0001:00011560       _UI_OutOfMemory            40012560 f   ui_shared.obj
 0001:000115b0       _String_Alloc              400125b0 f   ui_shared.obj
 0001:000116b0       _String_Report             400126b0 f   ui_shared.obj
 0001:00011750       _LerpColor                 40012750 f   ui_shared.obj
 0001:00011860       _Float_Parse               40012860 f   ui_shared.obj
 0001:000118a0       _Color_Parse               400128a0 f   ui_shared.obj
 0001:000118f0       _Int_Parse                 400128f0 f   ui_shared.obj
 0001:00011930       _Rect_Parse                40012930 f   ui_shared.obj
 0001:00011990       _String_Parse              40012990 f   ui_shared.obj
 0001:000119d0       _PC_Char_Parse             400129d0 f   ui_shared.obj
 0001:00011a10       _PC_Script_Parse           40012a10 f   ui_shared.obj
 0001:00011b40       _Init_Display              40012b40 f   ui_shared.obj
 0001:00011b50       _GradientBar_Paint         40012b50 f   ui_shared.obj
 0001:00011bb0       _Window_Init               40012bb0 f   ui_shared.obj
 0001:00011bf0       _Fade                      40012bf0 f   ui_shared.obj
 0001:00011c70       _Window_Paint              40012c70 f   ui_shared.obj
 0001:000120d0       _Item_SetScreenCoords      400130d0 f   ui_shared.obj
 0001:00012180       _Item_UpdatePosition       40013180 f   ui_shared.obj
 0001:000121b0       _Menu_UpdatePosition       400131b0 f   ui_shared.obj
 0001:000123e0       _Menu_PostParse            400133e0 f   ui_shared.obj
 0001:00012420       _IsVisible                 40013420 f   ui_shared.obj
 0001:00012440       _Rect_ContainsPoint        40013440 f   ui_shared.obj
 0001:000124b0       _Menu_ItemsMatchingGroup   400134b0 f   ui_shared.obj
 0001:00012570       _Menu_GetMatchingItemByNumber 40013570 f   ui_shared.obj
 0001:00012670       _Script_SetColor           40013670 f   ui_shared.obj
 0001:00012730       _Script_SetAsset           40013730 f   ui_shared.obj
 0001:00012750       _Script_SetBackground      40013750 f   ui_shared.obj
 0001:00012790       _Menu_FindItemByName       40013790 f   ui_shared.obj
 0001:000127f0       _Script_SetTeamColor       400137f0 f   ui_shared.obj
 0001:00012840       _Script_SetItemColor       40013840 f   ui_shared.obj
 0001:00012960       _Menu_FadeItemByName       40013960 f   ui_shared.obj
 0001:000129c0       _Menus_FindByName          400139c0 f   ui_shared.obj
 0001:00012a10       _Script_FadeIn             40013a10 f   ui_shared.obj
 0001:00012a50       _Script_FadeOut            40013a50 f   ui_shared.obj
 0001:00012a90       _Menu_FadeMenuByName       40013a90 f   ui_shared.obj
 0001:00012af0       _Script_FadeInMenu         40013af0 f   ui_shared.obj
 0001:00012b30       _Script_FadeOutMenu        40013b30 f   ui_shared.obj
 0001:00012b70       _Script_Clipboard          40013b70 f   ui_shared.obj
 0001:00012b70       _Script_NotebookShowpage   40013b70 f   ui_shared.obj
 0001:00012b80       _Menu_TransitionItemByName 40013b80 f   ui_shared.obj
 0001:00012c90       _Script_Transition         40013c90 f   ui_shared.obj
 0001:00012d70       _Menu_OrbitItemByName      40013d70 f   ui_shared.obj
 0001:00012de0       _Script_Orbit              40013de0 f   ui_shared.obj
 0001:00012eb0       _Script_SetPlayerModel     40013eb0 f   ui_shared.obj
 0001:00012ef0       _Script_SetPlayerHead      40013ef0 f   ui_shared.obj
 0001:00012f30       _Script_ClearCvar          40013f30 f   ui_shared.obj
 0001:00012f70       _Script_SetCvar            40013f70 f   ui_shared.obj
 0001:00012fc0       _Script_ToggleCvarBit      40013fc0 f   ui_shared.obj
 0001:00013050       _Script_CopyCvar           40014050 f   ui_shared.obj
 0001:000130c0       _Script_Exec               400140c0 f   ui_shared.obj
 0001:00013110       _Script_ExecNOW            40014110 f   ui_shared.obj
 0001:00013160       _Script_Play               40014160 f   ui_shared.obj
 0001:000131b0       _Script_playLooped         400141b0 f   ui_shared.obj
 0001:00013200       _Script_AddListItem        40014200 f   ui_shared.obj
 0001:000132b0       _Script_CheckAutoUpdate    400142b0 f   ui_shared.obj
 0001:000132c0       _Script_GetAutoUpdate      400142c0 f   ui_shared.obj
 0001:000132d0       _FileExists                400142d0 f   ui_shared.obj
 0001:00013320       _Script_CheckProfile       40014320 f   ui_shared.obj
 0001:000133c0       _Script_WriteProfile       400143c0 f   ui_shared.obj
 0001:00013470       _Script_ExecWolfConfig     40014470 f   ui_shared.obj
 0001:00013680       _Script_Abort              40014680 f   ui_shared.obj
 0001:00013690       _Item_RunScript            40014690 f   ui_shared.obj
 0001:000137b0       _Item_EnableShowViaCvar    400147b0 f   ui_shared.obj
 0001:000138f0       _Item_SettingShow          400148f0 f   ui_shared.obj
 0001:000139b0       _Item_ListBox_MaxScroll    400149b0 f   ui_shared.obj
 0001:00013a10       _Item_ListBox_ThumbPosition 40014a10 f   ui_shared.obj
 0001:00013ae0       _Item_ListBox_ThumbDrawPosition 40014ae0 f   ui_shared.obj
 0001:00013bd0       _Item_Slider_ThumbPosition 40014bd0 f   ui_shared.obj
 0001:00013c90       _Item_Slider_OverSlider    40014c90 f   ui_shared.obj
 0001:00013cf0       _Item_ListBox_OverLB       40014cf0 f   ui_shared.obj
 0001:00014000       _Item_ListBox_MouseEnter   40015000 f   ui_shared.obj
 0001:00014140       _Item_MouseEnter           40015140 f   ui_shared.obj
 0001:000142c0       _Item_MouseLeave           400152c0 f   ui_shared.obj
 0001:00014310       _Item_SetMouseOver         40015310 f   ui_shared.obj
 0001:00014330       _Item_OwnerDraw_HandleKey  40015330 f   ui_shared.obj
 0001:00014370       _Item_CheckBox_HandleKey   40015370 f   ui_shared.obj
 0001:00014460       _Item_YesNo_HandleKey      40015460 f   ui_shared.obj
 0001:00014520       _Item_Multi_CountSettings  40015520 f   ui_shared.obj
 0001:00014540       _Item_Multi_FindCvarByValue 40015540 f   ui_shared.obj
 0001:00014600       _Item_Multi_Setting        40015600 f   ui_shared.obj
 0001:000146e0       _Item_Multi_HandleKey      400156e0 f   ui_shared.obj
 0001:00014920       _Item_Slider_HandleKey     40015920 f   ui_shared.obj
 0001:00014a80       _Item_Action               40015a80 f   ui_shared.obj
 0001:00014b60       _Menus_Activate            40015b60 f   ui_shared.obj
 0001:00014c00       _Menus_CaptureFuncActive   40015c00 f   ui_shared.obj
 0001:00014c10       _Display_VisibleMenuCount  40015c10 f   ui_shared.obj
 0001:00014cc0       _ToWindowCoords            40015cc0 f   ui_shared.obj
 0001:00014ce0       _Item_SetTextExtents       40015ce0 f   ui_shared.obj
 0001:00014ee0       _Item_TextColor            40015ee0 f   ui_shared.obj
 0001:000150e0       _Item_Text_AutoWrapped_Paint 400160e0 f   ui_shared.obj
 0001:00015310       _Item_Text_Wrapped_Paint   40016310 f   ui_shared.obj
 0001:00015480       _Controls_GetConfig        40016480 f   ui_shared.obj
 0001:000154c0       _Controls_SetConfig        400164c0 f   ui_shared.obj
 0001:00015540       _Controls_SetDefaults      40016540 f   ui_shared.obj
 0001:000155c0       _BindingIDFromName         400165c0 f   ui_shared.obj
 0001:00015600       _BindingFromName           40016600 f   ui_shared.obj
 0001:000156e0       _Display_KeyBindPending    400166e0 f   ui_shared.obj
 0001:000156f0       _Item_Bind_HandleKey       400166f0 f   ui_shared.obj
 0001:00015ab0       _AdjustFrom640             40016ab0 f   ui_shared.obj
 0001:00015b40       _Item_Model_Paint          40016b40 f   ui_shared.obj
 0001:00015e50       _Item_ListBox_Paint        40016e50 f   ui_shared.obj
 0001:00016750       _Menu_Init                 40017750 f   ui_shared.obj
 0001:000167c0       _Menu_GetFocused           400177c0 f   ui_shared.obj
 0001:00016800       _Menu_SetFeederSelection   40017800 f   ui_shared.obj
 0001:000168d0       _Menus_AnyFullScreenVisible 400178d0 f   ui_shared.obj
 0001:00016900       _Menus_ActivateByName      40017900 f   ui_shared.obj
 0001:000169c0       _Item_Init                 400179c0 f   ui_shared.obj
 0001:00016a00       _Item_ValidateTypeData     40017a00 f   ui_shared.obj
 0001:00016af0       _Item_ValidateTooltipData  40017af0 f   ui_shared.obj
 0001:00016b40       _KeywordHash_Key           40017b40 f   ui_shared.obj
 0001:00016b90       _KeywordHash_Add           40017b90 f   ui_shared.obj
 0001:00016bc0       _KeywordHash_Find          40017bc0 f   ui_shared.obj
 0001:00016c10       _ItemParse_name            40017c10 f   ui_shared.obj
 0001:00016c10       _MenuParse_name            40017c10 f   ui_shared.obj
 0001:00016c30       _ItemParse_focusSound      40017c30 f   ui_shared.obj
 0001:00016c80       _ItemParse_text            40017c80 f   ui_shared.obj
 0001:00016ca0       _ItemParse_textfile        40017ca0 f   ui_shared.obj
 0001:00016d00       _ItemParse_group           40017d00 f   ui_shared.obj
 0001:00016d20       _ItemParse_asset_model     40017d20 f   ui_shared.obj
 0001:00016d80       _ItemParse_asset_shader    40017d80 f   ui_shared.obj
 0001:00016dd0       _ItemParse_model_origin    40017dd0 f   ui_shared.obj
 0001:00016e30       _ItemParse_elementwidth    40017e30 f   ui_shared.obj
 0001:00016e30       _ItemParse_model_fovx      40017e30 f   ui_shared.obj
 0001:00016e60       _ItemParse_model_rotation  40017e60 f   ui_shared.obj
 0001:00016e90       _ItemParse_model_angle     40017e90 f   ui_shared.obj
 0001:00016ec0       _ItemParse_model_animplay  40017ec0 f   ui_shared.obj
 0001:00016f60       _ItemParse_origin          40017f60 f   ui_shared.obj
 0001:00016fc0       _ItemParse_style           40017fc0 f   ui_shared.obj
 0001:00016fe0       _ItemParse_decoration      40017fe0 f   ui_shared.obj
 0001:00017000       _ItemParse_textasint       40018000 f   ui_shared.obj
 0001:00017020       _ItemParse_textasfloat     40018020 f   ui_shared.obj
 0001:00017040       _ItemParse_notselectable   40018040 f   ui_shared.obj
 0001:00017080       _ItemParse_wrapped         40018080 f   ui_shared.obj
 0001:000170a0       _ItemParse_autowrapped     400180a0 f   ui_shared.obj
 0001:000170c0       _ItemParse_bitflag         400180c0 f   ui_shared.obj
 0001:000170e0       _ItemParse_horizontalscroll 400180e0 f   ui_shared.obj
 0001:00017100       _ItemParse_type            40018100 f   ui_shared.obj
 0001:00017140       _ItemParse_elementheight   40018140 f   ui_shared.obj
 0001:00017140       _ItemParse_model_fovy      40018140 f   ui_shared.obj
 0001:00017170       _ItemParse_elementtype     40018170 f   ui_shared.obj
 0001:000171b0       _ItemParse_columns         400181b0 f   ui_shared.obj
 0001:00017280       _MenuParse_border          40018280 f   ui_shared.obj
 0001:00017280       _ItemParse_border          40018280 f   ui_shared.obj
 0001:000172a0       _MenuParse_borderSize      400182a0 f   ui_shared.obj
 0001:000172a0       _ItemParse_bordersize      400182a0 f   ui_shared.obj
 0001:000172c0       _ItemParse_ownerdraw       400182c0 f   ui_shared.obj
 0001:000172f0       _ItemParse_textalign       400182f0 f   ui_shared.obj
 0001:00017310       _ItemParse_textaligny      40018310 f   ui_shared.obj
 0001:00017330       _ItemParse_textscale       40018330 f   ui_shared.obj
 0001:00017350       _ItemParse_textstyle       40018350 f   ui_shared.obj
 0001:00017370       _ItemParse_textfont        40018370 f   ui_shared.obj
 0001:00017390       _MenuParse_backcolor       40018390 f   ui_shared.obj
 0001:00017390       _ItemParse_backcolor       40018390 f   ui_shared.obj
 0001:000173f0       _ItemParse_outlinecolor    400183f0 f   ui_shared.obj
 0001:000173f0       _MenuParse_outlinecolor    400183f0 f   ui_shared.obj
 0001:00017410       _ItemParse_background      40018410 f   ui_shared.obj
 0001:00017410       _MenuParse_background      40018410 f   ui_shared.obj
 0001:00017460       _MenuParse_cinematic       40018460 f   ui_shared.obj
 0001:00017460       _ItemParse_cinematic       40018460 f   ui_shared.obj
 0001:00017480       _ItemParse_doubleClick     40018480 f   ui_shared.obj
 0001:000174c0       _ItemParse_onEsc           400184c0 f   ui_shared.obj
 0001:000174e0       _ItemParse_onEnter         400184e0 f   ui_shared.obj
 0001:00017500       _ItemParse_contextMenu     40018500 f   ui_shared.obj
 0001:00017540       _ItemParse_onFocus         40018540 f   ui_shared.obj
 0001:00017560       _ItemParse_leaveFocus      40018560 f   ui_shared.obj
 0001:00017580       _ItemParse_mouseEnter      40018580 f   ui_shared.obj
 0001:000175a0       _ItemParse_mouseExit       400185a0 f   ui_shared.obj
 0001:000175c0       _ItemParse_mouseEnterText  400185c0 f   ui_shared.obj
 0001:000175e0       _ItemParse_mouseExitText   400185e0 f   ui_shared.obj
 0001:00017600       _ItemParse_action          40018600 f   ui_shared.obj
 0001:00017620       _ItemParse_accept          40018620 f   ui_shared.obj
 0001:00017640       _ItemParse_feeder          40018640 f   ui_shared.obj
 0001:00017640       _ItemParse_special         40018640 f   ui_shared.obj
 0001:00017660       _ItemParse_cvarTest        40018660 f   ui_shared.obj
 0001:00017680       _ItemParse_cvar            40018680 f   ui_shared.obj
 0001:000176e0       _ItemParse_maxChars        400186e0 f   ui_shared.obj
 0001:00017740       _ItemParse_maxPaintChars   40018740 f   ui_shared.obj
 0001:000177a0       _ItemParse_cvarFloat       400187a0 f   ui_shared.obj
 0001:00017820       _ItemParse_cvarStrList     40018820 f   ui_shared.obj
 0001:00017950       _ItemParse_cvarFloatList   40018950 f   ui_shared.obj
 0001:00017a50       _ItemParse_cvarListUndefined 40018a50 f   ui_shared.obj
 0001:00017ac0       _ParseColorRange           40018ac0 f   ui_shared.obj
 0001:00017b80       _ItemParse_addColorRangeRel 40018b80 f   ui_shared.obj
 0001:00017ba0       _ItemParse_addColorRange   40018ba0 f   ui_shared.obj
 0001:00017bc0       _ItemParse_ownerdrawFlag   40018bc0 f   ui_shared.obj
 0001:00017bc0       _MenuParse_ownerdrawFlag   40018bc0 f   ui_shared.obj
 0001:00017c00       _ItemParse_enableCvar      40018c00 f   ui_shared.obj
 0001:00017c40       _ItemParse_disableCvar     40018c40 f   ui_shared.obj
 0001:00017c80       _ItemParse_noToggle        40018c80 f   ui_shared.obj
 0001:00017ca0       _ItemParse_showCvar        40018ca0 f   ui_shared.obj
 0001:00017ce0       _ItemParse_hideCvar        40018ce0 f   ui_shared.obj
 0001:00017d20       _ItemParse_execKey         40018d20 f   ui_shared.obj
 0001:00017d70       _ItemParse_settingDisabled 40018d70 f   ui_shared.obj
 0001:00017da0       _ItemParse_settingEnabled  40018da0 f   ui_shared.obj
 0001:00017dd0       _ItemParse_tooltip         40018dd0 f   ui_shared.obj
 0001:00017e10       _ItemParse_tooltipalignx   40018e10 f   ui_shared.obj
 0001:00017e50       _ItemParse_tooltipaligny   40018e50 f   ui_shared.obj
 0001:00017e90       _ItemParse_voteFlag        40018e90 f   ui_shared.obj
 0001:00017eb0       _Item_SetupKeywordHash     40018eb0 f   ui_shared.obj
 0001:00017f00       _Item_Parse                40018f00 f   ui_shared.obj
 0001:00017ff0       _Item_InitControls         40018ff0 f   ui_shared.obj
 0001:00018030       _MenuParse_fullscreen      40019030 f   ui_shared.obj
 0001:00018050       _MenuParse_style           40019050 f   ui_shared.obj
 0001:000180a0       _ItemParse_visible         400190a0 f   ui_shared.obj
 0001:000180a0       _MenuParse_visible         400190a0 f   ui_shared.obj
 0001:000180e0       _MenuParse_onOpen          400190e0 f   ui_shared.obj
 0001:00018100       _MenuParse_onClose         40019100 f   ui_shared.obj
 0001:00018120       _MenuParse_onESC           40019120 f   ui_shared.obj
 0001:00018140       _MenuParse_onEnter         40019140 f   ui_shared.obj
 0001:00018160       _MenuParse_onTimeout       40019160 f   ui_shared.obj
 0001:000181a0       _ItemParse_forecolor       400191a0 f   ui_shared.obj
 0001:000181a0       _MenuParse_forecolor       400191a0 f   ui_shared.obj
 0001:00018200       _ItemParse_bordercolor     40019200 f   ui_shared.obj
 0001:00018200       _MenuParse_bordercolor     40019200 f   ui_shared.obj
 0001:00018260       _MenuParse_focuscolor      40019260 f   ui_shared.obj
 0001:000182c0       _MenuParse_disablecolor    400192c0 f   ui_shared.obj
 0001:00018320       _MenuParse_ownerdraw       40019320 f   ui_shared.obj
 0001:00018340       _MenuParse_popup           40019340 f   ui_shared.obj
 0001:00018360       _MenuParse_outOfBounds     40019360 f   ui_shared.obj
 0001:00018380       _MenuParse_soundLoop       40019380 f   ui_shared.obj
 0001:000183a0       _MenuParse_fadeClamp       400193a0 f   ui_shared.obj
 0001:000183c0       _ItemParse_textalignx      400193c0 f   ui_shared.obj
 0001:000183c0       _MenuParse_fadeAmount      400193c0 f   ui_shared.obj
 0001:000183e0       _MenuParse_fadeCycle       400193e0 f   ui_shared.obj
 0001:000183e0       _ItemParse_align           400193e0 f   ui_shared.obj
 0001:00018400       _MenuParse_itemDef         40019400 f   ui_shared.obj
 0001:000184f0       _MenuParse_execKey         400194f0 f   ui_shared.obj
 0001:00018540       _MenuParse_execKeyInt      40019540 f   ui_shared.obj
 0001:00018590       _MenuParse_drawAlwaysOnTop 40019590 f   ui_shared.obj
 0001:000185b0       _MenuParse_itemHotkeyMode  400195b0 f   ui_shared.obj
 0001:000185d0       _MenuParse_modal           400195d0 f   ui_shared.obj
 0001:000185f0       _Menu_SetupKeywordHash     400195f0 f   ui_shared.obj
 0001:00018640       _Menu_Parse                40019640 f   ui_shared.obj
 0001:00018750       _Menu_New                  40019750 f   ui_shared.obj
 0001:000187a0       _Menu_Count                400197a0 f   ui_shared.obj
 0001:000187b0       _Menu_Get                  400197b0 f   ui_shared.obj
 0001:000187e0       _Menu_Reset                400197e0 f   ui_shared.obj
 0001:000188a0       _Display_CacheAll          400198a0 f   ui_shared.obj
 0001:000189a0       _PC_Rect_Parse             400199a0 f   ui_shared.obj
 0001:00018a00       _BG_RectContainsPoint      40019a00 f   ui_shared.obj
 0001:00018a50       _BG_CursorInRect           40019a50 f   ui_shared.obj
 0001:00018aa0       _BG_PanelButtonsSetup      40019aa0 f   ui_shared.obj
 0001:00018ad0       _C_PanelButtonsSetup       40019ad0 f   ui_shared.obj
 0001:00018b10       _BG_PanelButtonsRender     40019b10 f   ui_shared.obj
 0001:00018b40       _BG_PanelButtonsRender_TextExt 40019b40 f   ui_shared.obj
 0001:00018cc0       _BG_PanelButtonsRender_Text 40019cc0 f   ui_shared.obj
 0001:00018ce0       _BG_PanelButtonsRender_Img 40019ce0 f   ui_shared.obj
 0001:00018dc0       _BG_FitTextToWidth_Ext     40019dc0 f   ui_shared.obj
 0001:00018ea0       _String_Init               40019ea0 f   ui_shared.obj
 0001:00018f00       _Menu_ClearFocus           40019f00 f   ui_shared.obj
 0001:00018f90       _Script_SetMenuItemColor   40019f90 f   ui_shared.obj
 0001:000190d0       _Menu_ShowItemByName       4001a0d0 f   ui_shared.obj
 0001:00019160       _Menus_OpenByName          4001a160 f   ui_shared.obj
 0001:000191c0       _Menus_CloseByName         4001a1c0 f   ui_shared.obj
 0001:00019280       _Menus_CloseAll            4001a280 f   ui_shared.obj
 0001:000192b0       _Script_Show               4001a2b0 f   ui_shared.obj
 0001:000192f0       _Script_Hide               4001a2f0 f   ui_shared.obj
 0001:00019330       _Script_Open               4001a330 f   ui_shared.obj
 0001:00019360       _Script_ConditionalOpen    4001a360 f   ui_shared.obj
 0001:00019440       _Script_ConditionalScript  4001a440 f   ui_shared.obj
 0001:00019d60       _Script_Close              4001ad60 f   ui_shared.obj
 0001:00019d90       _Script_CloseAll           4001ad90 f   ui_shared.obj
 0001:00019da0       _Script_CloseAllOtherMenus 4001ada0 f   ui_shared.obj
 0001:00019df0       _Script_SetFocus           4001adf0 f   ui_shared.obj
 0001:00019e80       _Script_ClearFocus         4001ae80 f   ui_shared.obj
 0001:00019ea0       _Script_SetMenuFocus       4001aea0 f   ui_shared.obj
 0001:00019ef0       _Script_SetEditFocus       4001aef0 f   ui_shared.obj
 0001:00019fc0       _Item_SetFocus             4001afc0 f   ui_shared.obj
 0001:0001a190       _Item_ListBox_HandleKey    4001b190 f   ui_shared.obj
 0001:0001a8c0       _Item_StartCapture         4001b8c0 f   ui_shared.obj
 0001:0001aa30       _Item_HandleKey            4001ba30 f   ui_shared.obj
 0001:0001aba0       _Item_Text_Paint           4001bba0 f   ui_shared.obj
 0001:0001aed0       _Item_TextField_Paint      4001bed0 f   ui_shared.obj
 0001:0001b190       _Item_CheckBox_Paint       4001c190 f   ui_shared.obj
 0001:0001b470       _Item_YesNo_Paint          4001c470 f   ui_shared.obj
 0001:0001b670       _Item_Multi_Paint          4001c670 f   ui_shared.obj
 0001:0001b800       _Item_Slider_Paint         4001c800 f   ui_shared.obj
 0001:0001b9c0       _Item_Bind_Paint           4001c9c0 f   ui_shared.obj
 0001:0001bc10       _Item_OwnerDraw_Paint      4001cc10 f   ui_shared.obj
 0001:0001c030       _Item_Paint                4001d030 f   ui_shared.obj
 0001:0001c4c0       _Menu_HandleMouseMove      4001d4c0 f   ui_shared.obj
 0001:0001c6f0       _Menu_Paint                4001d6f0 f   ui_shared.obj
 0001:0001cbc0       _ItemParse_rect            4001dbc0 f   ui_shared.obj
 0001:0001cbe0       _MenuParse_rect            4001dbe0 f   ui_shared.obj
 0001:0001cc00       _Menu_PaintAll             4001dc00 f   ui_shared.obj
 0001:0001cd70       _Display_MouseMove         4001dd70 f   ui_shared.obj
 0001:0001ce30       _Menu_SetPrevCursorItem    4001de30 f   ui_shared.obj
 0001:0001cf20       _Menu_SetNextCursorItem    4001df20 f   ui_shared.obj
 0001:0001d030       _Menus_HandleOOBClick      4001e030 f   ui_shared.obj
 0001:0001d130       _Item_TextField_HandleKey  4001e130 f   ui_shared.obj
 0001:0001d590       _Menu_HandleKey            4001e590 f   ui_shared.obj
 0001:0001db10       _dllEntry                  4001eb10 f   ui_syscalls.obj
 0001:0001db20       _PASSFLOAT                 4001eb20 f   ui_syscalls.obj
 0001:0001db30       _trap_Print                4001eb30 f   ui_syscalls.obj
 0001:0001db50       _trap_Error                4001eb50 f   ui_syscalls.obj
 0001:0001db70       _trap_Milliseconds         4001eb70 f   ui_syscalls.obj
 0001:0001db80       _trap_Cvar_Register        4001eb80 f   ui_syscalls.obj
 0001:0001dba0       _trap_Cvar_Update          4001eba0 f   ui_syscalls.obj
 0001:0001dbc0       _trap_Cvar_Set             4001ebc0 f   ui_syscalls.obj
 0001:0001dbe0       _trap_Cvar_VariableValue   4001ebe0 f   ui_syscalls.obj
 0001:0001dc00       _trap_Cvar_VariableStringBuffer 4001ec00 f   ui_syscalls.obj
 0001:0001dc20       _trap_Cvar_SetValue        4001ec20 f   ui_syscalls.obj
 0001:0001dc50       _trap_Argv                 4001ec50 f   ui_syscalls.obj
 0001:0001dc70       _trap_Cmd_ExecuteText      4001ec70 f   ui_syscalls.obj
 0001:0001dc90       _trap_AddCommand           4001ec90 f   ui_syscalls.obj
 0001:0001dcb0       _trap_FS_FOpenFile         4001ecb0 f   ui_syscalls.obj
 0001:0001dcd0       _trap_FS_Read              4001ecd0 f   ui_syscalls.obj
 0001:0001dcf0       _trap_FS_Write             4001ecf0 f   ui_syscalls.obj
 0001:0001dd10       _trap_FS_FCloseFile        4001ed10 f   ui_syscalls.obj
 0001:0001dd30       _trap_FS_GetFileList       4001ed30 f   ui_syscalls.obj
 0001:0001dd50       _trap_FS_Delete            4001ed50 f   ui_syscalls.obj
 0001:0001dd70       _trap_R_RegisterModel      4001ed70 f   ui_syscalls.obj
 0001:0001dd90       _trap_R_RegisterShaderNoMip 4001ed90 f   ui_syscalls.obj
 0001:0001ddb0       _trap_R_RegisterFont       4001edb0 f   ui_syscalls.obj
 0001:0001ddd0       _trap_R_ClearScene         4001edd0 f   ui_syscalls.obj
 0001:0001dde0       _trap_R_AddRefEntityToScene 4001ede0 f   ui_syscalls.obj
 0001:0001de00       _trap_R_RenderScene        4001ee00 f   ui_syscalls.obj
 0001:0001de20       _trap_R_SetColor           4001ee20 f   ui_syscalls.obj
 0001:0001de40       _trap_R_Add2dPolys         4001ee40 f   ui_syscalls.obj
 0001:0001de60       _trap_R_DrawStretchPic     4001ee60 f   ui_syscalls.obj
 0001:0001df00       _trap_R_ModelBounds        4001ef00 f   ui_syscalls.obj
 0001:0001df20       _trap_UpdateScreen         4001ef20 f   ui_syscalls.obj
 0001:0001df30       _trap_S_StartLocalSound    4001ef30 f   ui_syscalls.obj
 0001:0001df50       _trap_S_RegisterSound      4001ef50 f   ui_syscalls.obj
 0001:0001df70       _trap_S_FadeAllSound       4001ef70 f   ui_syscalls.obj
 0001:0001dfa0       _trap_Key_KeynumToStringBuf 4001efa0 f   ui_syscalls.obj
 0001:0001dfc0       _trap_Key_GetBindingBuf    4001efc0 f   ui_syscalls.obj
 0001:0001dfe0       _trap_Key_KeysForBinding   4001efe0 f   ui_syscalls.obj
 0001:0001e000       _trap_Key_SetBinding       4001f000 f   ui_syscalls.obj
 0001:0001e020       _trap_Key_IsDown           4001f020 f   ui_syscalls.obj
 0001:0001e040       _trap_Key_GetOverstrikeMode 4001f040 f   ui_syscalls.obj
 0001:0001e050       _trap_Key_SetOverstrikeMode 4001f050 f   ui_syscalls.obj
 0001:0001e070       _trap_Key_ClearStates      4001f070 f   ui_syscalls.obj
 0001:0001e080       _trap_Key_GetCatcher       4001f080 f   ui_syscalls.obj
 0001:0001e090       _trap_Key_SetCatcher       4001f090 f   ui_syscalls.obj
 0001:0001e0b0       _trap_GetClientState       4001f0b0 f   ui_syscalls.obj
 0001:0001e0d0       _trap_GetGlconfig          4001f0d0 f   ui_syscalls.obj
 0001:0001e0f0       _trap_GetConfigString      4001f0f0 f   ui_syscalls.obj
 0001:0001e110       _trap_LAN_UpdateVisiblePings 4001f110 f   ui_syscalls.obj
 0001:0001e130       _trap_LAN_GetServerCount   4001f130 f   ui_syscalls.obj
 0001:0001e150       _trap_LAN_CompareServers   4001f150 f   ui_syscalls.obj
 0001:0001e180       _trap_LAN_GetServerAddressString 4001f180 f   ui_syscalls.obj
 0001:0001e1a0       _trap_LAN_GetServerInfo    4001f1a0 f   ui_syscalls.obj
 0001:0001e1c0       _trap_LAN_AddServer        4001f1c0 f   ui_syscalls.obj
 0001:0001e1e0       _trap_LAN_RemoveServer     4001f1e0 f   ui_syscalls.obj
 0001:0001e200       _trap_LAN_GetServerPing    4001f200 f   ui_syscalls.obj
 0001:0001e220       _trap_LAN_ServerIsVisible  4001f220 f   ui_syscalls.obj
 0001:0001e240       _trap_LAN_ServerStatus     4001f240 f   ui_syscalls.obj
 0001:0001e260       _trap_LAN_ServerIsInFavoriteList 4001f260 f   ui_syscalls.obj
 0001:0001e280       _trap_LAN_SaveCachedServers 4001f280 f   ui_syscalls.obj
 0001:0001e290       _trap_LAN_LoadCachedServers 4001f290 f   ui_syscalls.obj
 0001:0001e2a0       _trap_LAN_MarkServerVisible 4001f2a0 f   ui_syscalls.obj
 0001:0001e2c0       _trap_SetPbClStatus        4001f2c0 f   ui_syscalls.obj
 0001:0001e2e0       _trap_SetPbSvStatus        4001f2e0 f   ui_syscalls.obj
 0001:0001e300       _trap_LAN_ResetPings       4001f300 f   ui_syscalls.obj
 0001:0001e320       _trap_GetCDKey             4001f320 f   ui_syscalls.obj
 0001:0001e340       _trap_SetCDKey             4001f340 f   ui_syscalls.obj
 0001:0001e360       _trap_PC_AddGlobalDefine   4001f360 f   ui_syscalls.obj
 0001:0001e380       _trap_PC_RemoveAllGlobalDefines 4001f380 f   ui_syscalls.obj
 0001:0001e390       _trap_PC_LoadSource        4001f390 f   ui_syscalls.obj
 0001:0001e3b0       _trap_PC_FreeSource        4001f3b0 f   ui_syscalls.obj
 0001:0001e3d0       _trap_PC_ReadToken         4001f3d0 f   ui_syscalls.obj
 0001:0001e3f0       _trap_PC_SourceFileAndLine 4001f3f0 f   ui_syscalls.obj
 0001:0001e410       _trap_S_StopBackgroundTrack 4001f410 f   ui_syscalls.obj
 0001:0001e420       _trap_S_StartBackgroundTrack 4001f420 f   ui_syscalls.obj
 0001:0001e440       _trap_RealTime             4001f440 f   ui_syscalls.obj
 0001:0001e460       _trap_CIN_PlayCinematic    4001f460 f   ui_syscalls.obj
 0001:0001e490       _trap_CIN_StopCinematic    4001f490 f   ui_syscalls.obj
 0001:0001e4b0       _trap_CIN_RunCinematic     4001f4b0 f   ui_syscalls.obj
 0001:0001e4d0       _trap_CIN_DrawCinematic    4001f4d0 f   ui_syscalls.obj
 0001:0001e4f0       _trap_CIN_SetExtents       4001f4f0 f   ui_syscalls.obj
 0001:0001e520       _trap_VerifyCDKey          4001f520 f   ui_syscalls.obj
 0001:0001e540       _trap_TranslateString      4001f540 f   ui_syscalls.obj
 0001:0001e590       _trap_CheckAutoUpdate      4001f590 f   ui_syscalls.obj
 0001:0001e5a0       _trap_GetAutoUpdate        4001f5a0 f   ui_syscalls.obj
 0001:0001e5b0       _trap_openURL              4001f5b0 f   ui_syscalls.obj
 0001:0001e5d0       _trap_GetHunkData          4001f5d0 f   ui_syscalls.obj
 0001:0001e5f0       _memset                    4001f5f0 f   LIBCMT:memset.obj
 0001:0001e670       _strstr                    4001f670 f   LIBCMT:strstr.obj
 0001:0001e6f6       _atol                      4001f6f6 f   LIBCMT:atox.obj
 0001:0001e70c       _atoi                      4001f70c f   LIBCMT:atox.obj
 0001:0001e717       __cfltcvt_init             4001f717 f   LIBCMT:_fpinit_.obj
 0001:0001e777       __fpmath                   4001f777 f   LIBCMT:_fpinit_.obj
 0001:0001e790       __ftol2_sse                4001f790 f   LIBCMT:ftol2.obj
 0001:0001e799       __ftol2_pentium4           4001f799 f   LIBCMT:ftol2.obj
 0001:0001e7ac       __ftol2_sse_excpt          4001f7ac f   LIBCMT:ftol2.obj
 0001:0001e7c6       __ftol2                    4001f7c6 f   LIBCMT:ftol2.obj
 0001:0001e83b       ??0_LocaleUpdate@@QAE@PAUlocaleinfo_struct@@@Z 4001f83b f i LIBCMT:tolower.obj
 0001:0001e8c2       __tolower_l                4001f8c2 f   LIBCMT:tolower.obj
 0001:0001e9d7       _tolower                   4001f9d7 f   LIBCMT:tolower.obj
 0001:0001ea10       __CIsqrt                   4001fa10 f   LIBCMT:_sqrt_.obj
 0001:0001ea24       _sqrt                      4001fa24     LIBCMT:_sqrt_.obj
 0001:0001ead0       _floor                     4001fad0 f   LIBCMT:_floor_pentium4_.obj
 0001:0001eb10       __floor_pentium4           4001fb10 f   LIBCMT:_floor_pentium4_.obj
 0001:0001ec00       _cos                       4001fc00 f   LIBCMT:_cos_.obj
 0001:0001ec40       __CIcos                    4001fc40 f   LIBCMT:_cos_.obj
 0001:0001ec7b       __CIcos_default            4001fc7b f   LIBCMT:_cos_.obj
 0001:0001ec8f       __cos_default              4001fc8f     LIBCMT:_cos_.obj
 0001:0001ed29       __vsnprintf_l              4001fd29 f   LIBCMT:vsnprint.obj
 0001:0001edd5       __vsnprintf                4001fdd5 f   LIBCMT:vsnprint.obj
 0001:0001ee00       _sin                       4001fe00 f   LIBCMT:_sin_.obj
 0001:0001ee40       __CIsin                    4001fe40 f   LIBCMT:_sin_.obj
 0001:0001ee7b       __CIsin_default            4001fe7b f   LIBCMT:_sin_.obj
 0001:0001ee8f       __sin_default              4001fe8f     LIBCMT:_sin_.obj
 0001:0001ef30       _atan                      4001ff30 f   LIBCMT:_atan_.obj
 0001:0001ef70       __CIatan                   4001ff70 f   LIBCMT:_atan_.obj
 0001:0001efab       __CIatan_default           4001ffab f   LIBCMT:_atan_.obj
 0001:0001efbf       __atan_default             4001ffbf     LIBCMT:_atan_.obj
 0001:0001f050       _atan2                     40020050 f   LIBCMT:_87ctriga_.obj
 0001:0001f05a       __CIatan2                  4002005a f   LIBCMT:_87ctriga_.obj
 0001:0001f070       _strncpy                   40020070 f   LIBCMT:strncpy.obj
 0001:0001f194       __vsprintf_l               40020194 f   LIBCMT:vsprintf.obj
 0001:0001f218       _vsprintf                  40020218 f   LIBCMT:vsprintf.obj
 0001:0001f240       _memcpy                    40020240 f   LIBCMT:memcpy.obj
 0001:0001f5b0       __chkstk                   400205b0 f   LIBCMT:chkstk.obj
 0001:0001f5b0       __alloca_probe             400205b0     LIBCMT:chkstk.obj
 0001:0001f5e0       _memmove                   400205e0 f   LIBCMT:memmove.obj
 0001:0001f960       _strchr                    40020960 f   LIBCMT:strchr.obj
 0001:0001f966       ___from_strstr_to_strchr   40020966     LIBCMT:strchr.obj
 0001:0001fa1e       __atof_l                   40020a1e f   LIBCMT:atof.obj
 0001:0001fac9       _atof                      40020ac9 f   LIBCMT:atof.obj
 0001:0001fb70       _qsort                     40020b70 f   LIBCMT:qsort.obj
 0001:0001fdfb       __toupper_l                40020dfb f   LIBCMT:toupper.obj
 0001:0001ff11       _toupper                   40020f11 f   LIBCMT:toupper.obj
 0001:0001ff3d       ___crtCorExitProcess       40020f3d f   LIBCMT:crt0dat.obj
 0001:0001ff68       ___crtExitProcess          40020f68 f   LIBCMT:crt0dat.obj
 0001:0001ff80       __lockexit                 40020f80 f   LIBCMT:crt0dat.obj
 0001:0001ff89       __unlockexit               40020f89 f   LIBCMT:crt0dat.obj
 0001:0001ff92       __init_pointers            40020f92 f   LIBCMT:crt0dat.obj
 0001:0001ffc5       __initterm_e               40020fc5 f   LIBCMT:crt0dat.obj
 0001:0001ffe9       __cinit                    40020fe9 f   LIBCMT:crt0dat.obj
 0001:000201c0       _exit                      400211c0 f   LIBCMT:crt0dat.obj
 0001:000201d6       __exit                     400211d6 f   LIBCMT:crt0dat.obj
 0001:000201ec       __cexit                    400211ec f   LIBCMT:crt0dat.obj
 0001:000201fb       __amsg_exit                400211fb f   LIBCMT:crt0dat.obj
 0001:00020219       __CRT_INIT@12              40021219 f   LIBCMT:dllcrt0.obj
 0001:00020473       __DllMainCRTStartup@12     40021473 f   LIBCMT:dllcrt0.obj
 0001:00020496       __VEC_memzero              40021496 f   LIBCMT:p4_memset.obj
 0001:00020550       ___sse2_available_init     40021550 f   LIBCMT:cpu_disp.obj
 0001:0002078b       _strtol                    4002178b f   LIBCMT:strtol.obj
 0001:000207b6       __encoded_null             400217b6 f   LIBCMT:tidtable.obj
 0001:000207bf       ___crtTlsAlloc@4           400217bf f   LIBCMT:tidtable.obj
 0001:000207c8       ___set_flsgetvalue         400217c8 f   LIBCMT:tidtable.obj
 0001:000207fc       __mtterm                   400217fc f   LIBCMT:tidtable.obj
 0001:00020839       __initptd                  40021839 f   LIBCMT:tidtable.obj
 0001:000208ed       __getptd_noexit            400218ed f   LIBCMT:tidtable.obj
 0001:00020966       __getptd                   40021966 f   LIBCMT:tidtable.obj
 0001:00020980       __freefls@4                40021980 f   LIBCMT:tidtable.obj
 0001:00020aaf       __freeptd                  40021aaf f   LIBCMT:tidtable.obj
 0001:00020b1d       __mtinit                   40021b1d f   LIBCMT:tidtable.obj
 0001:00020c98       __forcdecpt_l              40021c98 f   LIBCMT:cvt.obj
 0001:00020d0c       __cropzeros_l              40021d0c f   LIBCMT:cvt.obj
 0001:00020d8e       __positive                 40021d8e f   LIBCMT:cvt.obj
 0001:00020daa       __fassign_l                40021daa f   LIBCMT:cvt.obj
 0001:00020dec       __fassign                  40021dec f   LIBCMT:cvt.obj
 0001:00020e25       __forcdecpt                40021e25 f   LIBCMT:cvt.obj
 0001:00020e38       __cropzeros                40021e38 f   LIBCMT:cvt.obj
 0001:00020fac       __cftoe_l                  40021fac f   LIBCMT:cvt.obj
 0001:00021073       __cftoe                    40022073 f   LIBCMT:cvt.obj
 0001:00021093       __cftoa_l                  40022093 f   LIBCMT:cvt.obj
 0001:0002150c       __cftof_l                  4002250c f   LIBCMT:cvt.obj
 0001:000215cd       __cftog_l                  400225cd f   LIBCMT:cvt.obj
 0001:000216ba       __cfltcvt_l                400226ba f   LIBCMT:cvt.obj
 0001:00021742       __cfltcvt                  40022742 f   LIBCMT:cvt.obj
 0001:00021765       __initp_misc_cfltcvt_tab   40022765 f   LIBCMT:cmiscdat.obj
 0001:00021788       __setdefaultprecision      40022788 f   LIBCMT:fp8.obj
 0001:000219d3       ___updatetmbcinfo          400229d3 f   LIBCMT:mbctype.obj
 0001:00021af3       __setmbcp_nolock           40022af3 f   LIBCMT:mbctype.obj
 0001:00021cdc       __setmbcp                  40022cdc f   LIBCMT:mbctype.obj
 0001:00021e76       ___initmbctable            40022e76 f   LIBCMT:mbctype.obj
 0001:00021e94       ___addlocaleref            40022e94 f   LIBCMT:localref.obj
 0001:00021f23       ___removelocaleref         40022f23 f   LIBCMT:localref.obj
 0001:00021fbc       ___freetlocinfo            40022fbc f   LIBCMT:localref.obj
 0001:00022107       __updatetlocinfoEx_nolock  40023107 f   LIBCMT:localref.obj
 0001:00022154       ___updatetlocinfo          40023154 f   LIBCMT:localref.obj
 0001:000221cd       __freea                    400231cd f i LIBCMT:a_map.obj
 0001:000223d4       ___crtLCMapStringA         400233d4 f   LIBCMT:a_map.obj
 0001:0002241a       __get_errno_from_oserr     4002341a f   LIBCMT:dosmap.obj
 0001:0002245c       __errno                    4002345c f   LIBCMT:dosmap.obj
 0001:0002246f       ___doserrno                4002346f f   LIBCMT:dosmap.obj
 0001:00022482       __dosmaperr                40023482 f   LIBCMT:dosmap.obj
 0001:000224a5       __isleadbyte_l             400234a5 f i LIBCMT:_wctype.obj
 0001:000224dd       _isleadbyte                400234dd f i LIBCMT:_wctype.obj
 0001:000224f0       __isctype_l                400234f0 f   LIBCMT:isctype.obj
 0001:000225b0       __trandisp1                400235b0 f   LIBCMT:_87disp_.obj
 0001:00022617       __trandisp2                40023617 f   LIBCMT:_87disp_.obj
 0001:000226a3       __rttospopde               400236a3     LIBCMT:_87disp_.obj
 0001:000226a8       __rttospop                 400236a8     LIBCMT:_87disp_.obj
 0001:000226aa       __rtnospop                 400236aa     LIBCMT:_87disp_.obj
 0001:000226ac       __rttosnpop                400236ac     LIBCMT:_87disp_.obj
 0001:000226ad       __rtnospopde               400236ad     LIBCMT:_87disp_.obj
 0001:000226b4       __rtzeropop                400236b4     LIBCMT:_87disp_.obj
 0001:000226b6       __rtzeronpop               400236b6     LIBCMT:_87disp_.obj
 0001:000226bb       __rtonepop                 400236bb     LIBCMT:_87disp_.obj
 0001:000226bd       __rtonenpop                400236bd     LIBCMT:_87disp_.obj
 0001:000226c2       __tosnan1                  400236c2     LIBCMT:_87disp_.obj
 0001:000226ed       __nosnan2                  400236ed     LIBCMT:_87disp_.obj
 0001:000226ef       __tosnan2                  400236ef     LIBCMT:_87disp_.obj
 0001:00022717       __nan2                     40023717     LIBCMT:_87disp_.obj
 0001:00022756       __rtindfpop                40023756     LIBCMT:_87disp_.obj
 0001:00022758       __rtindfnpop               40023758     LIBCMT:_87disp_.obj
 0001:00022769       __rttosnpopde              40023769     LIBCMT:_87disp_.obj
 0001:00022773       __rtchsifneg               40023773     LIBCMT:_87disp_.obj
 0001:00022780       __startTwoArgErrorHandling 40023780 f   LIBCMT:_genexcep_.obj
 0001:00022797       __startOneArgErrorHandling 40023797 f   LIBCMT:_genexcep_.obj
 0001:000227e0       __twoToTOS                 400237e0 f   LIBCMT:_common_.obj
 0001:000227f5       __load_CW                  400237f5 f   LIBCMT:_common_.obj
 0001:0002280c       __convertTOStoQNaN         4002380c f   LIBCMT:_common_.obj
 0001:00022825       __fload_withFB             40023825 f   LIBCMT:_common_.obj
 0001:00022868       __checkTOS_withFB          40023868 f   LIBCMT:_common_.obj
 0001:0002287e       __fast_exit                4002387e f   LIBCMT:_common_.obj
 0001:0002288b       __math_exit                4002388b f   LIBCMT:_common_.obj
 0001:000228b5       __check_overflow_exit      400238b5 f   LIBCMT:_common_.obj
 0001:000228c9       __check_range_exit         400238c9 f   LIBCMT:_common_.obj
 0001:0002296c       ___libm_error_support      4002396c f   LIBCMT:_libm_error_.obj
 0001:00022c38       __sse2_mathfcns_init       40023c38 f   LIBCMT:_mathfcns_.obj
 0001:00022c48       __floor_default            40023c48 f   LIBCMT:_floor_.obj
 0001:00022d20       __CIcos_pentium4           40023d20 f   LIBCMT:_cos_pentium4_.obj
 0001:00022d38       __cos_pentium4             40023d38     LIBCMT:_cos_pentium4_.obj
 0001:00022ecc       __flsbuf                   40023ecc f   LIBCMT:_flsbuf.obj
 0001:000230c5       __output_l                 400240c5 f   LIBCMT:output.obj
 0001:00023ccd       __initp_misc_invarg        40024ccd f   LIBCMT:invarg.obj
 0001:00023cdc       __call_reportfault         40024cdc f   LIBCMT:invarg.obj
 0001:00023e05       __invoke_watson            40024e05 f   LIBCMT:invarg.obj
 0001:00023e2a       __invalid_parameter        40024e2a f   LIBCMT:invarg.obj
 0001:00023e57       __invalid_parameter_noinfo 40024e57 f   LIBCMT:invarg.obj
 0001:00023e70       __CIsin_pentium4           40024e70 f   LIBCMT:_sin_pentium4_.obj
 0001:00023e88       __sin_pentium4             40024e88     LIBCMT:_sin_pentium4_.obj
 0001:00024040       __CIatan_pentium4          40025040 f   LIBCMT:_atan_pentium4_.obj
 0001:00024058       __atan_pentium4            40025058     LIBCMT:_atan_pentium4_.obj
 0001:0002434c       __fFATN2                   4002534c     LIBCMT:_87triga_.obj
 0001:0002439c       __rtpiby2                  4002539c     LIBCMT:_87triga_.obj
 0001:000243e0       __cintrindisp2             400253e0 f   LIBCMT:_87cdisp_.obj
 0001:0002441e       __cintrindisp1             4002541e f   LIBCMT:_87cdisp_.obj
 0001:0002445b       __ctrandisp2               4002545b f   LIBCMT:_87cdisp_.obj
 0001:000245ea       __ctrandisp1               400255ea f   LIBCMT:_87cdisp_.obj
 0001:0002461d       __fload                    4002561d f   LIBCMT:_87cdisp_.obj
 0001:00024659       __VEC_memcpy               40025659 f   LIBCMT:p4_memcpy.obj
 0001:0002475c       __fltin2                   4002575c f   LIBCMT:_cfin_.obj
 0001:00024803       @__security_check_cookie@4 40025803 f   LIBCMT:secchk.obj
 0001:00024812       ___strgtold12_l            40025812 f   LIBCMT:_strgtold_.obj
 0001:00024eee       __mtinitlocks              40025eee f   LIBCMT:mlock.obj
 0001:00024f38       __mtdeletelocks            40025f38 f   LIBCMT:mlock.obj
 0001:00024f8f       __unlock                   40025f8f f   LIBCMT:mlock.obj
 0001:00024fa6       __mtinitlocknum            40025fa6 f   LIBCMT:mlock.obj
 0001:00025068       __lock                     40026068 f   LIBCMT:mlock.obj
 0001:0002509b       ?terminate@@YAXXZ          4002609b f   LIBCMT:hooks.obj
 0001:000250d4       __initp_eh_hooks           400260d4 f   LIBCMT:hooks.obj
 0001:000250e5       __initp_misc_winsig        400260e5 f   LIBCMT:winsig.obj
 0001:0002513a       ___get_sigabrt             4002613a f   LIBCMT:winsig.obj
 0001:00025147       _raise                     40026147 f   LIBCMT:winsig.obj
 0001:000252ea       __initp_misc_rand_s        400262ea f   LIBCMT:rand_s.obj
 0001:000252f9       __initp_misc_purevirt      400262f9 f   LIBCMT:inithelp.obj
 0001:00025308       __initp_heap_handler       40026308 f   LIBCMT:handler.obj
 0001:00025317       __callnewh                 40026317 f   LIBCMT:handler.obj
 0001:000253f5       ___onexitinit              400263f5 f   LIBCMT:onexit.obj
 0001:00025426       __onexit                   40026426 f   LIBCMT:onexit.obj
 0001:00025462       _atexit                    40026462 f   LIBCMT:onexit.obj
 0001:00025479       __RTC_Initialize           40026479 f   LIBCMT:_initsect_.obj
 0001:0002549f       __RTC_Terminate            4002649f f   LIBCMT:_initsect_.obj
 0001:000254d0       __ValidateImageBase        400264d0 f   LIBCMT:pesect.obj
 0001:00025510       __FindPESection            40026510 f   LIBCMT:pesect.obj
 0001:00025560       __IsNonwritableInCurrentImage 40026560 f   LIBCMT:pesect.obj
 0001:00025620       __SEH_prolog4              40026620 f   LIBCMT:sehprolg4.obj
 0001:00025665       __SEH_epilog4              40026665 f   LIBCMT:sehprolg4.obj
 0001:00025680       __except_handler4          40026680 f   LIBCMT:chandler4.obj
 0001:0002580f       __GET_RTERRMSG             4002680f f   LIBCMT:crt0msg.obj
 0001:00025835       __NMSG_WRITE               40026835 f   LIBCMT:crt0msg.obj
 0001:000259e4       __FF_MSGBANNER             400269e4 f   LIBCMT:crt0msg.obj
 0001:00025a1d       _free                      40026a1d f   LIBCMT:free.obj
 0001:00025a57       __malloc_crt               40026a57 f   LIBCMT:crtheap.obj
 0001:00025a9c       __calloc_crt               40026a9c f   LIBCMT:crtheap.obj
 0001:00025ae8       __realloc_crt              40026ae8 f   LIBCMT:crtheap.obj
 0001:00025b36       __ioinit                   40026b36 f   LIBCMT:ioinit.obj
 0001:00025d7b       __ioterm                   40026d7b f   LIBCMT:ioinit.obj
 0001:00025dce       __setenvp                  40026dce f   LIBCMT:stdenvp.obj
 0001:00026044       __setargv                  40027044 f   LIBCMT:stdargv.obj
 0001:000260ff       ___crtGetEnvironmentStringsA 400270ff f   LIBCMT:a_env.obj
 0001:00026196       __heap_init                40027196 f   LIBCMT:heapinit.obj
 0001:000261b4       __heap_term                400271b4 f   LIBCMT:heapinit.obj
 0001:000261c8       __XcptFilter               400271c8 f   LIBCMT:winxfltr.obj
 0001:00026312       ___CppXcptFilter           40027312 f   LIBCMT:winxfltr.obj
 0001:00026332       _DllMain@12                40027332 f   LIBCMT:dllmain.obj
 0001:00026338       ___security_init_cookie    40027338 f   LIBCMT:gs_support.obj
 0001:000263e0       __allmul                   400273e0 f   LIBCMT:llmul.obj
 0001:00026420       __aulldvrm                 40027420 f   LIBCMT:ulldvrm.obj
 0001:000264c0       _strrchr                   400274c0 f   LIBCMT:strrchr.obj
 0001:000264ed       __isdigit_l                400274ed f i LIBCMT:_ctype.obj
 0001:0002653e       _isdigit                   4002753e f i LIBCMT:_ctype.obj
 0001:0002656c       __atodbl_l                 4002756c f   LIBCMT:atodbl.obj
 0001:00026614       __atoflt_l                 40027614 f   LIBCMT:atodbl.obj
 0001:000266c0       _strlen                    400276c0 f   LIBCMT:strlen.obj
 0001:0002674b       _strcpy_s                  4002774b f   LIBCMT:strcpy_s.obj
 0001:000267aa       __fptostr                  400277aa f   LIBCMT:_fptostr.obj
 0001:0002685d       ___dtold                   4002785d f   LIBCMT:_cfout_.obj
 0001:00026910       __fltout2                  40027910 f   LIBCMT:_cfout_.obj
 0001:000269a0       __alldvrm                  400279a0 f   LIBCMT:lldvrm.obj
 0001:00026a80       __aullshr                  40027a80 f   LIBCMT:ullshr.obj
 0001:00026a9f       __fptrap                   40027a9f f   LIBCMT:crt0fp.obj
 0001:00026aa8       __controlfp_s              40027aa8 f   LIBCMT:_contrlfp_.obj
 0001:00026bee       ___crtGetStringTypeA       40027bee f   LIBCMT:a_str.obj
 0001:00026c2e       ___free_lc_time            40027c2e f   LIBCMT:inittime.obj
 0001:00026fa5       ___free_lconv_num          40027fa5 f   LIBCMT:initnum.obj
 0001:0002700e       ___free_lconv_mon          4002800e f   LIBCMT:initmon.obj
 0001:0002710c       _malloc                    4002810c f   LIBCMT:malloc.obj
 0001:000271a0       __alloca_probe_16          400281a0 f   LIBCMT:alloca16.obj
 0001:000271b6       __alloca_probe_8           400281b6     LIBCMT:alloca16.obj
 0001:000271d0       _strcspn                   400281d0 f   LIBCMT:strcspn.obj
 0001:00027220       _strcmp                    40028220 f   LIBCMT:strcmp.obj
 0001:000272b0       _strpbrk                   400282b0 f   LIBCMT:strpbrk.obj
 0001:000272f0       __87except                 400282f0 f   LIBCMT:_87except_.obj
 0001:0002742f       __matherr                  4002842f f   LIBCMT:_matherr_.obj
 0001:00027432       __raise_exc_ex             40028432 f   LIBCMT:_fpexcept_.obj
 0001:0002770e       __raise_exc                4002870e f   LIBCMT:_fpexcept_.obj
 0001:00027731       __handle_exc               40028731 f   LIBCMT:_fpexcept_.obj
 0001:00027915       __set_errno_from_matherr   40028915 f   LIBCMT:_fpexcept_.obj
 0001:00027942       __errcode                  40028942 f   LIBCMT:_fpexcept_.obj
 0001:00027976       __umatherr                 40028976 f   LIBCMT:_fpexcept_.obj
 0001:00027a16       __handle_qnan1             40028a16 f   LIBCMT:_fpexcept_.obj
 0001:00027a6b       __except1                  40028a6b f   LIBCMT:_fpexcept_.obj
 0001:00027b35       __frnd                     40028b35 f   LIBCMT:_frnd_.obj
 0001:00027b49       __set_exp                  40028b49 f   LIBCMT:_util_.obj
 0001:00027b76       __sptype                   40028b76 f   LIBCMT:_util_.obj
 0001:00027bdc       __decomp                   40028bdc f   LIBCMT:_util_.obj
 0001:00027c9f       __statfp                   40028c9f f   LIBCMT:_fpctrl_.obj
 0001:00027caf       __clrfp                    40028caf f   LIBCMT:_fpctrl_.obj
 0001:00027cc0       __ctrlfp                   40028cc0 f   LIBCMT:_fpctrl_.obj
 0001:00027ceb       __set_statfp               40028ceb f   LIBCMT:_fpctrl_.obj
 0001:00027d43       ___set_fpsr_sse2           40028d43 f   LIBCMT:_fpctrl_.obj
 0001:00027db5       __lseeki64_nolock          40028db5 f   LIBCMT:lseeki64.obj
 0001:00027e3a       __lseeki64                 40028e3a f   LIBCMT:lseeki64.obj
 0001:00027f24       __write_nolock             40028f24 f   LIBCMT:write.obj
 0001:00028621       __write                    40029621 f   LIBCMT:write.obj
 0001:000286f5       __getbuf                   400296f5 f   LIBCMT:_getbuf.obj
 0001:0002873e       __isatty                   4002973e f   LIBCMT:isatty.obj
 0001:00028794       ___iob_func                40029794 f   LIBCMT:_file.obj
 0001:0002879a       ___initstdio               4002979a f   LIBCMT:_file.obj
 0001:0002884b       ___endstdio                4002984b f   LIBCMT:_file.obj
 0001:0002886b       __lock_file                4002986b f   LIBCMT:_file.obj
 0001:000288ac       __lock_file2               400298ac f   LIBCMT:_file.obj
 0001:000288de       __unlock_file              400298de f   LIBCMT:_file.obj
 0001:0002891a       __unlock_file2             4002991a f   LIBCMT:_file.obj
 0001:00028949       __fileno                   40029949 f   LIBCMT:fileno.obj
 0001:0002896f       __get_printf_count_output  4002996f f   LIBCMT:printf.obj
 0001:00028985       __wctomb_s_l               40029985 f   LIBCMT:wctomb.obj
 0001:00028ada       _wctomb_s                  40029ada f   LIBCMT:wctomb.obj
 0001:00028af7       __crt_debugger_hook        40029af7 f   LIBCMT:dbghook.obj
 0001:00028aff       __ld12tod                  40029aff f   LIBCMT:_intrncvt_.obj
 0001:00029050       __ld12tof                  4002a050 f   LIBCMT:_intrncvt_.obj
 0001:000295a1       ___report_gsfailure        4002a5a1 f   LIBCMT:gs_report.obj
 0001:000296a7       ___mtold12                 4002a6a7 f   LIBCMT:_mantold_.obj
 0001:0002988b       _abort                     4002a88b f   LIBCMT:abort.obj
 0001:000298be       __msize                    4002a8be f   LIBCMT:msize.obj
 0001:00029900       __local_unwind4            4002a900 f   LIBCMT:exsup4.obj
 0001:000299d6       __seh_longjmp_unwind4@4    4002a9d6 f   LIBCMT:exsup4.obj
 0001:000299f2       @_EH4_CallFilterFunc@8     4002a9f2 f   LIBCMT:exsup4.obj
 0001:00029a09       @_EH4_TransferToHandler@8  4002aa09 f   LIBCMT:exsup4.obj
 0001:00029a22       @_EH4_GlobalUnwind2@8      4002aa22 f   LIBCMT:exsup4.obj
 0001:00029a3b       @_EH4_LocalUnwind@16       4002aa3b f   LIBCMT:exsup4.obj
 0001:00029a52       ___crtMessageBoxW          4002aa52 f   LIBCMT:crtmboxw.obj
 0001:00029bbe       _wcscat_s                  4002abbe f   LIBCMT:wcscat_s.obj
 0001:00029c33       _wcsncpy_s                 4002ac33 f   LIBCMT:wcsncpy_s.obj
 0001:00029d00       _wcslen                    4002ad00 f   LIBCMT:wcslen.obj
 0001:00029d1b       _wcscpy_s                  4002ad1b f   LIBCMT:wcscpy_s.obj
 0001:00029d7e       __set_error_mode           4002ad7e f   LIBCMT:errmode.obj
 0001:00029dbd       __calloc_impl              4002adbd f   LIBCMT:calloc_impl.obj
 0001:00029e3f       _realloc                   4002ae3f f   LIBCMT:realloc.obj
 0001:00029f3f       __ismbblead                4002af3f f   LIBCMT:ismbbyte.obj
 0001:00029f57       _$I10_OUTPUT               4002af57 f   LIBCMT:_x10fout_.obj
 0001:0002a97d       __control87                4002b97d f i LIBCMT:_ieee87_.obj
 0001:0002ac8f       __free_osfhnd              4002bc8f f   LIBCMT:osfinfo.obj
 0001:0002ad15       __get_osfhandle            4002bd15 f   LIBCMT:osfinfo.obj
 0001:0002ad7e       ___lock_fhandle            4002bd7e f   LIBCMT:osfinfo.obj
 0001:0002ae1d       __unlock_fhandle           4002be1d f   LIBCMT:osfinfo.obj
 0001:0002ae44       __putwch_nolock            4002be44 f   LIBCMT:putwch.obj
 0001:0002ae86       __mbtowc_l                 4002be86 f   LIBCMT:mbtowc.obj
 0001:0002af9c       _mbtowc                    4002bf9c f   LIBCMT:mbtowc.obj
 0001:0002afb6       __fcloseall                4002bfb6 f   LIBCMT:closeall.obj
 0001:0002b052       __flush                    4002c052 f   LIBCMT:fflush.obj
 0001:0002b0ba       __fflush_nolock            4002c0ba f   LIBCMT:fflush.obj
 0001:0002b1dc       __flushall                 4002c1dc f   LIBCMT:fflush.obj
 0001:0002b1f0       __global_unwind2           4002c1f0 f   LIBCMT:exsup.obj
 0001:0002b255       __local_unwind2            4002c255 f   LIBCMT:exsup.obj
 0001:0002b2d9       __abnormal_termination     4002c2d9 f   LIBCMT:exsup.obj
 0001:0002b2fc       __NLG_Notify1              4002c2fc f   LIBCMT:exsup.obj
 0001:0002b305       __NLG_Notify               4002c305 f   LIBCMT:exsup.obj
 0001:0002b31c       __NLG_Dispatch2            4002c31c     LIBCMT:exsup.obj
 0001:0002b31c       __NLG_Dispatch             4002c31c     LIBCMT:exsup.obj
 0001:0002b324       __NLG_Call                 4002c324 f   LIBCMT:exsup.obj
 0001:0002b326       __NLG_Return2              4002c326     LIBCMT:exsup.obj
 0001:0002b330       ___ascii_strnicmp          4002c330 f   LIBCMT:_strnicm.obj
 0001:0002b391       ___initconout              4002c391 f   LIBCMT:initcon.obj
 0001:0002b3b0       ___termconout              4002c3b0 f   LIBCMT:initcon.obj
 0001:0002b3c7       __fclose_nolock            4002c3c7 f   LIBCMT:fclose.obj
 0001:0002b434       _fclose                    4002c434 f   LIBCMT:fclose.obj
 0001:0002b4a8       __commit                   4002c4a8 f   LIBCMT:commit.obj
 0001:0002b581       __close_nolock             4002c581 f   LIBCMT:close.obj
 0001:0002b61d       __close                    4002c61d f   LIBCMT:close.obj
 0001:0002b6e1       __freebuf                  4002c6e1 f   LIBCMT:_freebuf.obj
 0001:0002b712       _RtlUnwind@16              4002c712 f   kernel32:KERNEL32.dll
 0002:00000000       __imp__GetProcAddress@8    4002d000     kernel32:KERNEL32.dll
 0002:00000004       __imp__GetModuleHandleW@4  4002d004     kernel32:KERNEL32.dll
 0002:00000008       __imp__ExitProcess@4       4002d008     kernel32:KERNEL32.dll
 0002:0000000c       __imp__DecodePointer@4     4002d00c     kernel32:KERNEL32.dll
 0002:00000010       __imp__GetCurrentThreadId@0 4002d010     kernel32:KERNEL32.dll
 0002:00000014       __imp__GetCommandLineA@0   4002d014     kernel32:KERNEL32.dll
 0002:00000018       __imp__IsProcessorFeaturePresent@4 4002d018     kernel32:KERNEL32.dll
 0002:0000001c       __imp__EncodePointer@4     4002d01c     kernel32:KERNEL32.dll
 0002:00000020       __imp__TlsAlloc@0          4002d020     kernel32:KERNEL32.dll
 0002:00000024       __imp__TlsGetValue@4       4002d024     kernel32:KERNEL32.dll
 0002:00000028       __imp__TlsSetValue@8       4002d028     kernel32:KERNEL32.dll
 0002:0000002c       __imp__TlsFree@4           4002d02c     kernel32:KERNEL32.dll
 0002:00000030       __imp__InterlockedIncrement@4 4002d030     kernel32:KERNEL32.dll
 0002:00000034       __imp__SetLastError@4      4002d034     kernel32:KERNEL32.dll
 0002:00000038       __imp__GetLastError@0      4002d038     kernel32:KERNEL32.dll
 0002:0000003c       __imp__InterlockedDecrement@4 4002d03c     kernel32:KERNEL32.dll
 0002:00000040       __imp__GetCPInfo@8         4002d040     kernel32:KERNEL32.dll
 0002:00000044       __imp__GetACP@0            4002d044     kernel32:KERNEL32.dll
 0002:00000048       __imp__GetOEMCP@0          4002d048     kernel32:KERNEL32.dll
 0002:0000004c       __imp__IsValidCodePage@4   4002d04c     kernel32:KERNEL32.dll
 0002:00000050       __imp__WideCharToMultiByte@32 4002d050     kernel32:KERNEL32.dll
 0002:00000054       __imp__LCMapStringW@24     4002d054     kernel32:KERNEL32.dll
 0002:00000058       __imp__MultiByteToWideChar@24 4002d058     kernel32:KERNEL32.dll
 0002:0000005c       __imp__UnhandledExceptionFilter@4 4002d05c     kernel32:KERNEL32.dll
 0002:00000060       __imp__SetUnhandledExceptionFilter@4 4002d060     kernel32:KERNEL32.dll
 0002:00000064       __imp__IsDebuggerPresent@0 4002d064     kernel32:KERNEL32.dll
 0002:00000068       __imp__TerminateProcess@8  4002d068     kernel32:KERNEL32.dll
 0002:0000006c       __imp__GetCurrentProcess@0 4002d06c     kernel32:KERNEL32.dll
 0002:00000070       __imp__InitializeCriticalSectionAndSpinCount@8 4002d070     kernel32:KERNEL32.dll
 0002:00000074       __imp__DeleteCriticalSection@4 4002d074     kernel32:KERNEL32.dll
 0002:00000078       __imp__LeaveCriticalSection@4 4002d078     kernel32:KERNEL32.dll
 0002:0000007c       __imp__EnterCriticalSection@4 4002d07c     kernel32:KERNEL32.dll
 0002:00000080       __imp__LoadLibraryW@4      4002d080     kernel32:KERNEL32.dll
 0002:00000084       __imp__WriteFile@20        4002d084     kernel32:KERNEL32.dll
 0002:00000088       __imp__GetStdHandle@4      4002d088     kernel32:KERNEL32.dll
 0002:0000008c       __imp__GetModuleFileNameW@12 4002d08c     kernel32:KERNEL32.dll
 0002:00000090       __imp__HeapFree@12         4002d090     kernel32:KERNEL32.dll
 0002:00000094       __imp__Sleep@4             4002d094     kernel32:KERNEL32.dll
 0002:00000098       __imp__SetHandleCount@4    4002d098     kernel32:KERNEL32.dll
 0002:0000009c       __imp__GetFileType@4       4002d09c     kernel32:KERNEL32.dll
 0002:000000a0       __imp__GetStartupInfoW@4   4002d0a0     kernel32:KERNEL32.dll
 0002:000000a4       __imp__GetModuleFileNameA@12 4002d0a4     kernel32:KERNEL32.dll
 0002:000000a8       __imp__FreeEnvironmentStringsW@4 4002d0a8     kernel32:KERNEL32.dll
 0002:000000ac       __imp__GetEnvironmentStringsW@0 4002d0ac     kernel32:KERNEL32.dll
 0002:000000b0       __imp__HeapCreate@12       4002d0b0     kernel32:KERNEL32.dll
 0002:000000b4       __imp__HeapDestroy@4       4002d0b4     kernel32:KERNEL32.dll
 0002:000000b8       __imp__QueryPerformanceCounter@4 4002d0b8     kernel32:KERNEL32.dll
 0002:000000bc       __imp__GetTickCount@0      4002d0bc     kernel32:KERNEL32.dll
 0002:000000c0       __imp__GetCurrentProcessId@0 4002d0c0     kernel32:KERNEL32.dll
 0002:000000c4       __imp__GetSystemTimeAsFileTime@4 4002d0c4     kernel32:KERNEL32.dll
 0002:000000c8       __imp__GetStringTypeW@16   4002d0c8     kernel32:KERNEL32.dll
 0002:000000cc       __imp__HeapAlloc@12        4002d0cc     kernel32:KERNEL32.dll
 0002:000000d0       __imp__RaiseException@16   4002d0d0     kernel32:KERNEL32.dll
 0002:000000d4       __imp__SetFilePointer@16   4002d0d4     kernel32:KERNEL32.dll
 0002:000000d8       __imp__GetConsoleCP@0      4002d0d8     kernel32:KERNEL32.dll
 0002:000000dc       __imp__GetConsoleMode@8    4002d0dc     kernel32:KERNEL32.dll
 0002:000000e0       __imp__HeapSize@12         4002d0e0     kernel32:KERNEL32.dll
 0002:000000e4       __imp__RtlUnwind@16        4002d0e4     kernel32:KERNEL32.dll
 0002:000000e8       __imp__HeapReAlloc@16      4002d0e8     kernel32:KERNEL32.dll
 0002:000000ec       __imp__SetStdHandle@8      4002d0ec     kernel32:KERNEL32.dll
 0002:000000f0       __imp__WriteConsoleW@20    4002d0f0     kernel32:KERNEL32.dll
 0002:000000f4       __imp__CreateFileW@28      4002d0f4     kernel32:KERNEL32.dll
 0002:000000f8       __imp__CloseHandle@4       4002d0f8     kernel32:KERNEL32.dll
 0002:000000fc       __imp__FlushFileBuffers@4  4002d0fc     kernel32:KERNEL32.dll
 0002:00000100       \177KERNEL32_NULL_THUNK_DATA 4002d100     kernel32:KERNEL32.dll
 0002:00000104       ___xc_a                    4002d104     LIBCMT:crt0init.obj
 0002:00000108       ___xc_z                    4002d108     LIBCMT:crt0init.obj
 0002:0000010c       ___xi_a                    4002d10c     LIBCMT:crt0init.obj
 0002:00000124       ___xi_z                    4002d124     LIBCMT:crt0init.obj
 0002:00000128       ___xp_a                    4002d128     LIBCMT:crt0init.obj
 0002:00000134       ___xp_z                    4002d134     LIBCMT:crt0init.obj
 0002:00000138       ___xt_a                    4002d138     LIBCMT:crt0init.obj
 0002:0000013c       ___xt_z                    4002d13c     LIBCMT:crt0init.obj
 0002:00000140       ??_C@_06LLKHDPKL@events?$AA@ 4002d140     bg_animation.obj
 0002:00000148       ??_C@_0N@EHJNOHAA@statechanges?$AA@ 4002d148     bg_animation.obj
 0002:00000158       ??_C@_0BC@LGKLMCNI@canned_animations?$AA@ 4002d158     bg_animation.obj
 0002:0000016c       ??_C@_0L@HNGMIHEN@animations?$AA@ 4002d16c     bg_animation.obj
 0002:00000178       ??_C@_07MMIKLHCA@defines?$AA@ 4002d178     bg_animation.obj
 0002:00000180       ??_C@_07CMODMDGJ@AISTATE?$AA@ 4002d180     bg_animation.obj
 0002:00000188       ??_C@_0M@KPHDKAHE@GEN_BITFLAG?$AA@ 4002d188     bg_animation.obj
 0002:00000194       ??_C@_0O@JKDLABHB@FLAILING_TYPE?$AA@ 4002d194     bg_animation.obj
 0002:000001a4       ??_C@_0N@KMEIFE@HEALTH_LEVEL?$AA@ 4002d1a4     bg_animation.obj
 0002:000001b4       ??_C@_0M@NGLGCLLM@PLAYERCLASS?$AA@ 4002d1b4     bg_animation.obj
 0002:000001c0       ??_C@_08GOFIDABM@CHARGING?$AA@ 4002d1c0     bg_animation.obj
 0002:000001cc       ??_C@_09GCNACFAF@PARACHUTE?$AA@ 4002d1cc     bg_animation.obj
 0002:000001d8       ??_C@_0L@ILMKFMCE@ENEMY_TEAM?$AA@ 4002d1d8     bg_animation.obj
 0002:000001e4       ??_C@_0P@GHDHBNEG@SHORT_REACTION?$AA@ 4002d1e4     bg_animation.obj
 0002:000001f4       ??_C@_06MOMMJHC@FIRING?$AA@ 4002d1f4     bg_animation.obj
 0002:000001fc       ??_C@_07LEOBIMFP@STUNNED?$AA@ 4002d1fc     bg_animation.obj
 0002:00000204       ??_C@_09HGGDFBHO@CROUCHING?$AA@ 4002d204     bg_animation.obj
 0002:00000210       ??_C@_0N@BKJFJGHI@IMPACT_POINT?$AA@ 4002d210     bg_animation.obj
 0002:00000220       ??_C@_07PCDLPMLE@LEANING?$AA@ 4002d220     bg_animation.obj
 0002:00000228       ??_C@_09KIADLDO@UNDERHAND?$AA@ 4002d228     bg_animation.obj
 0002:00000234       ??_C@_08EDCCCEMB@MOVETYPE?$AA@ 4002d234     bg_animation.obj
 0002:00000240       ??_C@_07IHKNNAIJ@MOUNTED?$AA@ 4002d240     bg_animation.obj
 0002:00000248       ??_C@_0L@IFAAMPME@UNDERWATER?$AA@ 4002d248     bg_animation.obj
 0002:00000254       ??_C@_0N@BFJCEKBK@ENEMY_WEAPON?$AA@ 4002d254     bg_animation.obj
 0002:00000264       ??_C@_0P@JIMGNOCO@ENEMY_POSITION?$AA@ 4002d264     bg_animation.obj
 0002:00000274       ??_C@_07HPPHAKD@WEAPONS?$AA@ 4002d274     bg_animation.obj
 0002:0000027c       ??_C@_09FPCBOPNI@COVERTOPS?$AA@ 4002d27c     bg_animation.obj
 0002:00000288       ??_C@_08HPCLEOBG@FIELDOPS?$AA@ 4002d288     bg_animation.obj
 0002:00000294       ??_C@_08KNMKFDEP@ENGINEER?$AA@ 4002d294     bg_animation.obj
 0002:000002a0       ??_C@_05NNIBPFDE@MEDIC?$AA@ 4002d2a0     bg_animation.obj
 0002:000002a8       ??_C@_07DOBOICPH@SOLDIER?$AA@ 4002d2a8     bg_animation.obj
 0002:000002b0       ??_C@_07CECPKGHP@HOLDING?$AA@ 4002d2b0     bg_animation.obj
 0002:000002b8       ??_C@_07JBDFIAPG@ZOOMING?$AA@ 4002d2b8     bg_animation.obj
 0002:000002c0       ??_C@_06KLJKJFEK@HCRASH?$AA@ 4002d2c0     bg_animation.obj
 0002:000002c8       ??_C@_06JMHLHCNJ@VCRASH?$AA@ 4002d2c8     bg_animation.obj
 0002:000002d0       ??_C@_05FFMHFFBB@INAIR?$AA@ 4002d2d0     bg_animation.obj
 0002:000002d8       ??_C@_01EKENIIDA@3?$AA@    4002d2d8     bg_animation.obj
 0002:000002dc       ??_C@_01FDFGLJHB@2?$AA@    4002d2dc     bg_animation.obj
 0002:000002e0       ??_C@_01HIHLOKLC@1?$AA@    4002d2e0     bg_animation.obj
 0002:000002e4       ??_C@_07GNLJHKAP@NEUTRAL?$AA@ 4002d2e4     bg_animation.obj
 0002:000002ec       ??_C@_06LFMMNBFA@SPARE4?$AA@ 4002d2ec     bg_animation.obj
 0002:000002f4       ??_C@_06PKINEHJH@SPARE3?$AA@ 4002d2f4     bg_animation.obj
 0002:000002fc       ??_C@_06ODJGHGNG@SPARE2?$AA@ 4002d2fc     bg_animation.obj
 0002:00000304       ??_C@_06MILLCFBF@SPARE1?$AA@ 4002d304     bg_animation.obj
 0002:0000030c       ??_C@_07GKFEMEDF@MONSTER?$AA@ 4002d30c     bg_animation.obj
 0002:00000314       ??_C@_06GEKNHHBI@ALLIES?$AA@ 4002d314     bg_animation.obj
 0002:0000031c       ??_C@_04LNCGIOLI@NAZI?$AA@ 4002d31c     bg_animation.obj
 0002:00000324       ??_C@_09HNOAOLFL@KNEE_LEFT?$AA@ 4002d324     bg_animation.obj
 0002:00000330       ??_C@_0L@HDLPEDFM@KNEE_RIGHT?$AA@ 4002d330     bg_animation.obj
 0002:0000033c       ??_C@_0O@GNKADMCK@SHOULDER_LEFT?$AA@ 4002d33c     bg_animation.obj
 0002:0000034c       ??_C@_0P@FEKNECCB@SHOULDER_RIGHT?$AA@ 4002d34c     bg_animation.obj
 0002:0000035c       ??_C@_05MMHFGEIM@GROIN?$AA@ 4002d35c     bg_animation.obj
 0002:00000364       ??_C@_03GMNIDEGM@GUT?$AA@  4002d364     bg_animation.obj
 0002:00000368       ??_C@_05LDJFJFKA@CHEST?$AA@ 4002d368     bg_animation.obj
 0002:00000370       ??_C@_04BINJNOJD@HEAD?$AA@ 4002d370     bg_animation.obj
 0002:00000378       ??_C@_04FBGPONKD@MG42?$AA@ 4002d378     bg_animation.obj
 0002:00000380       ??_C@_04KCNEHMIH@LEFT?$AA@ 4002d380     bg_animation.obj
 0002:00000388       ??_C@_05PMAFOJDE@RIGHT?$AA@ 4002d388     bg_animation.obj
 0002:00000390       ??_C@_07EEENPCFP@INFRONT?$AA@ 4002d390     bg_animation.obj
 0002:00000398       ??_C@_06IOBMPBPK@BEHIND?$AA@ 4002d398     bg_animation.obj
 0002:000003a0       ??_C@_04ILIMAIMB@BOTH?$AA@ 4002d3a0     bg_animation.obj
 0002:000003a8       ??_C@_05HLJONPCP@TORSO?$AA@ 4002d3a8     bg_animation.obj
 0002:000003b0       ??_C@_04OMFHIAHH@LEGS?$AA@ 4002d3b0     bg_animation.obj
 0002:000003b8       ??_C@_0BB@HABODNHA@FIREWEAPON3PRONE?$AA@ 4002d3b8     bg_animation.obj
 0002:000003cc       ??_C@_0M@CHEKCHEF@FIREWEAPON3?$AA@ 4002d3cc     bg_animation.obj
 0002:000003d8       ??_C@_05GPAALKEH@RAISE?$AA@ 4002d3d8     bg_animation.obj
 0002:000003e0       ??_C@_0BD@OOFDCPAE@RELOADPRONE_SG_END?$AA@ 4002d3e0     bg_animation.obj
 0002:000003f4       ??_C@_0BE@EMBCAJH@RELOADPRONE_SG_LOOP?$AA@ 4002d3f4     bg_animation.obj
 0002:00000408       ??_C@_0BF@KGGMGMIN@RELOADPRONE_SG_BEGIN?$AA@ 4002d408     bg_animation.obj
 0002:00000420       ??_C@_0O@LOKCHADH@RELOAD_SG_END?$AA@ 4002d420     bg_animation.obj
 0002:00000430       ??_C@_0P@LLEBLANO@RELOAD_SG_LOOP?$AA@ 4002d430     bg_animation.obj
 0002:00000440       ??_C@_0BA@KJNDBFCJ@RELOAD_SG_BEGIN?$AA@ 4002d440     bg_animation.obj
 0002:00000450       ??_C@_0BC@IHKJANIM@DEATH_FROM_BEHIND?$AA@ 4002d450     bg_animation.obj
 0002:00000464       ??_C@_06DDMBHNJG@SALUTE?$AA@ 4002d464     bg_animation.obj
 0002:0000046c       ??_C@_07GKKCHFFA@NOPOWER?$AA@ 4002d46c     bg_animation.obj
 0002:00000474       ??_C@_0M@FJILDHPC@RELOADPRONE?$AA@ 4002d474     bg_animation.obj
 0002:00000480       ??_C@_0BB@BNBDJHJF@RAISEWEAPONPRONE?$AA@ 4002d480     bg_animation.obj
 0002:00000494       ??_C@_0BB@NGGJDGME@FIREWEAPON2PRONE?$AA@ 4002d494     bg_animation.obj
 0002:000004a8       ??_C@_0BA@MGJKFIDA@FIREWEAPONPRONE?$AA@ 4002d4a8     bg_animation.obj
 0002:000004b8       ??_C@_0BL@CEMEHHOJ@UNDO_ALT_WEAPON_MODE_PRONE?$AA@ 4002d4b8     bg_animation.obj
 0002:000004d4       ??_C@_0BJ@IKEGMMLP@DO_ALT_WEAPON_MODE_PRONE?$AA@ 4002d4d4     bg_animation.obj
 0002:000004f0       ??_C@_0BF@LHJBOFNN@UNDO_ALT_WEAPON_MODE?$AA@ 4002d4f0     bg_animation.obj
 0002:00000508       ??_C@_0BD@DCLLNKHA@DO_ALT_WEAPON_MODE?$AA@ 4002d508     bg_animation.obj
 0002:0000051c       ??_C@_0BA@ILLJBFHJ@PRONE_TO_CROUCH?$AA@ 4002d51c     bg_animation.obj
 0002:0000052c       ??_C@_04JHINAIJO@DIVE?$AA@ 4002d52c     bg_animation.obj
 0002:00000534       ??_C@_06DNDMIHFO@REVIVE?$AA@ 4002d534     bg_animation.obj
 0002:0000053c       ??_C@_04JBLDNDFK@KICK?$AA@ 4002d53c     bg_animation.obj
 0002:00000544       ??_C@_06DCHFNDBF@RELOAD?$AA@ 4002d544     bg_animation.obj
 0002:0000054c       ??_C@_0O@IIAGBLJB@CLIMBDISMOUNT?$AA@ 4002d54c     bg_animation.obj
 0002:0000055c       ??_C@_0L@HNAMMBMD@CLIMBMOUNT?$AA@ 4002d55c     bg_animation.obj
 0002:00000568       ??_C@_0M@JOEDMLH@RAISEWEAPON?$AA@ 4002d568     bg_animation.obj
 0002:00000574       ??_C@_0L@BJEANHNA@DROPWEAPON?$AA@ 4002d574     bg_animation.obj
 0002:00000580       ??_C@_04GJGHKIDJ@LAND?$AA@ 4002d580     bg_animation.obj
 0002:00000588       ??_C@_06NFFGMPMI@JUMPBK?$AA@ 4002d588     bg_animation.obj
 0002:00000590       ??_C@_04BFLEPEFN@JUMP?$AA@ 4002d590     bg_animation.obj
 0002:00000598       ??_C@_0M@DOFBBGAE@FIREWEAPON2?$AA@ 4002d598     bg_animation.obj
 0002:000005a4       ??_C@_0L@PHLGIOGH@FIREWEAPON?$AA@ 4002d5a4     bg_animation.obj
 0002:000005b0       ??_C@_05DKFKLNCG@DEATH?$AA@ 4002d5b0     bg_animation.obj
 0002:000005b8       ??_C@_04DDNHCMLF@PAIN?$AA@ 4002d5b8     bg_animation.obj
 0002:000005c0       ??_C@_04NNCJDDJC@DEAD?$AA@ 4002d5c0     bg_animation.obj
 0002:000005c8       ??_C@_0L@LIBNAPII@RADIOPRONE?$AA@ 4002d5c8     bg_animation.obj
 0002:000005d4       ??_C@_07JHKOJMIG@RADIOCR?$AA@ 4002d5d4     bg_animation.obj
 0002:000005dc       ??_C@_05HGDEKMLG@RADIO?$AA@ 4002d5dc     bg_animation.obj
 0002:000005e4       ??_C@_0O@KEEMELMC@RESUSCITATION?$AA@ 4002d5e4     bg_animation.obj
 0002:000005f4       ??_C@_08LOEELIOA@FLAILING?$AA@ 4002d5f4     bg_animation.obj
 0002:00000600       ??_C@_09OPIFKDCJ@IDLEPRONE?$AA@ 4002d600     bg_animation.obj
 0002:0000060c       ??_C@_07KOCFBCDA@PRONEBK?$AA@ 4002d60c     bg_animation.obj
[...]
 0003:004d99d8       _menuCount                 405149d8     ui_shared.obj
 0003:004d99dc       _scrolltime                405149dc     ui_shared.obj
 0003:004d99e0       _modalMenuCount            405149e0     ui_shared.obj
 0003:004e93fc       ___fastflag                405243fc     LIBCMT:_fpinit_.obj
 0003:004e9400       __umaskval                 40524400     LIBCMT:crt0dat.obj
 0003:004e9404       ___argc                    40524404     LIBCMT:crt0dat.obj
 0003:004e9408       ___argv                    40524408     LIBCMT:crt0dat.obj
 0003:004e940c       ___wargv                   4052440c     LIBCMT:crt0dat.obj
 0003:004e9410       __environ                  40524410     LIBCMT:crt0dat.obj
 0003:004e9414       ___initenv                 40524414     LIBCMT:crt0dat.obj
 0003:004e9418       __wenviron                 40524418     LIBCMT:crt0dat.obj
 0003:004e941c       ___winitenv                4052441c     LIBCMT:crt0dat.obj
 0003:004e9420       __pgmptr                   40524420     LIBCMT:crt0dat.obj
 0003:004e9424       __wpgmptr                  40524424     LIBCMT:crt0dat.obj
 0003:004e9428       __exitflag                 40524428     LIBCMT:crt0dat.obj
 0003:004e942c       __C_Termination_Done       4052442c     LIBCMT:crt0dat.obj
 0003:004e9430       __C_Exit_Done              40524430     LIBCMT:crt0dat.obj
 0003:004e9438       __aenvptr                  40524438     LIBCMT:dllcrt0.obj
 0003:004e943c       __wenvptr                  4052443c     LIBCMT:dllcrt0.obj
 0003:004e9440       ___error_mode              40524440     LIBCMT:dllcrt0.obj
 0003:004e9444       ___app_type                40524444     LIBCMT:dllcrt0.obj
 0003:004e9448       _gpFlsAlloc                40524448     LIBCMT:tidtable.obj
 0003:004e944c       _gpFlsGetValue             4052444c     LIBCMT:tidtable.obj
 0003:004e9450       _gpFlsSetValue             40524450     LIBCMT:tidtable.obj
 0003:004e9454       _gpFlsFree                 40524454     LIBCMT:tidtable.obj
 0003:004e945c       ___mbulinfo                4052445c     LIBCMT:mbctype.obj
 0003:004e9468       ___mbcodepage              40524468     LIBCMT:mbctype.obj
 0003:004e946c       ___ismbcodepage            4052446c     LIBCMT:mbctype.obj
 0003:004e9470       ___mblcid                  40524470     LIBCMT:mbctype.obj
 0003:004e9474       ___locale_changed          40524474     LIBCMT:setlocal.obj
 0003:004e947c       ___pInvalidArgHandler      4052447c     LIBCMT:invarg.obj
 0003:004e95d0       ?__pInconsistency@@3P6AXXZA 405245d0     LIBCMT:hooks.obj
 0003:004e95ec       ___pPurecall               405245ec     LIBCMT:inithelp.obj
 0003:004e95f0       ?_pnhHeap@@3P6AHI@ZA       405245f0     LIBCMT:handler.obj
 0003:004e9c20       __maxwait                  40524c20     LIBCMT:crtheap.obj
 0003:004e9d30       __crtheap                  40524d30     LIBCMT:heapinit.obj
 0003:004e9d34       __outputformat             40524d34     LIBCMT:outputformat.obj
 0003:004e9d38       ___lconv_static_null       40524d38     LIBCMT:lconv.obj
 0003:004e9d3c       ___lconv_static_W_null     40524d3c     LIBCMT:lconv.obj
 0003:004e9d40       __cflush                   40524d40     LIBCMT:_file.obj
 0003:004ea080       __newmode                  40525080     LIBCMT:_newmode.obj
 0003:004ea084       __stdbuf                   40525084     LIBCMT:_sftbuf.obj
 0003:004ea0a0       _itemParseKeywordHash      405250a0     <common>
 0003:004ea8a0       _Menus                     405258a0     <common>
 0003:0057c0a0       _g_nameBind1               405b70a0     <common>
 0003:0057c0c0       _scrollYmenu               405b70c0     <common>
 0003:0057c8e0       _g_nameBind2               405b78e0     <common>
 0003:0057c900       _menuParseKeywordHash      405b7900     <common>
 0003:0057d100       _modalMenuStack            405b8100     <common>
 0003:0057d140       _ui_glCustom               405b8140     <common>
 0003:0057d260       _ui_browserShowEmptyOrFull 405b8260     <common>
 0003:0057d380       _ui_browserShowMaxlives    405b8380     <common>
 0003:0057d4a0       _ui_prevTeam               405b84a0     <common>
 0003:0057d5c0       _ui_serverFilterType       405b85c0     <common>
 0003:0057d6e0       _ui_browserGameType        405b86e0     <common>
 0003:0057d800       _ui_selectedPlayerName     405b8800     <common>
 0003:0057d920       _ui_browserShowPunkBuster  405b8920     <common>
 0003:0057da40       _ui_netSource              405b8a40     <common>
 0003:0057db60       _ui_limboPrevOptions       405b8b60     <common>
 0003:0057dc80       _ui_gameType               405b8c80     <common>
 0003:0057dda0       _ui_userAxisRespawnTime    405b8da0     <common>
 0003:0057dec0       _ui_friendlyFire           405b8ec0     <common>
 0003:0057dfe0       _ui_userAlliedRespawnTime  405b8fe0     <common>
 0003:0057e100       _cl_defaultProfile         405b9100     <common>
 0003:0057e220       _ui_prevWeapon             405b9220     <common>
 0003:0057e340       _ui_selectedPlayer         405b9340     <common>
 0003:0057e460       _ui_Q3Model                405b9460     <common>
 0003:0057e580       _ui_isSpectator            405b9580     <common>
 0003:0057e6a0       _ui_objective              405b96a0     <common>
 0003:0057e7c0       _ui_headModel              405b97c0     <common>
 0003:0057e8e0       _cg_crosshairAlpha         405b98e0     <common>
 0003:0057ea00       _ui_currentCampaign        405b9a00     <common>
 0003:0057eb20       _ui_currentNetMap          405b9b20     <common>
 0003:0057ec40       _ui_mapIndex               405b9c40     <common>
 0003:0057ed60       _ui_browserShowTeamBalanced 405b9d60     <common>
 0003:0057ee80       _ui_profile                405b9e80     <common>
 0003:0057efa0       _ui_browserShowAntilag     405b9fa0     <common>
 0003:0057f0c0       _ui_browserShowWeaponsRestricted 405ba0c0     <common>
 0003:0057f1e0       _ui_campaignIndex          405ba1e0     <common>
 0003:0057f300       _ui_browserSortKey         405ba300     <common>
 0003:0057f420       _ui_limboMode              405ba420     <common>
 0003:0057f540       _ui_browserShowFriendlyFire 405ba540     <common>
 0003:0057f660       _ui_browserNQonly          405ba660     <common>
 0003:0057f780       _ui_browserMaster          405ba780     <common>
 0003:0057f8a0       _ui_currentCampaignCompleted 405ba8a0     <common>
 0003:0057f9c0       _ui_cmd                    405ba9c0     <common>
 0003:0057fae0       _ui_currentMap             405baae0     <common>
 0003:0057fc00       _cg_crosshairColorAlt      405bac00     <common>
 0003:0057fd20       _ui_netGameType            405bad20     <common>
 0003:0057fe40       _cl_bypassMouseInput       405bae40     <common>
 0003:0057ff60       _ui_joinGameType           405baf60     <common>
 0003:00580080       _ui_cdkeychecked           405bb080     <common>
 0003:005801a0       _uiInfo                    405bb1a0     <common>
 0003:005c1960       _ui_clipboardName          405fc960     <common>
 0003:005c1a80       _g_gameType                405fca80     <common>
 0003:005c1ba0       _ui_dedicated              405fcba0     <common>
 0003:005c1cc0       _ui_limboOptions           405fccc0     <common>
 0003:005c1de0       _cl_profile                405fcde0     <common>
 0003:005c1f00       _ui_limboObjective         405fcf00     <common>
 0003:005c2020       _cg_crosshairAlphaAlt      405fd020     <common>
 0003:005c2140       _ui_prevClass              405fd140     <common>
 0003:005c2260       _ui_serverStatusTimeOut    405fd260     <common>
 0003:005c2380       _ui_currentNetCampaign     405fd380     <common>
 0003:005c24a0       _ui_autoredirect           405fd4a0     <common>
 0003:005c25c0       _ui_menuFiles              405fd5c0     <common>
 0003:005c26e0       _ui_blackout               405fd6e0     <common>
 0003:005c2800       _cg_crosshairSize          405fd800     <common>
 0003:005c2920       _cg_crosshairColor         405fd920     <common>
 0003:005c2a40       _ui_browserShowPasswordProtected 405fda40     <common>
 0003:005c2b60       _ui_userTimeLimit          405fdb60     <common>
 0003:005c2c80       _ui_master                 405fdc80     <common>
 0003:005c2da0       _bg_loadscreenfont2        405fdda0     <common>
 0003:005c7e00       _bg_loadscreenfont1        40602e00     <common>
 0003:005cce44       _imgBlingbling             40607e44     <common>
 0003:005cce48       _imgFadeCircle             40607e48     <common>
 0003:005cce4c       _DC                        40607e4c     <common>
 0003:005cce50       _imgFadeToBlack            40607e50     <common>
 0003:005cce60       _weaponStrings             40607e60     <common>
 0003:005cd058       __debugger_hook_dummy      40608058     <common>
 0003:005cd05c       ___piob                    4060805c     <common>
 0003:005cd060       __bufin                    40608060     <common>
 0003:005ce060       __nstream                  40609060     <common>
 0003:005ce064       __nhandle                  40609064     <common>
 0003:005ce080       ___pioinfo                 40609080     <common>
 0003:005ce180       __pDestructExceptionObject 40609180     <common>
 0003:005ce184       ___use_sse2_mathfcns       40609184     <common>
 0003:005ce188       __pmatherr                 40609188     <common>
 0003:005ce18c       ___sse2_available          4060918c     <common>
 0003:005ce190       __acmdln                   40609190     <common>
 0003:005ce194       ___env_initialized         40609194     <common>
 0003:005ce198       ___onexitend               40609198     <common>
 0003:005ce19c       ___onexitbegin             4060919c     <common>
 0003:005ce1a0       ___mbctype_initialized     406091a0     <common>
 0003:005ce1a4       ___dyn_tls_init_callback   406091a4     <common>

 entry point at        0001:00020473

 Static symbols

 0001:00000910       _SkipWhitespace            40001910 f   q_shared.obj
 0001:000010e0       _UI_Cache_f                400020e0 f   ui_atoms.obj
 0001:00001480       _UI_LoadArenasFromFile     40002480 f   ui_gameinfo.obj
 0001:00001af0       _UI_LoadCampaignsFromFile  40002af0 f   ui_gameinfo.obj
 0001:00003d50       _Text_Paint_Limit          40004d50 f   ui_main.obj
 0001:00004650       _UI_DrawHandicap           40005650 f   ui_main.obj
 0001:000046e0       _UI_DrawClanName           400056e0 f   ui_main.obj
 0001:00004720       _UI_DrawGameType           40005720 f   ui_main.obj
 0001:00004760       _UI_TeamIndexFromName      40005760 f   ui_main.obj
 0001:000047b0       _UI_DrawSaveGameShot       400057b0 f   ui_main.obj
 0001:00004800       _UI_DrawClanLogo           40005800 f   ui_main.obj
 0001:000048d0       _UI_DrawClanCinematic      400058d0 f   ui_main.obj
 0001:000049f0       _UI_DrawPreviewCinematic   400059f0 f   ui_main.obj
 0001:00004a90       _UI_DrawTeamName           40005a90 f   ui_main.obj
 0001:00004b20       _UI_DrawEffects            40005b20 f   ui_main.obj
 0001:000050b0       _UI_DrawMapCinematic       400060b0 f   ui_main.obj
 0001:00005250       _UI_DrawCampaignPreview    40006250 f   ui_main.obj
 0001:00005310       _UI_DrawCampaignCinematic  40006310 f   ui_main.obj
 0001:00005410       _UI_DrawCampaignName       40006410 f   ui_main.obj
 0001:000058c0       _UI_DrawCampaignMapDescription 400068c0 f   ui_main.obj
 0001:00005ae0       _UI_DrawCampaignMapPreview 40006ae0 f   ui_main.obj
 0001:00005cb0       _UI_DrawMissionBriefingMap 40006cb0 f   ui_main.obj
 0001:00005d30       _UI_DrawMissionBriefingTitle 40006d30 f   ui_main.obj
 0001:00005da0       _UI_DrawMissionBriefingObjectives 40006da0 f   ui_main.obj
 0001:00005f60       _UI_DrawNetFilter          40006f60 f   ui_main.obj
 0001:00005fc0       _UI_NextOpponent           40006fc0 f   ui_main.obj
 0001:00006020       _UI_PriorOpponent          40007020 f   ui_main.obj
 0001:00006080       _UI_DrawPlayerLogo         40007080 f   ui_main.obj
 0001:00006140       _UI_DrawPlayerLogoMetal    40007140 f   ui_main.obj
 0001:00006200       _UI_DrawPlayerLogoName     40007200 f   ui_main.obj
 0001:000062c0       _UI_DrawOpponentLogo       400072c0 f   ui_main.obj
 0001:00006380       _UI_DrawOpponentLogoMetal  40007380 f   ui_main.obj
 0001:00006440       _UI_DrawOpponentLogoName   40007440 f   ui_main.obj
 0001:00006500       _UI_DrawOpponentName       40007500 f   ui_main.obj
 0001:00006540       _UI_OwnerDrawWidth         40007540 f   ui_main.obj
 0001:00006850       _UI_DrawRedBlue            40007850 f   ui_main.obj
 0001:000068a0       _UI_DrawCrosshair          400078a0 f   ui_main.obj
 0001:000069d0       _UI_BuildPlayerList        400079d0 f   ui_main.obj
 0001:00006c40       _UI_DrawSelectedPlayer     40007c40 f   ui_main.obj
 0001:00006cb0       _UI_DrawServerRefreshDate  40007cb0 f   ui_main.obj
 0001:00006df0       _UI_DrawServerMOTD         40007df0 f   ui_main.obj
 0001:00007000       _UI_DrawKeyBindStatus      40008000 f   ui_main.obj
 0001:000070a0       _UI_ParseGLConfig          400080a0 f   ui_main.obj
 0001:00007130       _UI_OwnerDraw              40008130 f   ui_main.obj
 0001:00007ab0       _UI_Handicap_HandleKey     40008ab0 f   ui_main.obj
 0001:00007b50       _UI_Effects_HandleKey      40008b50 f   ui_main.obj
 0001:00007bc0       _UI_ClanName_HandleKey     40008bc0 f   ui_main.obj
 0001:00007c60       _UI_TeamName_HandleKey     40008c60 f   ui_main.obj
 0001:00007cf0       _UI_TeamMember_HandleKey   40008cf0 f   ui_main.obj
 0001:00007d80       _UI_OpponentName_HandleKey 40008d80 f   ui_main.obj
 0001:00007dc0       _UI_BotName_HandleKey      40008dc0 f   ui_main.obj
 0001:00007e20       _UI_RedBlue_HandleKey      40008e20 f   ui_main.obj
 0001:00007e50       _UI_Crosshair_HandleKey    40008e50 f   ui_main.obj
 0001:00007ec0       _UI_SelectedPlayer_HandleKey 40008ec0 f   ui_main.obj
 0001:00007f70       _UI_GetValue               40008f70 f   ui_main.obj
 0001:00007f80       _UI_ServersQsortCompare    40008f80 f   ui_main.obj
 0001:00008040       _UI_LoadMods               40009040 f   ui_main.obj
 0001:00008120       _UI_LoadProfiles           40009120 f   ui_main.obj
 0001:00008350       _UI_DelSavegame            40009350 f   ui_main.obj
 0001:000083d0       _UI_LoadSavegames          400093d0 f   ui_main.obj
 0001:000084d0       _UI_LoadMovies             400094d0 f   ui_main.obj
 0001:00008590       _UI_LoadDemos              40009590 f   ui_main.obj
 0001:000089d0       _UI_MapCountByGameType     400099d0 f   ui_main.obj
 0001:00008a50       _UI_CampaignCount          40009a50 f   ui_main.obj
 0001:00008a80       _UI_InsertServerIntoDisplayList 40009a80 f   ui_main.obj
 0001:00008ac0       _UI_RemoveServerFromDisplayList 40009ac0 f   ui_main.obj
 0001:00008b10       _UI_BinaryServerInsertion  40009b10 f   ui_main.obj
 0001:00008bb0       _UI_BuildServerDisplayList 40009bb0 f   ui_main.obj
 0001:000091d0       _UI_SortServerStatusInfo   4000a1d0 f   ui_main.obj
 0001:000092c0       _UI_GetServerStatusInfo    4000a2c0 f   ui_main.obj
 0001:000096a0       _stristr                   4000a6a0 f   ui_main.obj
 0001:00009710       _UI_BuildServerStatus      4000a710 f   ui_main.obj
 0001:00009850       _UI_FeederCount            4000a850 f   ui_main.obj
 0001:00009a80       _UI_SelectedMap            4000aa80 f   ui_main.obj
 0001:00009b20       _UI_SelectedCampaign       4000ab20 f   ui_main.obj
 0001:00009b60       _UI_GetIndexFromSelection  4000ab60 f   ui_main.obj
 0001:00009b90       _UI_UpdatePendingPings     4000ab90 f   ui_main.obj
 0001:00009bc0       _UI_FileText               4000abc0 f   ui_main.obj
 0001:0000a520       _UI_FeederItemImage        4000b520 f   ui_main.obj
 0001:0000a770       _UI_FeederSelection        4000b770 f   ui_main.obj
 0001:0000af70       _GameType_Parse            4000bf70 f   ui_main.obj
 0001:0000b120       _UI_ParseGameInfo          4000c120 f   ui_main.obj
 0001:0000b1b0       _UI_Pause                  4000c1b0 f   ui_main.obj
 0001:0000b200       _UI_PlayCinematic          4000c200 f   ui_main.obj
 0001:0000b240       _UI_StopCinematic          4000c240 f   ui_main.obj
 0001:0000b310       _UI_DrawCinematic          4000c310 f   ui_main.obj
 0001:0000b350       _UI_RunCinematicFrame      4000c350 f   ui_main.obj
 0001:0000be60       _UI_StopServerRefresh      4000ce60 f   ui_main.obj
 0001:0000bec0       _UI_DoServerRefresh        4000cec0 f   ui_main.obj
 0001:0000bf60       _UI_StartServerRefresh     4000cf60 f   ui_main.obj
 0001:0000c340       _UI_GameType_HandleKey     4000d340 f   ui_main.obj
 0001:0000c430       _UI_NetFilter_HandleKey    4000d430 f   ui_main.obj
 0001:0000c490       _UI_OwnerDrawHandleKey     4000d490 f   ui_main.obj
 0001:0000c600       _UI_BuildFindPlayerList    4000d600 f   ui_main.obj
 0001:00011570       _hashForString             40012570 f   ui_shared.obj
 0001:00012b70       _UI_GetTeamColor           40013b70 f   ui_shared.obj
 0001:00012b70       _UI_FeederAddItem          40013b70 f   ui_shared.obj
 0001:00014840       _Scroll_Slider_ThumbFunc   40015840 f   ui_shared.obj
 0001:00014aa0       _Window_CloseCinematic     40015aa0 f   ui_shared.obj
 0001:00014ad0       _Menu_CloseCinematics      40015ad0 f   ui_shared.obj
 0001:00014b30       _Display_CloseCinematics   40015b30 f   ui_shared.obj
 0001:00014c40       _Item_CorrectedTextRect    40015c40 f   ui_shared.obj
 0001:000187f0       _Window_CacheContents      400197f0 f   ui_shared.obj
 0001:00018830       _Item_CacheContents        40019830 f   ui_shared.obj
 0001:00018840       _Menu_CacheContents        40019840 f   ui_shared.obj
 0001:000188d0       _Menu_OverActiveItem       400198d0 f   ui_shared.obj
 0001:00019180       _Menu_RunCloseScript       4001a180 f   ui_shared.obj
 0001:0001a6a0       _Scroll_ListBox_AutoFunc   4001b6a0 f   ui_shared.obj
 0001:0001a710       _Scroll_ListBox_ThumbFunc  4001b710 f   ui_shared.obj
 0001:0001fae0       _shortsort                 40020ae0 f   LIBCMT:qsort.obj
 0001:00020080       _doexit                    40021080 f   LIBCMT:crt0dat.obj
 0001:0002037d       ___DllMainCRTStartup       4002137d f   LIBCMT:dllcrt0.obj
 0001:00020560       ?strtoxl@@YAKPAUlocaleinfo_struct@@PBDPAPBDHH@Z 40021560 f   LIBCMT:strtol.obj
 0001:00020e06       __shift                    40021e06 f   LIBCMT:cvt.obj
 0001:00020e4b       __cftoe2_l                 40021e4b f   LIBCMT:cvt.obj
 0001:00021409       __cftof2_l                 40022409 f   LIBCMT:cvt.obj
 0001:000217b0       ?CPtoLCID@@YAHH@Z          400227b0 f   LIBCMT:mbctype.obj
 0001:000217df       ?setSBCS@@YAXPAUthreadmbcinfostruct@@@Z 400227df f   LIBCMT:mbctype.obj
 0001:00021843       ?setSBUpLow@@YAXPAUthreadmbcinfostruct@@@Z 40022843 f   LIBCMT:mbctype.obj
 0001:00021a77       ?getSystemCP@@YAHH@Z       40022a77 f   LIBCMT:mbctype.obj
 0001:000221ed       ?__crtLCMapStringA_stat@@YAHPAUlocaleinfo_struct@@KKPBDHPADHHH@Z 400231ed f   LIBCMT:a_map.obj
 0001:00023030       _write_char                40024030 f   LIBCMT:output.obj
 0001:00023063       _write_string              40024063 f   LIBCMT:output.obj
 0001:00025103       _siglookup                 40026103 f   LIBCMT:winsig.obj
 0001:0002533f       __onexit_nolock            4002633f f   LIBCMT:onexit.obj
 0001:00025eaa       _parse_cmdline             40026eaa f   LIBCMT:stdargv.obj
 0001:00026b07       ?__crtGetStringTypeA_stat@@YAHPAUlocaleinfo_struct@@KPBDHPAGHHH@Z 40027b07 f   LIBCMT:a_str.obj
 0001:00029990       __unwind_handler4          4002a990 f   LIBCMT:exsup4.obj
 0001:00029eec       ?x_ismbbtype_l@@YAHPAUlocaleinfo_struct@@IHH@Z 4002aeec f   LIBCMT:ismbbyte.obj
 0001:0002a84f       __hw_cw                    4002b84f f   LIBCMT:_ieee87_.obj
 0001:0002a8dd       ___hw_cw_sse2              4002b8dd f   LIBCMT:_ieee87_.obj
 0001:0002b102       _flsall                    4002c102 f   LIBCMT:fflush.obj
 0001:0002b210       __unwind_handler           4002c210 f   LIBCMT:exsup.obj
